Command line invocation:
    /Applications/Xcode.app/Contents/Developer/usr/bin/xcodebuild test -scheme M4-Besigue -destination "platform=iOS Simulator,id=B3976291-71CA-4027-A81D-691420979382"

ComputePackagePrebuildTargetDependencyGraph

Prepare packages

CreateBuildRequest

SendProjectDescription

CreateBuildOperation

ComputeTargetDependencyGraph
note: Building targets in dependency order
note: Target dependency graph (3 targets)
    Target 'M4-BesigueUITests' in project 'M4-Besigue'
        ➜ Explicit dependency on target 'M4-Besigue' in project 'M4-Besigue'
    Target 'M4-BesigueTests' in project 'M4-Besigue'
        ➜ Explicit dependency on target 'M4-Besigue' in project 'M4-Besigue'
    Target 'M4-Besigue' in project 'M4-Besigue' (no dependencies)

GatherProvisioningInputs

CreateBuildDescription

ExecuteExternalTool /Applications/Xcode.app/Contents/Developer/Toolchains/XcodeDefault.xctoolchain/usr/bin/swiftc --version

ExecuteExternalTool /Applications/Xcode.app/Contents/Developer/usr/bin/momc --dry-run --action generate --swift-version 5.0 --sdkroot /Applications/Xcode.app/Contents/Developer/Platforms/iPhoneSimulator.platform/Developer/SDKs/iPhoneSimulator18.5.sdk --iphonesimulator-deployment-target 18.5 --module M4_Besigue /Users/paulfaustin/Documents/My Docs/My Working/M4/M4-Besigue/M4-Besigue/M4_Besigue.xcdatamodeld /Users/paulfaustin/Library/Developer/Xcode/DerivedData/M4-Besigue-eikqqirvrspelwbaehlhymzomkfp/Build/Intermediates.noindex/M4-Besigue.build/Debug-iphonesimulator/M4-Besigue.build/DerivedSources/CoreDataGenerated/M4_Besigue

ExecuteExternalTool /Applications/Xcode.app/Contents/Developer/Toolchains/XcodeDefault.xctoolchain/usr/bin/clang -v -E -dM -isysroot /Applications/Xcode.app/Contents/Developer/Platforms/iPhoneSimulator.platform/Developer/SDKs/iPhoneSimulator18.5.sdk -x c -c /dev/null

ExecuteExternalTool /Applications/Xcode.app/Contents/Developer/usr/bin/actool --print-asset-tag-combinations --output-format xml1 /Users/paulfaustin/Documents/My Docs/My Working/M4/M4-Besigue/M4-Besigue/Assets.xcassets

ExecuteExternalTool /Applications/Xcode.app/Contents/Developer/usr/bin/actool --version --output-format xml1

ExecuteExternalTool /Applications/Xcode.app/Contents/Developer/Toolchains/XcodeDefault.xctoolchain/usr/bin/ld -version_details

Build description signature: 46ae5c52173f7192a336e8b9b055eb0d
Build description path: /Users/paulfaustin/Library/Developer/Xcode/DerivedData/M4-Besigue-eikqqirvrspelwbaehlhymzomkfp/Build/Intermediates.noindex/XCBuildData/46ae5c52173f7192a336e8b9b055eb0d.xcbuilddata
ClangStatCache /Applications/Xcode.app/Contents/Developer/Toolchains/XcodeDefault.xctoolchain/usr/bin/clang-stat-cache /Applications/Xcode.app/Contents/Developer/Platforms/iPhoneSimulator.platform/Developer/SDKs/iPhoneSimulator18.5.sdk /Users/paulfaustin/Library/Developer/Xcode/DerivedData/SDKStatCaches.noindex/iphonesimulator18.5-22F76-d5fc8ad4295d2ef488fb7d0f804ce0c4.sdkstatcache
    cd /Users/paulfaustin/Documents/My\ Docs/My\ Working/M4/M4-Besigue/M4-Besigue.xcodeproj
    /Applications/Xcode.app/Contents/Developer/Toolchains/XcodeDefault.xctoolchain/usr/bin/clang-stat-cache /Applications/Xcode.app/Contents/Developer/Platforms/iPhoneSimulator.platform/Developer/SDKs/iPhoneSimulator18.5.sdk -o /Users/paulfaustin/Library/Developer/Xcode/DerivedData/SDKStatCaches.noindex/iphonesimulator18.5-22F76-d5fc8ad4295d2ef488fb7d0f804ce0c4.sdkstatcache

WriteAuxiliaryFile /Users/paulfaustin/Library/Developer/Xcode/DerivedData/M4-Besigue-eikqqirvrspelwbaehlhymzomkfp/Build/Intermediates.noindex/M4-Besigue.build/Debug-iphonesimulator/M4-BesigueUITests.build/ProductTypeInfoPlistAdditions.plist (in target 'M4-BesigueUITests' from project 'M4-Besigue')
    cd /Users/paulfaustin/Documents/My\ Docs/My\ Working/M4/M4-Besigue
    write-file /Users/paulfaustin/Library/Developer/Xcode/DerivedData/M4-Besigue-eikqqirvrspelwbaehlhymzomkfp/Build/Intermediates.noindex/M4-Besigue.build/Debug-iphonesimulator/M4-BesigueUITests.build/ProductTypeInfoPlistAdditions.plist

WriteAuxiliaryFile /Users/paulfaustin/Library/Developer/Xcode/DerivedData/M4-Besigue-eikqqirvrspelwbaehlhymzomkfp/Build/Intermediates.noindex/M4-Besigue.build/Debug-iphonesimulator/M4-BesigueUITests.build/Objects-normal/arm64/M4-BesigueUITests.SwiftFileList (in target 'M4-BesigueUITests' from project 'M4-Besigue')
    cd /Users/paulfaustin/Documents/My\ Docs/My\ Working/M4/M4-Besigue
    write-file /Users/paulfaustin/Library/Developer/Xcode/DerivedData/M4-Besigue-eikqqirvrspelwbaehlhymzomkfp/Build/Intermediates.noindex/M4-Besigue.build/Debug-iphonesimulator/M4-BesigueUITests.build/Objects-normal/arm64/M4-BesigueUITests.SwiftFileList

WriteAuxiliaryFile /Users/paulfaustin/Library/Developer/Xcode/DerivedData/M4-Besigue-eikqqirvrspelwbaehlhymzomkfp/Build/Intermediates.noindex/M4-Besigue.build/Debug-iphonesimulator/M4-BesigueUITests.build/Objects-normal/arm64/M4-BesigueUITests.SwiftConstValuesFileList (in target 'M4-BesigueUITests' from project 'M4-Besigue')
    cd /Users/paulfaustin/Documents/My\ Docs/My\ Working/M4/M4-Besigue
    write-file /Users/paulfaustin/Library/Developer/Xcode/DerivedData/M4-Besigue-eikqqirvrspelwbaehlhymzomkfp/Build/Intermediates.noindex/M4-Besigue.build/Debug-iphonesimulator/M4-BesigueUITests.build/Objects-normal/arm64/M4-BesigueUITests.SwiftConstValuesFileList

WriteAuxiliaryFile /Users/paulfaustin/Library/Developer/Xcode/DerivedData/M4-Besigue-eikqqirvrspelwbaehlhymzomkfp/Build/Intermediates.noindex/M4-Besigue.build/Debug-iphonesimulator/M4-BesigueUITests.build/Objects-normal/arm64/M4-BesigueUITests.LinkFileList (in target 'M4-BesigueUITests' from project 'M4-Besigue')
    cd /Users/paulfaustin/Documents/My\ Docs/My\ Working/M4/M4-Besigue
    write-file /Users/paulfaustin/Library/Developer/Xcode/DerivedData/M4-Besigue-eikqqirvrspelwbaehlhymzomkfp/Build/Intermediates.noindex/M4-Besigue.build/Debug-iphonesimulator/M4-BesigueUITests.build/Objects-normal/arm64/M4-BesigueUITests.LinkFileList

WriteAuxiliaryFile /Users/paulfaustin/Library/Developer/Xcode/DerivedData/M4-Besigue-eikqqirvrspelwbaehlhymzomkfp/Build/Intermediates.noindex/M4-Besigue.build/Debug-iphonesimulator/M4-BesigueUITests.build/Objects-normal/arm64/M4-BesigueUITests-OutputFileMap.json (in target 'M4-BesigueUITests' from project 'M4-Besigue')
    cd /Users/paulfaustin/Documents/My\ Docs/My\ Working/M4/M4-Besigue
    write-file /Users/paulfaustin/Library/Developer/Xcode/DerivedData/M4-Besigue-eikqqirvrspelwbaehlhymzomkfp/Build/Intermediates.noindex/M4-Besigue.build/Debug-iphonesimulator/M4-BesigueUITests.build/Objects-normal/arm64/M4-BesigueUITests-OutputFileMap.json

WriteAuxiliaryFile /Users/paulfaustin/Library/Developer/Xcode/DerivedData/M4-Besigue-eikqqirvrspelwbaehlhymzomkfp/Build/Intermediates.noindex/M4-Besigue.build/Debug-iphonesimulator/M4-BesigueUITests.build/M4-BesigueUITests.hmap (in target 'M4-BesigueUITests' from project 'M4-Besigue')
    cd /Users/paulfaustin/Documents/My\ Docs/My\ Working/M4/M4-Besigue
    write-file /Users/paulfaustin/Library/Developer/Xcode/DerivedData/M4-Besigue-eikqqirvrspelwbaehlhymzomkfp/Build/Intermediates.noindex/M4-Besigue.build/Debug-iphonesimulator/M4-BesigueUITests.build/M4-BesigueUITests.hmap

WriteAuxiliaryFile /Users/paulfaustin/Library/Developer/Xcode/DerivedData/M4-Besigue-eikqqirvrspelwbaehlhymzomkfp/Build/Intermediates.noindex/M4-Besigue.build/Debug-iphonesimulator/M4-BesigueUITests.build/Objects-normal/arm64/M4-BesigueUITests_const_extract_protocols.json (in target 'M4-BesigueUITests' from project 'M4-Besigue')
    cd /Users/paulfaustin/Documents/My\ Docs/My\ Working/M4/M4-Besigue
    write-file /Users/paulfaustin/Library/Developer/Xcode/DerivedData/M4-Besigue-eikqqirvrspelwbaehlhymzomkfp/Build/Intermediates.noindex/M4-Besigue.build/Debug-iphonesimulator/M4-BesigueUITests.build/Objects-normal/arm64/M4-BesigueUITests_const_extract_protocols.json

WriteAuxiliaryFile /Users/paulfaustin/Library/Developer/Xcode/DerivedData/M4-Besigue-eikqqirvrspelwbaehlhymzomkfp/Build/Intermediates.noindex/M4-Besigue.build/Debug-iphonesimulator/M4-BesigueUITests.build/M4-BesigueUITests.DependencyStaticMetadataFileList (in target 'M4-BesigueUITests' from project 'M4-Besigue')
    cd /Users/paulfaustin/Documents/My\ Docs/My\ Working/M4/M4-Besigue
    write-file /Users/paulfaustin/Library/Developer/Xcode/DerivedData/M4-Besigue-eikqqirvrspelwbaehlhymzomkfp/Build/Intermediates.noindex/M4-Besigue.build/Debug-iphonesimulator/M4-BesigueUITests.build/M4-BesigueUITests.DependencyStaticMetadataFileList

WriteAuxiliaryFile /Users/paulfaustin/Library/Developer/Xcode/DerivedData/M4-Besigue-eikqqirvrspelwbaehlhymzomkfp/Build/Intermediates.noindex/M4-Besigue.build/Debug-iphonesimulator/M4-BesigueUITests.build/M4-BesigueUITests.DependencyMetadataFileList (in target 'M4-BesigueUITests' from project 'M4-Besigue')
    cd /Users/paulfaustin/Documents/My\ Docs/My\ Working/M4/M4-Besigue
    write-file /Users/paulfaustin/Library/Developer/Xcode/DerivedData/M4-Besigue-eikqqirvrspelwbaehlhymzomkfp/Build/Intermediates.noindex/M4-Besigue.build/Debug-iphonesimulator/M4-BesigueUITests.build/M4-BesigueUITests.DependencyMetadataFileList

WriteAuxiliaryFile /Users/paulfaustin/Library/Developer/Xcode/DerivedData/M4-Besigue-eikqqirvrspelwbaehlhymzomkfp/Build/Intermediates.noindex/M4-Besigue.build/Debug-iphonesimulator/M4-BesigueUITests.build/M4-BesigueUITests-project-headers.hmap (in target 'M4-BesigueUITests' from project 'M4-Besigue')
    cd /Users/paulfaustin/Documents/My\ Docs/My\ Working/M4/M4-Besigue
    write-file /Users/paulfaustin/Library/Developer/Xcode/DerivedData/M4-Besigue-eikqqirvrspelwbaehlhymzomkfp/Build/Intermediates.noindex/M4-Besigue.build/Debug-iphonesimulator/M4-BesigueUITests.build/M4-BesigueUITests-project-headers.hmap

WriteAuxiliaryFile /Users/paulfaustin/Library/Developer/Xcode/DerivedData/M4-Besigue-eikqqirvrspelwbaehlhymzomkfp/Build/Intermediates.noindex/M4-Besigue.build/Debug-iphonesimulator/M4-BesigueUITests.build/M4-BesigueUITests-own-target-headers.hmap (in target 'M4-BesigueUITests' from project 'M4-Besigue')
    cd /Users/paulfaustin/Documents/My\ Docs/My\ Working/M4/M4-Besigue
    write-file /Users/paulfaustin/Library/Developer/Xcode/DerivedData/M4-Besigue-eikqqirvrspelwbaehlhymzomkfp/Build/Intermediates.noindex/M4-Besigue.build/Debug-iphonesimulator/M4-BesigueUITests.build/M4-BesigueUITests-own-target-headers.hmap

WriteAuxiliaryFile /Users/paulfaustin/Library/Developer/Xcode/DerivedData/M4-Besigue-eikqqirvrspelwbaehlhymzomkfp/Build/Intermediates.noindex/M4-Besigue.build/Debug-iphonesimulator/M4-BesigueUITests.build/M4-BesigueUITests-generated-files.hmap (in target 'M4-BesigueUITests' from project 'M4-Besigue')
    cd /Users/paulfaustin/Documents/My\ Docs/My\ Working/M4/M4-Besigue
    write-file /Users/paulfaustin/Library/Developer/Xcode/DerivedData/M4-Besigue-eikqqirvrspelwbaehlhymzomkfp/Build/Intermediates.noindex/M4-Besigue.build/Debug-iphonesimulator/M4-BesigueUITests.build/M4-BesigueUITests-generated-files.hmap

WriteAuxiliaryFile /Users/paulfaustin/Library/Developer/Xcode/DerivedData/M4-Besigue-eikqqirvrspelwbaehlhymzomkfp/Build/Intermediates.noindex/M4-Besigue.build/Debug-iphonesimulator/M4-BesigueUITests.build/M4-BesigueUITests-all-target-headers.hmap (in target 'M4-BesigueUITests' from project 'M4-Besigue')
    cd /Users/paulfaustin/Documents/My\ Docs/My\ Working/M4/M4-Besigue
    write-file /Users/paulfaustin/Library/Developer/Xcode/DerivedData/M4-Besigue-eikqqirvrspelwbaehlhymzomkfp/Build/Intermediates.noindex/M4-Besigue.build/Debug-iphonesimulator/M4-BesigueUITests.build/M4-BesigueUITests-all-target-headers.hmap

WriteAuxiliaryFile /Users/paulfaustin/Library/Developer/Xcode/DerivedData/M4-Besigue-eikqqirvrspelwbaehlhymzomkfp/Build/Intermediates.noindex/M4-Besigue.build/Debug-iphonesimulator/M4-BesigueUITests.build/M4-BesigueUITests-all-non-framework-target-headers.hmap (in target 'M4-BesigueUITests' from project 'M4-Besigue')
    cd /Users/paulfaustin/Documents/My\ Docs/My\ Working/M4/M4-Besigue
    write-file /Users/paulfaustin/Library/Developer/Xcode/DerivedData/M4-Besigue-eikqqirvrspelwbaehlhymzomkfp/Build/Intermediates.noindex/M4-Besigue.build/Debug-iphonesimulator/M4-BesigueUITests.build/M4-BesigueUITests-all-non-framework-target-headers.hmap

WriteAuxiliaryFile /Users/paulfaustin/Library/Developer/Xcode/DerivedData/M4-Besigue-eikqqirvrspelwbaehlhymzomkfp/Build/Intermediates.noindex/M4-Besigue.build/Debug-iphonesimulator/M4-BesigueTests.build/Objects-normal/arm64/M4-BesigueTests_const_extract_protocols.json (in target 'M4-BesigueTests' from project 'M4-Besigue')
    cd /Users/paulfaustin/Documents/My\ Docs/My\ Working/M4/M4-Besigue
    write-file /Users/paulfaustin/Library/Developer/Xcode/DerivedData/M4-Besigue-eikqqirvrspelwbaehlhymzomkfp/Build/Intermediates.noindex/M4-Besigue.build/Debug-iphonesimulator/M4-BesigueTests.build/Objects-normal/arm64/M4-BesigueTests_const_extract_protocols.json

WriteAuxiliaryFile /Users/paulfaustin/Library/Developer/Xcode/DerivedData/M4-Besigue-eikqqirvrspelwbaehlhymzomkfp/Build/Intermediates.noindex/M4-Besigue.build/Debug-iphonesimulator/M4-BesigueUITests.build/DerivedSources/Entitlements-Simulated.plist (in target 'M4-BesigueUITests' from project 'M4-Besigue')
    cd /Users/paulfaustin/Documents/My\ Docs/My\ Working/M4/M4-Besigue
    write-file /Users/paulfaustin/Library/Developer/Xcode/DerivedData/M4-Besigue-eikqqirvrspelwbaehlhymzomkfp/Build/Intermediates.noindex/M4-Besigue.build/Debug-iphonesimulator/M4-BesigueUITests.build/DerivedSources/Entitlements-Simulated.plist

WriteAuxiliaryFile /Users/paulfaustin/Library/Developer/Xcode/DerivedData/M4-Besigue-eikqqirvrspelwbaehlhymzomkfp/Build/Intermediates.noindex/M4-Besigue.build/Debug-iphonesimulator/M4-BesigueTests.build/Objects-normal/arm64/M4-BesigueTests.SwiftFileList (in target 'M4-BesigueTests' from project 'M4-Besigue')
    cd /Users/paulfaustin/Documents/My\ Docs/My\ Working/M4/M4-Besigue
    write-file /Users/paulfaustin/Library/Developer/Xcode/DerivedData/M4-Besigue-eikqqirvrspelwbaehlhymzomkfp/Build/Intermediates.noindex/M4-Besigue.build/Debug-iphonesimulator/M4-BesigueTests.build/Objects-normal/arm64/M4-BesigueTests.SwiftFileList

WriteAuxiliaryFile /Users/paulfaustin/Library/Developer/Xcode/DerivedData/M4-Besigue-eikqqirvrspelwbaehlhymzomkfp/Build/Intermediates.noindex/M4-Besigue.build/Debug-iphonesimulator/M4-BesigueTests.build/Objects-normal/arm64/M4-BesigueTests.SwiftConstValuesFileList (in target 'M4-BesigueTests' from project 'M4-Besigue')
    cd /Users/paulfaustin/Documents/My\ Docs/My\ Working/M4/M4-Besigue
    write-file /Users/paulfaustin/Library/Developer/Xcode/DerivedData/M4-Besigue-eikqqirvrspelwbaehlhymzomkfp/Build/Intermediates.noindex/M4-Besigue.build/Debug-iphonesimulator/M4-BesigueTests.build/Objects-normal/arm64/M4-BesigueTests.SwiftConstValuesFileList

WriteAuxiliaryFile /Users/paulfaustin/Library/Developer/Xcode/DerivedData/M4-Besigue-eikqqirvrspelwbaehlhymzomkfp/Build/Intermediates.noindex/M4-Besigue.build/Debug-iphonesimulator/M4-BesigueTests.build/Objects-normal/arm64/M4-BesigueTests.LinkFileList (in target 'M4-BesigueTests' from project 'M4-Besigue')
    cd /Users/paulfaustin/Documents/My\ Docs/My\ Working/M4/M4-Besigue
    write-file /Users/paulfaustin/Library/Developer/Xcode/DerivedData/M4-Besigue-eikqqirvrspelwbaehlhymzomkfp/Build/Intermediates.noindex/M4-Besigue.build/Debug-iphonesimulator/M4-BesigueTests.build/Objects-normal/arm64/M4-BesigueTests.LinkFileList

WriteAuxiliaryFile /Users/paulfaustin/Library/Developer/Xcode/DerivedData/M4-Besigue-eikqqirvrspelwbaehlhymzomkfp/Build/Intermediates.noindex/M4-Besigue.build/Debug-iphonesimulator/M4-BesigueTests.build/Objects-normal/arm64/M4-BesigueTests-OutputFileMap.json (in target 'M4-BesigueTests' from project 'M4-Besigue')
    cd /Users/paulfaustin/Documents/My\ Docs/My\ Working/M4/M4-Besigue
    write-file /Users/paulfaustin/Library/Developer/Xcode/DerivedData/M4-Besigue-eikqqirvrspelwbaehlhymzomkfp/Build/Intermediates.noindex/M4-Besigue.build/Debug-iphonesimulator/M4-BesigueTests.build/Objects-normal/arm64/M4-BesigueTests-OutputFileMap.json

WriteAuxiliaryFile /Users/paulfaustin/Library/Developer/Xcode/DerivedData/M4-Besigue-eikqqirvrspelwbaehlhymzomkfp/Build/Intermediates.noindex/M4-Besigue.build/Debug-iphonesimulator/M4-BesigueTests.build/M4-BesigueTests.hmap (in target 'M4-BesigueTests' from project 'M4-Besigue')
    cd /Users/paulfaustin/Documents/My\ Docs/My\ Working/M4/M4-Besigue
    write-file /Users/paulfaustin/Library/Developer/Xcode/DerivedData/M4-Besigue-eikqqirvrspelwbaehlhymzomkfp/Build/Intermediates.noindex/M4-Besigue.build/Debug-iphonesimulator/M4-BesigueTests.build/M4-BesigueTests.hmap

WriteAuxiliaryFile /Users/paulfaustin/Library/Developer/Xcode/DerivedData/M4-Besigue-eikqqirvrspelwbaehlhymzomkfp/Build/Intermediates.noindex/M4-Besigue.build/Debug-iphonesimulator/M4-BesigueTests.build/M4-BesigueTests.DependencyStaticMetadataFileList (in target 'M4-BesigueTests' from project 'M4-Besigue')
    cd /Users/paulfaustin/Documents/My\ Docs/My\ Working/M4/M4-Besigue
    write-file /Users/paulfaustin/Library/Developer/Xcode/DerivedData/M4-Besigue-eikqqirvrspelwbaehlhymzomkfp/Build/Intermediates.noindex/M4-Besigue.build/Debug-iphonesimulator/M4-BesigueTests.build/M4-BesigueTests.DependencyStaticMetadataFileList

WriteAuxiliaryFile /Users/paulfaustin/Library/Developer/Xcode/DerivedData/M4-Besigue-eikqqirvrspelwbaehlhymzomkfp/Build/Intermediates.noindex/M4-Besigue.build/Debug-iphonesimulator/M4-BesigueTests.build/M4-BesigueTests.DependencyMetadataFileList (in target 'M4-BesigueTests' from project 'M4-Besigue')
    cd /Users/paulfaustin/Documents/My\ Docs/My\ Working/M4/M4-Besigue
    write-file /Users/paulfaustin/Library/Developer/Xcode/DerivedData/M4-Besigue-eikqqirvrspelwbaehlhymzomkfp/Build/Intermediates.noindex/M4-Besigue.build/Debug-iphonesimulator/M4-BesigueTests.build/M4-BesigueTests.DependencyMetadataFileList

WriteAuxiliaryFile /Users/paulfaustin/Library/Developer/Xcode/DerivedData/M4-Besigue-eikqqirvrspelwbaehlhymzomkfp/Build/Intermediates.noindex/M4-Besigue.build/Debug-iphonesimulator/M4-BesigueTests.build/M4-BesigueTests-project-headers.hmap (in target 'M4-BesigueTests' from project 'M4-Besigue')
    cd /Users/paulfaustin/Documents/My\ Docs/My\ Working/M4/M4-Besigue
    write-file /Users/paulfaustin/Library/Developer/Xcode/DerivedData/M4-Besigue-eikqqirvrspelwbaehlhymzomkfp/Build/Intermediates.noindex/M4-Besigue.build/Debug-iphonesimulator/M4-BesigueTests.build/M4-BesigueTests-project-headers.hmap

WriteAuxiliaryFile /Users/paulfaustin/Library/Developer/Xcode/DerivedData/M4-Besigue-eikqqirvrspelwbaehlhymzomkfp/Build/Intermediates.noindex/M4-Besigue.build/Debug-iphonesimulator/M4-BesigueTests.build/M4-BesigueTests-own-target-headers.hmap (in target 'M4-BesigueTests' from project 'M4-Besigue')
    cd /Users/paulfaustin/Documents/My\ Docs/My\ Working/M4/M4-Besigue
    write-file /Users/paulfaustin/Library/Developer/Xcode/DerivedData/M4-Besigue-eikqqirvrspelwbaehlhymzomkfp/Build/Intermediates.noindex/M4-Besigue.build/Debug-iphonesimulator/M4-BesigueTests.build/M4-BesigueTests-own-target-headers.hmap

WriteAuxiliaryFile /Users/paulfaustin/Library/Developer/Xcode/DerivedData/M4-Besigue-eikqqirvrspelwbaehlhymzomkfp/Build/Intermediates.noindex/M4-Besigue.build/Debug-iphonesimulator/M4-BesigueTests.build/M4-BesigueTests-generated-files.hmap (in target 'M4-BesigueTests' from project 'M4-Besigue')
    cd /Users/paulfaustin/Documents/My\ Docs/My\ Working/M4/M4-Besigue
    write-file /Users/paulfaustin/Library/Developer/Xcode/DerivedData/M4-Besigue-eikqqirvrspelwbaehlhymzomkfp/Build/Intermediates.noindex/M4-Besigue.build/Debug-iphonesimulator/M4-BesigueTests.build/M4-BesigueTests-generated-files.hmap

WriteAuxiliaryFile /Users/paulfaustin/Library/Developer/Xcode/DerivedData/M4-Besigue-eikqqirvrspelwbaehlhymzomkfp/Build/Intermediates.noindex/M4-Besigue.build/Debug-iphonesimulator/M4-BesigueTests.build/M4-BesigueTests-all-target-headers.hmap (in target 'M4-BesigueTests' from project 'M4-Besigue')
    cd /Users/paulfaustin/Documents/My\ Docs/My\ Working/M4/M4-Besigue
    write-file /Users/paulfaustin/Library/Developer/Xcode/DerivedData/M4-Besigue-eikqqirvrspelwbaehlhymzomkfp/Build/Intermediates.noindex/M4-Besigue.build/Debug-iphonesimulator/M4-BesigueTests.build/M4-BesigueTests-all-target-headers.hmap

WriteAuxiliaryFile /Users/paulfaustin/Library/Developer/Xcode/DerivedData/M4-Besigue-eikqqirvrspelwbaehlhymzomkfp/Build/Intermediates.noindex/M4-Besigue.build/Debug-iphonesimulator/M4-BesigueTests.build/M4-BesigueTests-all-non-framework-target-headers.hmap (in target 'M4-BesigueTests' from project 'M4-Besigue')
    cd /Users/paulfaustin/Documents/My\ Docs/My\ Working/M4/M4-Besigue
    write-file /Users/paulfaustin/Library/Developer/Xcode/DerivedData/M4-Besigue-eikqqirvrspelwbaehlhymzomkfp/Build/Intermediates.noindex/M4-Besigue.build/Debug-iphonesimulator/M4-BesigueTests.build/M4-BesigueTests-all-non-framework-target-headers.hmap

WriteAuxiliaryFile /Users/paulfaustin/Library/Developer/Xcode/DerivedData/M4-Besigue-eikqqirvrspelwbaehlhymzomkfp/Build/Intermediates.noindex/M4-Besigue.build/Debug-iphonesimulator/M4-Besigue.build/Objects-normal/arm64/M4-Besigue.SwiftFileList (in target 'M4-Besigue' from project 'M4-Besigue')
    cd /Users/paulfaustin/Documents/My\ Docs/My\ Working/M4/M4-Besigue
    write-file /Users/paulfaustin/Library/Developer/Xcode/DerivedData/M4-Besigue-eikqqirvrspelwbaehlhymzomkfp/Build/Intermediates.noindex/M4-Besigue.build/Debug-iphonesimulator/M4-Besigue.build/Objects-normal/arm64/M4-Besigue.SwiftFileList

WriteAuxiliaryFile /Users/paulfaustin/Library/Developer/Xcode/DerivedData/M4-Besigue-eikqqirvrspelwbaehlhymzomkfp/Build/Intermediates.noindex/M4-Besigue.build/Debug-iphonesimulator/M4-Besigue.build/Objects-normal/arm64/M4-Besigue.SwiftConstValuesFileList (in target 'M4-Besigue' from project 'M4-Besigue')
    cd /Users/paulfaustin/Documents/My\ Docs/My\ Working/M4/M4-Besigue
    write-file /Users/paulfaustin/Library/Developer/Xcode/DerivedData/M4-Besigue-eikqqirvrspelwbaehlhymzomkfp/Build/Intermediates.noindex/M4-Besigue.build/Debug-iphonesimulator/M4-Besigue.build/Objects-normal/arm64/M4-Besigue.SwiftConstValuesFileList

WriteAuxiliaryFile /Users/paulfaustin/Library/Developer/Xcode/DerivedData/M4-Besigue-eikqqirvrspelwbaehlhymzomkfp/Build/Intermediates.noindex/M4-Besigue.build/Debug-iphonesimulator/M4-Besigue.build/Objects-normal/arm64/M4-Besigue.LinkFileList (in target 'M4-Besigue' from project 'M4-Besigue')
    cd /Users/paulfaustin/Documents/My\ Docs/My\ Working/M4/M4-Besigue
    write-file /Users/paulfaustin/Library/Developer/Xcode/DerivedData/M4-Besigue-eikqqirvrspelwbaehlhymzomkfp/Build/Intermediates.noindex/M4-Besigue.build/Debug-iphonesimulator/M4-Besigue.build/Objects-normal/arm64/M4-Besigue.LinkFileList

MkDir /Users/paulfaustin/Library/Developer/Xcode/DerivedData/M4-Besigue-eikqqirvrspelwbaehlhymzomkfp/Build/Products/Debug-iphonesimulator/M4-BesigueUITests-Runner.app/PlugIns/M4-BesigueUITests.xctest (in target 'M4-BesigueUITests' from project 'M4-Besigue')
    cd /Users/paulfaustin/Documents/My\ Docs/My\ Working/M4/M4-Besigue
    /bin/mkdir -p /Users/paulfaustin/Library/Developer/Xcode/DerivedData/M4-Besigue-eikqqirvrspelwbaehlhymzomkfp/Build/Products/Debug-iphonesimulator/M4-BesigueUITests-Runner.app/PlugIns/M4-BesigueUITests.xctest

MkDir /Users/paulfaustin/Library/Developer/Xcode/DerivedData/M4-Besigue-eikqqirvrspelwbaehlhymzomkfp/Build/Products/Debug-iphonesimulator/M4-Besigue.app/PlugIns (in target 'M4-Besigue' from project 'M4-Besigue')
    cd /Users/paulfaustin/Documents/My\ Docs/My\ Working/M4/M4-Besigue
    /bin/mkdir -p /Users/paulfaustin/Library/Developer/Xcode/DerivedData/M4-Besigue-eikqqirvrspelwbaehlhymzomkfp/Build/Products/Debug-iphonesimulator/M4-Besigue.app/PlugIns

MkDir /Users/paulfaustin/Library/Developer/Xcode/DerivedData/M4-Besigue-eikqqirvrspelwbaehlhymzomkfp/Build/Products/Debug-iphonesimulator/M4-Besigue.app/Frameworks (in target 'M4-Besigue' from project 'M4-Besigue')
    cd /Users/paulfaustin/Documents/My\ Docs/My\ Working/M4/M4-Besigue
    /bin/mkdir -p /Users/paulfaustin/Library/Developer/Xcode/DerivedData/M4-Besigue-eikqqirvrspelwbaehlhymzomkfp/Build/Products/Debug-iphonesimulator/M4-Besigue.app/Frameworks

MkDir /Users/paulfaustin/Library/Developer/Xcode/DerivedData/M4-Besigue-eikqqirvrspelwbaehlhymzomkfp/Build/Products/Debug-iphonesimulator/M4-Besigue.app/PlugIns/M4-BesigueTests.xctest (in target 'M4-BesigueTests' from project 'M4-Besigue')
    cd /Users/paulfaustin/Documents/My\ Docs/My\ Working/M4/M4-Besigue
    /bin/mkdir -p /Users/paulfaustin/Library/Developer/Xcode/DerivedData/M4-Besigue-eikqqirvrspelwbaehlhymzomkfp/Build/Products/Debug-iphonesimulator/M4-Besigue.app/PlugIns/M4-BesigueTests.xctest

ProcessProductPackaging /Users/paulfaustin/Documents/My\ Docs/My\ Working/M4/M4-Besigue/M4-Besigue/M4_Besigue.entitlements /Users/paulfaustin/Library/Developer/Xcode/DerivedData/M4-Besigue-eikqqirvrspelwbaehlhymzomkfp/Build/Intermediates.noindex/M4-Besigue.build/Debug-iphonesimulator/M4-Besigue.build/M4-Besigue.app.xcent (in target 'M4-Besigue' from project 'M4-Besigue')
    cd /Users/paulfaustin/Documents/My\ Docs/My\ Working/M4/M4-Besigue
    
    Entitlements:
    
    {
}
    
    builtin-productPackagingUtility /Users/paulfaustin/Documents/My\ Docs/My\ Working/M4/M4-Besigue/M4-Besigue/M4_Besigue.entitlements -entitlements -format xml -o /Users/paulfaustin/Library/Developer/Xcode/DerivedData/M4-Besigue-eikqqirvrspelwbaehlhymzomkfp/Build/Intermediates.noindex/M4-Besigue.build/Debug-iphonesimulator/M4-Besigue.build/M4-Besigue.app.xcent

ProcessProductPackaging /Users/paulfaustin/Documents/My\ Docs/My\ Working/M4/M4-Besigue/M4-Besigue/M4_Besigue.entitlements /Users/paulfaustin/Library/Developer/Xcode/DerivedData/M4-Besigue-eikqqirvrspelwbaehlhymzomkfp/Build/Intermediates.noindex/M4-Besigue.build/Debug-iphonesimulator/M4-Besigue.build/M4-Besigue.app-Simulated.xcent (in target 'M4-Besigue' from project 'M4-Besigue')
    cd /Users/paulfaustin/Documents/My\ Docs/My\ Working/M4/M4-Besigue
    
    Entitlements:
    
    {
    "application-identifier" = "3HMXL3X6K4.com.nivaron.m4besigue.M4-Besigue";
}
    
    builtin-productPackagingUtility /Users/paulfaustin/Documents/My\ Docs/My\ Working/M4/M4-Besigue/M4-Besigue/M4_Besigue.entitlements -entitlements -format xml -o /Users/paulfaustin/Library/Developer/Xcode/DerivedData/M4-Besigue-eikqqirvrspelwbaehlhymzomkfp/Build/Intermediates.noindex/M4-Besigue.build/Debug-iphonesimulator/M4-Besigue.build/M4-Besigue.app-Simulated.xcent

ProcessProductPackagingDER /Users/paulfaustin/Library/Developer/Xcode/DerivedData/M4-Besigue-eikqqirvrspelwbaehlhymzomkfp/Build/Intermediates.noindex/M4-Besigue.build/Debug-iphonesimulator/M4-Besigue.build/M4-Besigue.app.xcent /Users/paulfaustin/Library/Developer/Xcode/DerivedData/M4-Besigue-eikqqirvrspelwbaehlhymzomkfp/Build/Intermediates.noindex/M4-Besigue.build/Debug-iphonesimulator/M4-Besigue.build/M4-Besigue.app.xcent.der (in target 'M4-Besigue' from project 'M4-Besigue')
    cd /Users/paulfaustin/Documents/My\ Docs/My\ Working/M4/M4-Besigue
    /usr/bin/derq query -f xml -i /Users/paulfaustin/Library/Developer/Xcode/DerivedData/M4-Besigue-eikqqirvrspelwbaehlhymzomkfp/Build/Intermediates.noindex/M4-Besigue.build/Debug-iphonesimulator/M4-Besigue.build/M4-Besigue.app.xcent -o /Users/paulfaustin/Library/Developer/Xcode/DerivedData/M4-Besigue-eikqqirvrspelwbaehlhymzomkfp/Build/Intermediates.noindex/M4-Besigue.build/Debug-iphonesimulator/M4-Besigue.build/M4-Besigue.app.xcent.der --raw

ProcessProductPackagingDER /Users/paulfaustin/Library/Developer/Xcode/DerivedData/M4-Besigue-eikqqirvrspelwbaehlhymzomkfp/Build/Intermediates.noindex/M4-Besigue.build/Debug-iphonesimulator/M4-Besigue.build/M4-Besigue.app-Simulated.xcent /Users/paulfaustin/Library/Developer/Xcode/DerivedData/M4-Besigue-eikqqirvrspelwbaehlhymzomkfp/Build/Intermediates.noindex/M4-Besigue.build/Debug-iphonesimulator/M4-Besigue.build/M4-Besigue.app-Simulated.xcent.der (in target 'M4-Besigue' from project 'M4-Besigue')
    cd /Users/paulfaustin/Documents/My\ Docs/My\ Working/M4/M4-Besigue
    /usr/bin/derq query -f xml -i /Users/paulfaustin/Library/Developer/Xcode/DerivedData/M4-Besigue-eikqqirvrspelwbaehlhymzomkfp/Build/Intermediates.noindex/M4-Besigue.build/Debug-iphonesimulator/M4-Besigue.build/M4-Besigue.app-Simulated.xcent -o /Users/paulfaustin/Library/Developer/Xcode/DerivedData/M4-Besigue-eikqqirvrspelwbaehlhymzomkfp/Build/Intermediates.noindex/M4-Besigue.build/Debug-iphonesimulator/M4-Besigue.build/M4-Besigue.app-Simulated.xcent.der --raw

SwiftDriver M4-Besigue normal arm64 com.apple.xcode.tools.swift.compiler (in target 'M4-Besigue' from project 'M4-Besigue')
    cd /Users/paulfaustin/Documents/My\ Docs/My\ Working/M4/M4-Besigue
    builtin-SwiftDriver -- /Applications/Xcode.app/Contents/Developer/Toolchains/XcodeDefault.xctoolchain/usr/bin/swiftc -module-name M4_Besigue -Onone -enforce-exclusivity\=checked @/Users/paulfaustin/Library/Developer/Xcode/DerivedData/M4-Besigue-eikqqirvrspelwbaehlhymzomkfp/Build/Intermediates.noindex/M4-Besigue.build/Debug-iphonesimulator/M4-Besigue.build/Objects-normal/arm64/M4-Besigue.SwiftFileList -DDEBUG -enable-bare-slash-regex -enable-experimental-feature DebugDescriptionMacro -sdk /Applications/Xcode.app/Contents/Developer/Platforms/iPhoneSimulator.platform/Developer/SDKs/iPhoneSimulator18.5.sdk -target arm64-apple-ios18.5-simulator -g -module-cache-path /Users/paulfaustin/Library/Developer/Xcode/DerivedData/ModuleCache.noindex -Xfrontend -serialize-debugging-options -profile-coverage-mapping -profile-generate -enable-testing -index-store-path /Users/paulfaustin/Library/Developer/Xcode/DerivedData/M4-Besigue-eikqqirvrspelwbaehlhymzomkfp/Index.noindex/DataStore -swift-version 5 -I /Users/paulfaustin/Library/Developer/Xcode/DerivedData/M4-Besigue-eikqqirvrspelwbaehlhymzomkfp/Build/Products/Debug-iphonesimulator -F /Users/paulfaustin/Library/Developer/Xcode/DerivedData/M4-Besigue-eikqqirvrspelwbaehlhymzomkfp/Build/Products/Debug-iphonesimulator -emit-localized-strings -emit-localized-strings-path /Users/paulfaustin/Library/Developer/Xcode/DerivedData/M4-Besigue-eikqqirvrspelwbaehlhymzomkfp/Build/Intermediates.noindex/M4-Besigue.build/Debug-iphonesimulator/M4-Besigue.build/Objects-normal/arm64 -c -j8 -enable-batch-mode -incremental -Xcc -ivfsstatcache -Xcc /Users/paulfaustin/Library/Developer/Xcode/DerivedData/SDKStatCaches.noindex/iphonesimulator18.5-22F76-d5fc8ad4295d2ef488fb7d0f804ce0c4.sdkstatcache -output-file-map /Users/paulfaustin/Library/Developer/Xcode/DerivedData/M4-Besigue-eikqqirvrspelwbaehlhymzomkfp/Build/Intermediates.noindex/M4-Besigue.build/Debug-iphonesimulator/M4-Besigue.build/Objects-normal/arm64/M4-Besigue-OutputFileMap.json -use-frontend-parseable-output -save-temps -no-color-diagnostics -serialize-diagnostics -emit-dependencies -emit-module -emit-module-path /Users/paulfaustin/Library/Developer/Xcode/DerivedData/M4-Besigue-eikqqirvrspelwbaehlhymzomkfp/Build/Intermediates.noindex/M4-Besigue.build/Debug-iphonesimulator/M4-Besigue.build/Objects-normal/arm64/M4_Besigue.swiftmodule -validate-clang-modules-once -clang-build-session-file /Users/paulfaustin/Library/Developer/Xcode/DerivedData/ModuleCache.noindex/Session.modulevalidation -Xcc -I/Users/paulfaustin/Library/Developer/Xcode/DerivedData/M4-Besigue-eikqqirvrspelwbaehlhymzomkfp/Build/Intermediates.noindex/M4-Besigue.build/Debug-iphonesimulator/M4-Besigue.build/swift-overrides.hmap -emit-const-values -Xfrontend -const-gather-protocols-file -Xfrontend /Users/paulfaustin/Library/Developer/Xcode/DerivedData/M4-Besigue-eikqqirvrspelwbaehlhymzomkfp/Build/Intermediates.noindex/M4-Besigue.build/Debug-iphonesimulator/M4-Besigue.build/Objects-normal/arm64/M4-Besigue_const_extract_protocols.json -Xcc -iquote -Xcc /Users/paulfaustin/Library/Developer/Xcode/DerivedData/M4-Besigue-eikqqirvrspelwbaehlhymzomkfp/Build/Intermediates.noindex/M4-Besigue.build/Debug-iphonesimulator/M4-Besigue.build/M4-Besigue-generated-files.hmap -Xcc -I/Users/paulfaustin/Library/Developer/Xcode/DerivedData/M4-Besigue-eikqqirvrspelwbaehlhymzomkfp/Build/Intermediates.noindex/M4-Besigue.build/Debug-iphonesimulator/M4-Besigue.build/M4-Besigue-own-target-headers.hmap -Xcc -I/Users/paulfaustin/Library/Developer/Xcode/DerivedData/M4-Besigue-eikqqirvrspelwbaehlhymzomkfp/Build/Intermediates.noindex/M4-Besigue.build/Debug-iphonesimulator/M4-Besigue.build/M4-Besigue-all-target-headers.hmap -Xcc -iquote -Xcc /Users/paulfaustin/Library/Developer/Xcode/DerivedData/M4-Besigue-eikqqirvrspelwbaehlhymzomkfp/Build/Intermediates.noindex/M4-Besigue.build/Debug-iphonesimulator/M4-Besigue.build/M4-Besigue-project-headers.hmap -Xcc -I/Users/paulfaustin/Library/Developer/Xcode/DerivedData/M4-Besigue-eikqqirvrspelwbaehlhymzomkfp/Build/Products/Debug-iphonesimulator/include -Xcc -I/Users/paulfaustin/Library/Developer/Xcode/DerivedData/M4-Besigue-eikqqirvrspelwbaehlhymzomkfp/Build/Intermediates.noindex/M4-Besigue.build/Debug-iphonesimulator/M4-Besigue.build/DerivedSources-normal/arm64 -Xcc -I/Users/paulfaustin/Library/Developer/Xcode/DerivedData/M4-Besigue-eikqqirvrspelwbaehlhymzomkfp/Build/Intermediates.noindex/M4-Besigue.build/Debug-iphonesimulator/M4-Besigue.build/DerivedSources/arm64 -Xcc -I/Users/paulfaustin/Library/Developer/Xcode/DerivedData/M4-Besigue-eikqqirvrspelwbaehlhymzomkfp/Build/Intermediates.noindex/M4-Besigue.build/Debug-iphonesimulator/M4-Besigue.build/DerivedSources -Xcc -DDEBUG\=1 -emit-objc-header -emit-objc-header-path /Users/paulfaustin/Library/Developer/Xcode/DerivedData/M4-Besigue-eikqqirvrspelwbaehlhymzomkfp/Build/Intermediates.noindex/M4-Besigue.build/Debug-iphonesimulator/M4-Besigue.build/Objects-normal/arm64/M4_Besigue-Swift.h -working-directory /Users/paulfaustin/Documents/My\ Docs/My\ Working/M4/M4-Besigue -experimental-emit-module-separately -disable-cmo

Copy /Users/paulfaustin/Library/Developer/Xcode/DerivedData/M4-Besigue-eikqqirvrspelwbaehlhymzomkfp/Build/Products/Debug-iphonesimulator/M4-Besigue.app/Frameworks/libXCTestSwiftSupport.dylib /Applications/Xcode.app/Contents/Developer/Platforms/iPhoneSimulator.platform/Developer/usr/lib/libXCTestSwiftSupport.dylib (in target 'M4-Besigue' from project 'M4-Besigue')
    cd /Users/paulfaustin/Documents/My\ Docs/My\ Working/M4/M4-Besigue
    builtin-copy -exclude .DS_Store -exclude CVS -exclude .svn -exclude .git -exclude .hg -exclude Headers -exclude PrivateHeaders -exclude Modules -exclude \*.tbd -resolve-src-symlinks /Applications/Xcode.app/Contents/Developer/Platforms/iPhoneSimulator.platform/Developer/usr/lib/libXCTestSwiftSupport.dylib /Users/paulfaustin/Library/Developer/Xcode/DerivedData/M4-Besigue-eikqqirvrspelwbaehlhymzomkfp/Build/Products/Debug-iphonesimulator/M4-Besigue.app/Frameworks

Copy /Users/paulfaustin/Library/Developer/Xcode/DerivedData/M4-Besigue-eikqqirvrspelwbaehlhymzomkfp/Build/Products/Debug-iphonesimulator/M4-Besigue.app/Frameworks/libXCTestBundleInject.dylib /Applications/Xcode.app/Contents/Developer/Platforms/iPhoneSimulator.platform/Developer/usr/lib/libXCTestBundleInject.dylib (in target 'M4-Besigue' from project 'M4-Besigue')
    cd /Users/paulfaustin/Documents/My\ Docs/My\ Working/M4/M4-Besigue
    builtin-copy -exclude .DS_Store -exclude CVS -exclude .svn -exclude .git -exclude .hg -exclude Headers -exclude PrivateHeaders -exclude Modules -exclude \*.tbd -resolve-src-symlinks /Applications/Xcode.app/Contents/Developer/Platforms/iPhoneSimulator.platform/Developer/usr/lib/libXCTestBundleInject.dylib /Users/paulfaustin/Library/Developer/Xcode/DerivedData/M4-Besigue-eikqqirvrspelwbaehlhymzomkfp/Build/Products/Debug-iphonesimulator/M4-Besigue.app/Frameworks

Copy /Users/paulfaustin/Library/Developer/Xcode/DerivedData/M4-Besigue-eikqqirvrspelwbaehlhymzomkfp/Build/Products/Debug-iphonesimulator/M4-Besigue.app/Frameworks/XCUnit.framework /Applications/Xcode.app/Contents/Developer/Platforms/iPhoneSimulator.platform/Developer/Library/PrivateFrameworks/XCUnit.framework (in target 'M4-Besigue' from project 'M4-Besigue')
    cd /Users/paulfaustin/Documents/My\ Docs/My\ Working/M4/M4-Besigue
    builtin-copy -exclude .DS_Store -exclude CVS -exclude .svn -exclude .git -exclude .hg -exclude Headers -exclude PrivateHeaders -exclude Modules -exclude \*.tbd -resolve-src-symlinks /Applications/Xcode.app/Contents/Developer/Platforms/iPhoneSimulator.platform/Developer/Library/PrivateFrameworks/XCUnit.framework /Users/paulfaustin/Library/Developer/Xcode/DerivedData/M4-Besigue-eikqqirvrspelwbaehlhymzomkfp/Build/Products/Debug-iphonesimulator/M4-Besigue.app/Frameworks

Copy /Users/paulfaustin/Library/Developer/Xcode/DerivedData/M4-Besigue-eikqqirvrspelwbaehlhymzomkfp/Build/Products/Debug-iphonesimulator/M4-Besigue.app/Frameworks/XCUIAutomation.framework /Applications/Xcode.app/Contents/Developer/Platforms/iPhoneSimulator.platform/Developer/Library/Frameworks/XCUIAutomation.framework (in target 'M4-Besigue' from project 'M4-Besigue')
    cd /Users/paulfaustin/Documents/My\ Docs/My\ Working/M4/M4-Besigue
    builtin-copy -exclude .DS_Store -exclude CVS -exclude .svn -exclude .git -exclude .hg -exclude Headers -exclude PrivateHeaders -exclude Modules -exclude \*.tbd -resolve-src-symlinks /Applications/Xcode.app/Contents/Developer/Platforms/iPhoneSimulator.platform/Developer/Library/Frameworks/XCUIAutomation.framework /Users/paulfaustin/Library/Developer/Xcode/DerivedData/M4-Besigue-eikqqirvrspelwbaehlhymzomkfp/Build/Products/Debug-iphonesimulator/M4-Besigue.app/Frameworks

Copy /Users/paulfaustin/Library/Developer/Xcode/DerivedData/M4-Besigue-eikqqirvrspelwbaehlhymzomkfp/Build/Products/Debug-iphonesimulator/M4-Besigue.app/Frameworks/XCTestSupport.framework /Applications/Xcode.app/Contents/Developer/Platforms/iPhoneSimulator.platform/Developer/Library/PrivateFrameworks/XCTestSupport.framework (in target 'M4-Besigue' from project 'M4-Besigue')
    cd /Users/paulfaustin/Documents/My\ Docs/My\ Working/M4/M4-Besigue
    builtin-copy -exclude .DS_Store -exclude CVS -exclude .svn -exclude .git -exclude .hg -exclude Headers -exclude PrivateHeaders -exclude Modules -exclude \*.tbd -resolve-src-symlinks /Applications/Xcode.app/Contents/Developer/Platforms/iPhoneSimulator.platform/Developer/Library/PrivateFrameworks/XCTestSupport.framework /Users/paulfaustin/Library/Developer/Xcode/DerivedData/M4-Besigue-eikqqirvrspelwbaehlhymzomkfp/Build/Products/Debug-iphonesimulator/M4-Besigue.app/Frameworks

Copy /Users/paulfaustin/Library/Developer/Xcode/DerivedData/M4-Besigue-eikqqirvrspelwbaehlhymzomkfp/Build/Products/Debug-iphonesimulator/M4-Besigue.app/Frameworks/XCTestCore.framework /Applications/Xcode.app/Contents/Developer/Platforms/iPhoneSimulator.platform/Developer/Library/PrivateFrameworks/XCTestCore.framework (in target 'M4-Besigue' from project 'M4-Besigue')
    cd /Users/paulfaustin/Documents/My\ Docs/My\ Working/M4/M4-Besigue
    builtin-copy -exclude .DS_Store -exclude CVS -exclude .svn -exclude .git -exclude .hg -exclude Headers -exclude PrivateHeaders -exclude Modules -exclude \*.tbd -resolve-src-symlinks /Applications/Xcode.app/Contents/Developer/Platforms/iPhoneSimulator.platform/Developer/Library/PrivateFrameworks/XCTestCore.framework /Users/paulfaustin/Library/Developer/Xcode/DerivedData/M4-Besigue-eikqqirvrspelwbaehlhymzomkfp/Build/Products/Debug-iphonesimulator/M4-Besigue.app/Frameworks

Copy /Users/paulfaustin/Library/Developer/Xcode/DerivedData/M4-Besigue-eikqqirvrspelwbaehlhymzomkfp/Build/Products/Debug-iphonesimulator/M4-Besigue.app/Frameworks/XCTest.framework /Applications/Xcode.app/Contents/Developer/Platforms/iPhoneSimulator.platform/Developer/Library/Frameworks/XCTest.framework (in target 'M4-Besigue' from project 'M4-Besigue')
    cd /Users/paulfaustin/Documents/My\ Docs/My\ Working/M4/M4-Besigue
    builtin-copy -exclude .DS_Store -exclude CVS -exclude .svn -exclude .git -exclude .hg -exclude Headers -exclude PrivateHeaders -exclude Modules -exclude \*.tbd -resolve-src-symlinks /Applications/Xcode.app/Contents/Developer/Platforms/iPhoneSimulator.platform/Developer/Library/Frameworks/XCTest.framework /Users/paulfaustin/Library/Developer/Xcode/DerivedData/M4-Besigue-eikqqirvrspelwbaehlhymzomkfp/Build/Products/Debug-iphonesimulator/M4-Besigue.app/Frameworks

Copy /Users/paulfaustin/Library/Developer/Xcode/DerivedData/M4-Besigue-eikqqirvrspelwbaehlhymzomkfp/Build/Products/Debug-iphonesimulator/M4-Besigue.app/Frameworks/XCTAutomationSupport.framework /Applications/Xcode.app/Contents/Developer/Platforms/iPhoneSimulator.platform/Developer/Library/PrivateFrameworks/XCTAutomationSupport.framework (in target 'M4-Besigue' from project 'M4-Besigue')
    cd /Users/paulfaustin/Documents/My\ Docs/My\ Working/M4/M4-Besigue
    builtin-copy -exclude .DS_Store -exclude CVS -exclude .svn -exclude .git -exclude .hg -exclude Headers -exclude PrivateHeaders -exclude Modules -exclude \*.tbd -resolve-src-symlinks /Applications/Xcode.app/Contents/Developer/Platforms/iPhoneSimulator.platform/Developer/Library/PrivateFrameworks/XCTAutomationSupport.framework /Users/paulfaustin/Library/Developer/Xcode/DerivedData/M4-Besigue-eikqqirvrspelwbaehlhymzomkfp/Build/Products/Debug-iphonesimulator/M4-Besigue.app/Frameworks

Copy /Users/paulfaustin/Library/Developer/Xcode/DerivedData/M4-Besigue-eikqqirvrspelwbaehlhymzomkfp/Build/Products/Debug-iphonesimulator/M4-Besigue.app/Frameworks/Testing.framework /Applications/Xcode.app/Contents/Developer/Platforms/iPhoneSimulator.platform/Developer/Library/Frameworks/Testing.framework (in target 'M4-Besigue' from project 'M4-Besigue')
    cd /Users/paulfaustin/Documents/My\ Docs/My\ Working/M4/M4-Besigue
    builtin-copy -exclude .DS_Store -exclude CVS -exclude .svn -exclude .git -exclude .hg -exclude Headers -exclude PrivateHeaders -exclude Modules -exclude \*.tbd -resolve-src-symlinks /Applications/Xcode.app/Contents/Developer/Platforms/iPhoneSimulator.platform/Developer/Library/Frameworks/Testing.framework /Users/paulfaustin/Library/Developer/Xcode/DerivedData/M4-Besigue-eikqqirvrspelwbaehlhymzomkfp/Build/Products/Debug-iphonesimulator/M4-Besigue.app/Frameworks

ProcessInfoPlistFile /Users/paulfaustin/Library/Developer/Xcode/DerivedData/M4-Besigue-eikqqirvrspelwbaehlhymzomkfp/Build/Products/Debug-iphonesimulator/M4-Besigue.app/Info.plist /Users/paulfaustin/Documents/My\ Docs/My\ Working/M4/M4-Besigue/M4-Besigue/Info.plist (in target 'M4-Besigue' from project 'M4-Besigue')
    cd /Users/paulfaustin/Documents/My\ Docs/My\ Working/M4/M4-Besigue
    builtin-infoPlistUtility /Users/paulfaustin/Documents/My\ Docs/My\ Working/M4/M4-Besigue/M4-Besigue/Info.plist -producttype com.apple.product-type.application -genpkginfo /Users/paulfaustin/Library/Developer/Xcode/DerivedData/M4-Besigue-eikqqirvrspelwbaehlhymzomkfp/Build/Products/Debug-iphonesimulator/M4-Besigue.app/PkgInfo -expandbuildsettings -format binary -platform iphonesimulator -additionalcontentfile /Users/paulfaustin/Library/Developer/Xcode/DerivedData/M4-Besigue-eikqqirvrspelwbaehlhymzomkfp/Build/Intermediates.noindex/M4-Besigue.build/Debug-iphonesimulator/M4-Besigue.build/assetcatalog_generated_info.plist -o /Users/paulfaustin/Library/Developer/Xcode/DerivedData/M4-Besigue-eikqqirvrspelwbaehlhymzomkfp/Build/Products/Debug-iphonesimulator/M4-Besigue.app/Info.plist

SwiftDriver\ Compilation\ Requirements M4-Besigue normal arm64 com.apple.xcode.tools.swift.compiler (in target 'M4-Besigue' from project 'M4-Besigue')
    cd /Users/paulfaustin/Documents/My\ Docs/My\ Working/M4/M4-Besigue
    builtin-Swift-Compilation-Requirements -- /Applications/Xcode.app/Contents/Developer/Toolchains/XcodeDefault.xctoolchain/usr/bin/swiftc -module-name M4_Besigue -Onone -enforce-exclusivity\=checked @/Users/paulfaustin/Library/Developer/Xcode/DerivedData/M4-Besigue-eikqqirvrspelwbaehlhymzomkfp/Build/Intermediates.noindex/M4-Besigue.build/Debug-iphonesimulator/M4-Besigue.build/Objects-normal/arm64/M4-Besigue.SwiftFileList -DDEBUG -enable-bare-slash-regex -enable-experimental-feature DebugDescriptionMacro -sdk /Applications/Xcode.app/Contents/Developer/Platforms/iPhoneSimulator.platform/Developer/SDKs/iPhoneSimulator18.5.sdk -target arm64-apple-ios18.5-simulator -g -module-cache-path /Users/paulfaustin/Library/Developer/Xcode/DerivedData/ModuleCache.noindex -Xfrontend -serialize-debugging-options -profile-coverage-mapping -profile-generate -enable-testing -index-store-path /Users/paulfaustin/Library/Developer/Xcode/DerivedData/M4-Besigue-eikqqirvrspelwbaehlhymzomkfp/Index.noindex/DataStore -swift-version 5 -I /Users/paulfaustin/Library/Developer/Xcode/DerivedData/M4-Besigue-eikqqirvrspelwbaehlhymzomkfp/Build/Products/Debug-iphonesimulator -F /Users/paulfaustin/Library/Developer/Xcode/DerivedData/M4-Besigue-eikqqirvrspelwbaehlhymzomkfp/Build/Products/Debug-iphonesimulator -emit-localized-strings -emit-localized-strings-path /Users/paulfaustin/Library/Developer/Xcode/DerivedData/M4-Besigue-eikqqirvrspelwbaehlhymzomkfp/Build/Intermediates.noindex/M4-Besigue.build/Debug-iphonesimulator/M4-Besigue.build/Objects-normal/arm64 -c -j8 -enable-batch-mode -incremental -Xcc -ivfsstatcache -Xcc /Users/paulfaustin/Library/Developer/Xcode/DerivedData/SDKStatCaches.noindex/iphonesimulator18.5-22F76-d5fc8ad4295d2ef488fb7d0f804ce0c4.sdkstatcache -output-file-map /Users/paulfaustin/Library/Developer/Xcode/DerivedData/M4-Besigue-eikqqirvrspelwbaehlhymzomkfp/Build/Intermediates.noindex/M4-Besigue.build/Debug-iphonesimulator/M4-Besigue.build/Objects-normal/arm64/M4-Besigue-OutputFileMap.json -use-frontend-parseable-output -save-temps -no-color-diagnostics -serialize-diagnostics -emit-dependencies -emit-module -emit-module-path /Users/paulfaustin/Library/Developer/Xcode/DerivedData/M4-Besigue-eikqqirvrspelwbaehlhymzomkfp/Build/Intermediates.noindex/M4-Besigue.build/Debug-iphonesimulator/M4-Besigue.build/Objects-normal/arm64/M4_Besigue.swiftmodule -validate-clang-modules-once -clang-build-session-file /Users/paulfaustin/Library/Developer/Xcode/DerivedData/ModuleCache.noindex/Session.modulevalidation -Xcc -I/Users/paulfaustin/Library/Developer/Xcode/DerivedData/M4-Besigue-eikqqirvrspelwbaehlhymzomkfp/Build/Intermediates.noindex/M4-Besigue.build/Debug-iphonesimulator/M4-Besigue.build/swift-overrides.hmap -emit-const-values -Xfrontend -const-gather-protocols-file -Xfrontend /Users/paulfaustin/Library/Developer/Xcode/DerivedData/M4-Besigue-eikqqirvrspelwbaehlhymzomkfp/Build/Intermediates.noindex/M4-Besigue.build/Debug-iphonesimulator/M4-Besigue.build/Objects-normal/arm64/M4-Besigue_const_extract_protocols.json -Xcc -iquote -Xcc /Users/paulfaustin/Library/Developer/Xcode/DerivedData/M4-Besigue-eikqqirvrspelwbaehlhymzomkfp/Build/Intermediates.noindex/M4-Besigue.build/Debug-iphonesimulator/M4-Besigue.build/M4-Besigue-generated-files.hmap -Xcc -I/Users/paulfaustin/Library/Developer/Xcode/DerivedData/M4-Besigue-eikqqirvrspelwbaehlhymzomkfp/Build/Intermediates.noindex/M4-Besigue.build/Debug-iphonesimulator/M4-Besigue.build/M4-Besigue-own-target-headers.hmap -Xcc -I/Users/paulfaustin/Library/Developer/Xcode/DerivedData/M4-Besigue-eikqqirvrspelwbaehlhymzomkfp/Build/Intermediates.noindex/M4-Besigue.build/Debug-iphonesimulator/M4-Besigue.build/M4-Besigue-all-target-headers.hmap -Xcc -iquote -Xcc /Users/paulfaustin/Library/Developer/Xcode/DerivedData/M4-Besigue-eikqqirvrspelwbaehlhymzomkfp/Build/Intermediates.noindex/M4-Besigue.build/Debug-iphonesimulator/M4-Besigue.build/M4-Besigue-project-headers.hmap -Xcc -I/Users/paulfaustin/Library/Developer/Xcode/DerivedData/M4-Besigue-eikqqirvrspelwbaehlhymzomkfp/Build/Products/Debug-iphonesimulator/include -Xcc -I/Users/paulfaustin/Library/Developer/Xcode/DerivedData/M4-Besigue-eikqqirvrspelwbaehlhymzomkfp/Build/Intermediates.noindex/M4-Besigue.build/Debug-iphonesimulator/M4-Besigue.build/DerivedSources-normal/arm64 -Xcc -I/Users/paulfaustin/Library/Developer/Xcode/DerivedData/M4-Besigue-eikqqirvrspelwbaehlhymzomkfp/Build/Intermediates.noindex/M4-Besigue.build/Debug-iphonesimulator/M4-Besigue.build/DerivedSources/arm64 -Xcc -I/Users/paulfaustin/Library/Developer/Xcode/DerivedData/M4-Besigue-eikqqirvrspelwbaehlhymzomkfp/Build/Intermediates.noindex/M4-Besigue.build/Debug-iphonesimulator/M4-Besigue.build/DerivedSources -Xcc -DDEBUG\=1 -emit-objc-header -emit-objc-header-path /Users/paulfaustin/Library/Developer/Xcode/DerivedData/M4-Besigue-eikqqirvrspelwbaehlhymzomkfp/Build/Intermediates.noindex/M4-Besigue.build/Debug-iphonesimulator/M4-Besigue.build/Objects-normal/arm64/M4_Besigue-Swift.h -working-directory /Users/paulfaustin/Documents/My\ Docs/My\ Working/M4/M4-Besigue -experimental-emit-module-separately -disable-cmo

SwiftDriver\ Compilation M4-Besigue normal arm64 com.apple.xcode.tools.swift.compiler (in target 'M4-Besigue' from project 'M4-Besigue')
    cd /Users/paulfaustin/Documents/My\ Docs/My\ Working/M4/M4-Besigue
    builtin-Swift-Compilation -- /Applications/Xcode.app/Contents/Developer/Toolchains/XcodeDefault.xctoolchain/usr/bin/swiftc -module-name M4_Besigue -Onone -enforce-exclusivity\=checked @/Users/paulfaustin/Library/Developer/Xcode/DerivedData/M4-Besigue-eikqqirvrspelwbaehlhymzomkfp/Build/Intermediates.noindex/M4-Besigue.build/Debug-iphonesimulator/M4-Besigue.build/Objects-normal/arm64/M4-Besigue.SwiftFileList -DDEBUG -enable-bare-slash-regex -enable-experimental-feature DebugDescriptionMacro -sdk /Applications/Xcode.app/Contents/Developer/Platforms/iPhoneSimulator.platform/Developer/SDKs/iPhoneSimulator18.5.sdk -target arm64-apple-ios18.5-simulator -g -module-cache-path /Users/paulfaustin/Library/Developer/Xcode/DerivedData/ModuleCache.noindex -Xfrontend -serialize-debugging-options -profile-coverage-mapping -profile-generate -enable-testing -index-store-path /Users/paulfaustin/Library/Developer/Xcode/DerivedData/M4-Besigue-eikqqirvrspelwbaehlhymzomkfp/Index.noindex/DataStore -swift-version 5 -I /Users/paulfaustin/Library/Developer/Xcode/DerivedData/M4-Besigue-eikqqirvrspelwbaehlhymzomkfp/Build/Products/Debug-iphonesimulator -F /Users/paulfaustin/Library/Developer/Xcode/DerivedData/M4-Besigue-eikqqirvrspelwbaehlhymzomkfp/Build/Products/Debug-iphonesimulator -emit-localized-strings -emit-localized-strings-path /Users/paulfaustin/Library/Developer/Xcode/DerivedData/M4-Besigue-eikqqirvrspelwbaehlhymzomkfp/Build/Intermediates.noindex/M4-Besigue.build/Debug-iphonesimulator/M4-Besigue.build/Objects-normal/arm64 -c -j8 -enable-batch-mode -incremental -Xcc -ivfsstatcache -Xcc /Users/paulfaustin/Library/Developer/Xcode/DerivedData/SDKStatCaches.noindex/iphonesimulator18.5-22F76-d5fc8ad4295d2ef488fb7d0f804ce0c4.sdkstatcache -output-file-map /Users/paulfaustin/Library/Developer/Xcode/DerivedData/M4-Besigue-eikqqirvrspelwbaehlhymzomkfp/Build/Intermediates.noindex/M4-Besigue.build/Debug-iphonesimulator/M4-Besigue.build/Objects-normal/arm64/M4-Besigue-OutputFileMap.json -use-frontend-parseable-output -save-temps -no-color-diagnostics -serialize-diagnostics -emit-dependencies -emit-module -emit-module-path /Users/paulfaustin/Library/Developer/Xcode/DerivedData/M4-Besigue-eikqqirvrspelwbaehlhymzomkfp/Build/Intermediates.noindex/M4-Besigue.build/Debug-iphonesimulator/M4-Besigue.build/Objects-normal/arm64/M4_Besigue.swiftmodule -validate-clang-modules-once -clang-build-session-file /Users/paulfaustin/Library/Developer/Xcode/DerivedData/ModuleCache.noindex/Session.modulevalidation -Xcc -I/Users/paulfaustin/Library/Developer/Xcode/DerivedData/M4-Besigue-eikqqirvrspelwbaehlhymzomkfp/Build/Intermediates.noindex/M4-Besigue.build/Debug-iphonesimulator/M4-Besigue.build/swift-overrides.hmap -emit-const-values -Xfrontend -const-gather-protocols-file -Xfrontend /Users/paulfaustin/Library/Developer/Xcode/DerivedData/M4-Besigue-eikqqirvrspelwbaehlhymzomkfp/Build/Intermediates.noindex/M4-Besigue.build/Debug-iphonesimulator/M4-Besigue.build/Objects-normal/arm64/M4-Besigue_const_extract_protocols.json -Xcc -iquote -Xcc /Users/paulfaustin/Library/Developer/Xcode/DerivedData/M4-Besigue-eikqqirvrspelwbaehlhymzomkfp/Build/Intermediates.noindex/M4-Besigue.build/Debug-iphonesimulator/M4-Besigue.build/M4-Besigue-generated-files.hmap -Xcc -I/Users/paulfaustin/Library/Developer/Xcode/DerivedData/M4-Besigue-eikqqirvrspelwbaehlhymzomkfp/Build/Intermediates.noindex/M4-Besigue.build/Debug-iphonesimulator/M4-Besigue.build/M4-Besigue-own-target-headers.hmap -Xcc -I/Users/paulfaustin/Library/Developer/Xcode/DerivedData/M4-Besigue-eikqqirvrspelwbaehlhymzomkfp/Build/Intermediates.noindex/M4-Besigue.build/Debug-iphonesimulator/M4-Besigue.build/M4-Besigue-all-target-headers.hmap -Xcc -iquote -Xcc /Users/paulfaustin/Library/Developer/Xcode/DerivedData/M4-Besigue-eikqqirvrspelwbaehlhymzomkfp/Build/Intermediates.noindex/M4-Besigue.build/Debug-iphonesimulator/M4-Besigue.build/M4-Besigue-project-headers.hmap -Xcc -I/Users/paulfaustin/Library/Developer/Xcode/DerivedData/M4-Besigue-eikqqirvrspelwbaehlhymzomkfp/Build/Products/Debug-iphonesimulator/include -Xcc -I/Users/paulfaustin/Library/Developer/Xcode/DerivedData/M4-Besigue-eikqqirvrspelwbaehlhymzomkfp/Build/Intermediates.noindex/M4-Besigue.build/Debug-iphonesimulator/M4-Besigue.build/DerivedSources-normal/arm64 -Xcc -I/Users/paulfaustin/Library/Developer/Xcode/DerivedData/M4-Besigue-eikqqirvrspelwbaehlhymzomkfp/Build/Intermediates.noindex/M4-Besigue.build/Debug-iphonesimulator/M4-Besigue.build/DerivedSources/arm64 -Xcc -I/Users/paulfaustin/Library/Developer/Xcode/DerivedData/M4-Besigue-eikqqirvrspelwbaehlhymzomkfp/Build/Intermediates.noindex/M4-Besigue.build/Debug-iphonesimulator/M4-Besigue.build/DerivedSources -Xcc -DDEBUG\=1 -emit-objc-header -emit-objc-header-path /Users/paulfaustin/Library/Developer/Xcode/DerivedData/M4-Besigue-eikqqirvrspelwbaehlhymzomkfp/Build/Intermediates.noindex/M4-Besigue.build/Debug-iphonesimulator/M4-Besigue.build/Objects-normal/arm64/M4_Besigue-Swift.h -working-directory /Users/paulfaustin/Documents/My\ Docs/My\ Working/M4/M4-Besigue -experimental-emit-module-separately -disable-cmo

ProcessProductPackaging "" /Users/paulfaustin/Library/Developer/Xcode/DerivedData/M4-Besigue-eikqqirvrspelwbaehlhymzomkfp/Build/Intermediates.noindex/M4-Besigue.build/Debug-iphonesimulator/M4-BesigueUITests.build/M4-BesigueUITests.xctest-Simulated.xcent (in target 'M4-BesigueUITests' from project 'M4-Besigue')
    cd /Users/paulfaustin/Documents/My\ Docs/My\ Working/M4/M4-Besigue
    
    Entitlements:
    
    {
    "application-identifier" = "3HMXL3X6K4.com.nivaron.m4besigue.M4-BesigueUITests.xctrunner";
    "keychain-access-groups" =     (
        "3HMXL3X6K4.com.nivaron.m4besigue.M4-BesigueUITests.xctrunner"
    );
}
    
    builtin-productPackagingUtility -entitlements -format xml -o /Users/paulfaustin/Library/Developer/Xcode/DerivedData/M4-Besigue-eikqqirvrspelwbaehlhymzomkfp/Build/Intermediates.noindex/M4-Besigue.build/Debug-iphonesimulator/M4-BesigueUITests.build/M4-BesigueUITests.xctest-Simulated.xcent

SwiftDriver M4-BesigueTests normal arm64 com.apple.xcode.tools.swift.compiler (in target 'M4-BesigueTests' from project 'M4-Besigue')
    cd /Users/paulfaustin/Documents/My\ Docs/My\ Working/M4/M4-Besigue
    builtin-SwiftDriver -- /Applications/Xcode.app/Contents/Developer/Toolchains/XcodeDefault.xctoolchain/usr/bin/swiftc -module-name M4_BesigueTests -Onone -enforce-exclusivity\=checked @/Users/paulfaustin/Library/Developer/Xcode/DerivedData/M4-Besigue-eikqqirvrspelwbaehlhymzomkfp/Build/Intermediates.noindex/M4-Besigue.build/Debug-iphonesimulator/M4-BesigueTests.build/Objects-normal/arm64/M4-BesigueTests.SwiftFileList -DDEBUG -plugin-path /Applications/Xcode.app/Contents/Developer/Toolchains/XcodeDefault.xctoolchain/usr/lib/swift/host/plugins/testing -enable-bare-slash-regex -enable-experimental-feature DebugDescriptionMacro -sdk /Applications/Xcode.app/Contents/Developer/Platforms/iPhoneSimulator.platform/Developer/SDKs/iPhoneSimulator18.5.sdk -target arm64-apple-ios18.5-simulator -g -module-cache-path /Users/paulfaustin/Library/Developer/Xcode/DerivedData/ModuleCache.noindex -Xfrontend -serialize-debugging-options -profile-coverage-mapping -profile-generate -enable-testing -index-store-path /Users/paulfaustin/Library/Developer/Xcode/DerivedData/M4-Besigue-eikqqirvrspelwbaehlhymzomkfp/Index.noindex/DataStore -swift-version 5 -I /Users/paulfaustin/Library/Developer/Xcode/DerivedData/M4-Besigue-eikqqirvrspelwbaehlhymzomkfp/Build/Products/Debug-iphonesimulator -I /Applications/Xcode.app/Contents/Developer/Platforms/iPhoneSimulator.platform/Developer/usr/lib -F /Users/paulfaustin/Library/Developer/Xcode/DerivedData/M4-Besigue-eikqqirvrspelwbaehlhymzomkfp/Build/Products/Debug-iphonesimulator -F /Applications/Xcode.app/Contents/Developer/Platforms/iPhoneSimulator.platform/Developer/Library/Frameworks -F /Applications/Xcode.app/Contents/Developer/Platforms/iPhoneSimulator.platform/Developer/SDKs/iPhoneSimulator18.5.sdk/Developer/Library/Frameworks -c -j8 -enable-batch-mode -incremental -Xcc -ivfsstatcache -Xcc /Users/paulfaustin/Library/Developer/Xcode/DerivedData/SDKStatCaches.noindex/iphonesimulator18.5-22F76-d5fc8ad4295d2ef488fb7d0f804ce0c4.sdkstatcache -output-file-map /Users/paulfaustin/Library/Developer/Xcode/DerivedData/M4-Besigue-eikqqirvrspelwbaehlhymzomkfp/Build/Intermediates.noindex/M4-Besigue.build/Debug-iphonesimulator/M4-BesigueTests.build/Objects-normal/arm64/M4-BesigueTests-OutputFileMap.json -use-frontend-parseable-output -save-temps -no-color-diagnostics -serialize-diagnostics -emit-dependencies -emit-module -emit-module-path /Users/paulfaustin/Library/Developer/Xcode/DerivedData/M4-Besigue-eikqqirvrspelwbaehlhymzomkfp/Build/Intermediates.noindex/M4-Besigue.build/Debug-iphonesimulator/M4-BesigueTests.build/Objects-normal/arm64/M4_BesigueTests.swiftmodule -validate-clang-modules-once -clang-build-session-file /Users/paulfaustin/Library/Developer/Xcode/DerivedData/ModuleCache.noindex/Session.modulevalidation -Xcc -I/Users/paulfaustin/Library/Developer/Xcode/DerivedData/M4-Besigue-eikqqirvrspelwbaehlhymzomkfp/Build/Intermediates.noindex/M4-Besigue.build/Debug-iphonesimulator/M4-BesigueTests.build/swift-overrides.hmap -emit-const-values -Xfrontend -const-gather-protocols-file -Xfrontend /Users/paulfaustin/Library/Developer/Xcode/DerivedData/M4-Besigue-eikqqirvrspelwbaehlhymzomkfp/Build/Intermediates.noindex/M4-Besigue.build/Debug-iphonesimulator/M4-BesigueTests.build/Objects-normal/arm64/M4-BesigueTests_const_extract_protocols.json -Xcc -iquote -Xcc /Users/paulfaustin/Library/Developer/Xcode/DerivedData/M4-Besigue-eikqqirvrspelwbaehlhymzomkfp/Build/Intermediates.noindex/M4-Besigue.build/Debug-iphonesimulator/M4-BesigueTests.build/M4-BesigueTests-generated-files.hmap -Xcc -I/Users/paulfaustin/Library/Developer/Xcode/DerivedData/M4-Besigue-eikqqirvrspelwbaehlhymzomkfp/Build/Intermediates.noindex/M4-Besigue.build/Debug-iphonesimulator/M4-BesigueTests.build/M4-BesigueTests-own-target-headers.hmap -Xcc -I/Users/paulfaustin/Library/Developer/Xcode/DerivedData/M4-Besigue-eikqqirvrspelwbaehlhymzomkfp/Build/Intermediates.noindex/M4-Besigue.build/Debug-iphonesimulator/M4-BesigueTests.build/M4-BesigueTests-all-target-headers.hmap -Xcc -iquote -Xcc /Users/paulfaustin/Library/Developer/Xcode/DerivedData/M4-Besigue-eikqqirvrspelwbaehlhymzomkfp/Build/Intermediates.noindex/M4-Besigue.build/Debug-iphonesimulator/M4-BesigueTests.build/M4-BesigueTests-project-headers.hmap -Xcc -I/Users/paulfaustin/Library/Developer/Xcode/DerivedData/M4-Besigue-eikqqirvrspelwbaehlhymzomkfp/Build/Products/Debug-iphonesimulator/include -Xcc -I/Users/paulfaustin/Library/Developer/Xcode/DerivedData/M4-Besigue-eikqqirvrspelwbaehlhymzomkfp/Build/Intermediates.noindex/M4-Besigue.build/Debug-iphonesimulator/M4-BesigueTests.build/DerivedSources-normal/arm64 -Xcc -I/Users/paulfaustin/Library/Developer/Xcode/DerivedData/M4-Besigue-eikqqirvrspelwbaehlhymzomkfp/Build/Intermediates.noindex/M4-Besigue.build/Debug-iphonesimulator/M4-BesigueTests.build/DerivedSources/arm64 -Xcc -I/Users/paulfaustin/Library/Developer/Xcode/DerivedData/M4-Besigue-eikqqirvrspelwbaehlhymzomkfp/Build/Intermediates.noindex/M4-Besigue.build/Debug-iphonesimulator/M4-BesigueTests.build/DerivedSources -Xcc -DDEBUG\=1 -emit-objc-header -emit-objc-header-path /Users/paulfaustin/Library/Developer/Xcode/DerivedData/M4-Besigue-eikqqirvrspelwbaehlhymzomkfp/Build/Intermediates.noindex/M4-Besigue.build/Debug-iphonesimulator/M4-BesigueTests.build/Objects-normal/arm64/M4_BesigueTests-Swift.h -working-directory /Users/paulfaustin/Documents/My\ Docs/My\ Working/M4/M4-Besigue -experimental-emit-module-separately -disable-cmo

ProcessProductPackagingDER /Users/paulfaustin/Library/Developer/Xcode/DerivedData/M4-Besigue-eikqqirvrspelwbaehlhymzomkfp/Build/Intermediates.noindex/M4-Besigue.build/Debug-iphonesimulator/M4-BesigueUITests.build/M4-BesigueUITests.xctest-Simulated.xcent /Users/paulfaustin/Library/Developer/Xcode/DerivedData/M4-Besigue-eikqqirvrspelwbaehlhymzomkfp/Build/Intermediates.noindex/M4-Besigue.build/Debug-iphonesimulator/M4-BesigueUITests.build/M4-BesigueUITests.xctest-Simulated.xcent.der (in target 'M4-BesigueUITests' from project 'M4-Besigue')
    cd /Users/paulfaustin/Documents/My\ Docs/My\ Working/M4/M4-Besigue
    /usr/bin/derq query -f xml -i /Users/paulfaustin/Library/Developer/Xcode/DerivedData/M4-Besigue-eikqqirvrspelwbaehlhymzomkfp/Build/Intermediates.noindex/M4-Besigue.build/Debug-iphonesimulator/M4-BesigueUITests.build/M4-BesigueUITests.xctest-Simulated.xcent -o /Users/paulfaustin/Library/Developer/Xcode/DerivedData/M4-Besigue-eikqqirvrspelwbaehlhymzomkfp/Build/Intermediates.noindex/M4-Besigue.build/Debug-iphonesimulator/M4-BesigueUITests.build/M4-BesigueUITests.xctest-Simulated.xcent.der --raw

SwiftDriver M4-BesigueUITests normal arm64 com.apple.xcode.tools.swift.compiler (in target 'M4-BesigueUITests' from project 'M4-Besigue')
    cd /Users/paulfaustin/Documents/My\ Docs/My\ Working/M4/M4-Besigue
    builtin-SwiftDriver -- /Applications/Xcode.app/Contents/Developer/Toolchains/XcodeDefault.xctoolchain/usr/bin/swiftc -module-name M4_BesigueUITests -Onone -enforce-exclusivity\=checked @/Users/paulfaustin/Library/Developer/Xcode/DerivedData/M4-Besigue-eikqqirvrspelwbaehlhymzomkfp/Build/Intermediates.noindex/M4-Besigue.build/Debug-iphonesimulator/M4-BesigueUITests.build/Objects-normal/arm64/M4-BesigueUITests.SwiftFileList -DDEBUG -module-alias Testing\=_Testing_Unavailable -plugin-path /Applications/Xcode.app/Contents/Developer/Toolchains/XcodeDefault.xctoolchain/usr/lib/swift/host/plugins/testing -enable-bare-slash-regex -enable-experimental-feature DebugDescriptionMacro -sdk /Applications/Xcode.app/Contents/Developer/Platforms/iPhoneSimulator.platform/Developer/SDKs/iPhoneSimulator18.5.sdk -target arm64-apple-ios18.5-simulator -g -module-cache-path /Users/paulfaustin/Library/Developer/Xcode/DerivedData/ModuleCache.noindex -Xfrontend -serialize-debugging-options -profile-coverage-mapping -profile-generate -enable-testing -index-store-path /Users/paulfaustin/Library/Developer/Xcode/DerivedData/M4-Besigue-eikqqirvrspelwbaehlhymzomkfp/Index.noindex/DataStore -swift-version 5 -I /Users/paulfaustin/Library/Developer/Xcode/DerivedData/M4-Besigue-eikqqirvrspelwbaehlhymzomkfp/Build/Products/Debug-iphonesimulator -I /Applications/Xcode.app/Contents/Developer/Platforms/iPhoneSimulator.platform/Developer/usr/lib -F /Users/paulfaustin/Library/Developer/Xcode/DerivedData/M4-Besigue-eikqqirvrspelwbaehlhymzomkfp/Build/Products/Debug-iphonesimulator -F /Applications/Xcode.app/Contents/Developer/Platforms/iPhoneSimulator.platform/Developer/Library/Frameworks -F /Applications/Xcode.app/Contents/Developer/Platforms/iPhoneSimulator.platform/Developer/SDKs/iPhoneSimulator18.5.sdk/Developer/Library/Frameworks -c -j8 -enable-batch-mode -incremental -Xcc -ivfsstatcache -Xcc /Users/paulfaustin/Library/Developer/Xcode/DerivedData/SDKStatCaches.noindex/iphonesimulator18.5-22F76-d5fc8ad4295d2ef488fb7d0f804ce0c4.sdkstatcache -output-file-map /Users/paulfaustin/Library/Developer/Xcode/DerivedData/M4-Besigue-eikqqirvrspelwbaehlhymzomkfp/Build/Intermediates.noindex/M4-Besigue.build/Debug-iphonesimulator/M4-BesigueUITests.build/Objects-normal/arm64/M4-BesigueUITests-OutputFileMap.json -use-frontend-parseable-output -save-temps -no-color-diagnostics -serialize-diagnostics -emit-dependencies -emit-module -emit-module-path /Users/paulfaustin/Library/Developer/Xcode/DerivedData/M4-Besigue-eikqqirvrspelwbaehlhymzomkfp/Build/Intermediates.noindex/M4-Besigue.build/Debug-iphonesimulator/M4-BesigueUITests.build/Objects-normal/arm64/M4_BesigueUITests.swiftmodule -validate-clang-modules-once -clang-build-session-file /Users/paulfaustin/Library/Developer/Xcode/DerivedData/ModuleCache.noindex/Session.modulevalidation -Xcc -I/Users/paulfaustin/Library/Developer/Xcode/DerivedData/M4-Besigue-eikqqirvrspelwbaehlhymzomkfp/Build/Intermediates.noindex/M4-Besigue.build/Debug-iphonesimulator/M4-BesigueUITests.build/swift-overrides.hmap -emit-const-values -Xfrontend -const-gather-protocols-file -Xfrontend /Users/paulfaustin/Library/Developer/Xcode/DerivedData/M4-Besigue-eikqqirvrspelwbaehlhymzomkfp/Build/Intermediates.noindex/M4-Besigue.build/Debug-iphonesimulator/M4-BesigueUITests.build/Objects-normal/arm64/M4-BesigueUITests_const_extract_protocols.json -Xcc -iquote -Xcc /Users/paulfaustin/Library/Developer/Xcode/DerivedData/M4-Besigue-eikqqirvrspelwbaehlhymzomkfp/Build/Intermediates.noindex/M4-Besigue.build/Debug-iphonesimulator/M4-BesigueUITests.build/M4-BesigueUITests-generated-files.hmap -Xcc -I/Users/paulfaustin/Library/Developer/Xcode/DerivedData/M4-Besigue-eikqqirvrspelwbaehlhymzomkfp/Build/Intermediates.noindex/M4-Besigue.build/Debug-iphonesimulator/M4-BesigueUITests.build/M4-BesigueUITests-own-target-headers.hmap -Xcc -I/Users/paulfaustin/Library/Developer/Xcode/DerivedData/M4-Besigue-eikqqirvrspelwbaehlhymzomkfp/Build/Intermediates.noindex/M4-Besigue.build/Debug-iphonesimulator/M4-BesigueUITests.build/M4-BesigueUITests-all-target-headers.hmap -Xcc -iquote -Xcc /Users/paulfaustin/Library/Developer/Xcode/DerivedData/M4-Besigue-eikqqirvrspelwbaehlhymzomkfp/Build/Intermediates.noindex/M4-Besigue.build/Debug-iphonesimulator/M4-BesigueUITests.build/M4-BesigueUITests-project-headers.hmap -Xcc -I/Users/paulfaustin/Library/Developer/Xcode/DerivedData/M4-Besigue-eikqqirvrspelwbaehlhymzomkfp/Build/Products/Debug-iphonesimulator/include -Xcc -I/Users/paulfaustin/Library/Developer/Xcode/DerivedData/M4-Besigue-eikqqirvrspelwbaehlhymzomkfp/Build/Intermediates.noindex/M4-Besigue.build/Debug-iphonesimulator/M4-BesigueUITests.build/DerivedSources-normal/arm64 -Xcc -I/Users/paulfaustin/Library/Developer/Xcode/DerivedData/M4-Besigue-eikqqirvrspelwbaehlhymzomkfp/Build/Intermediates.noindex/M4-Besigue.build/Debug-iphonesimulator/M4-BesigueUITests.build/DerivedSources/arm64 -Xcc -I/Users/paulfaustin/Library/Developer/Xcode/DerivedData/M4-Besigue-eikqqirvrspelwbaehlhymzomkfp/Build/Intermediates.noindex/M4-Besigue.build/Debug-iphonesimulator/M4-BesigueUITests.build/DerivedSources -Xcc -DDEBUG\=1 -emit-objc-header -emit-objc-header-path /Users/paulfaustin/Library/Developer/Xcode/DerivedData/M4-Besigue-eikqqirvrspelwbaehlhymzomkfp/Build/Intermediates.noindex/M4-Besigue.build/Debug-iphonesimulator/M4-BesigueUITests.build/Objects-normal/arm64/M4_BesigueUITests-Swift.h -working-directory /Users/paulfaustin/Documents/My\ Docs/My\ Working/M4/M4-Besigue -experimental-emit-module-separately -disable-cmo

SwiftEmitModule normal arm64 Emitting\ module\ for\ M4_BesigueTests (in target 'M4-BesigueTests' from project 'M4-Besigue')

EmitSwiftModule normal arm64 (in target 'M4-BesigueTests' from project 'M4-Besigue')
    cd /Users/paulfaustin/Documents/My\ Docs/My\ Working/M4/M4-Besigue
    

SwiftCompile normal arm64 Compiling\ M4_BesigueTests.swift /Users/paulfaustin/Documents/My\ Docs/My\ Working/M4/M4-Besigue/M4-BesigueTests/M4_BesigueTests.swift (in target 'M4-BesigueTests' from project 'M4-Besigue')
SwiftCompile normal arm64 /Users/paulfaustin/Documents/My\ Docs/My\ Working/M4/M4-Besigue/M4-BesigueTests/M4_BesigueTests.swift (in target 'M4-BesigueTests' from project 'M4-Besigue')
    cd /Users/paulfaustin/Documents/My\ Docs/My\ Working/M4/M4-Besigue
    

SwiftCompile normal arm64 Compiling\ BesigueGameEngineTests.swift /Users/paulfaustin/Documents/My\ Docs/My\ Working/M4/M4-Besigue/M4-BesigueTests/BesigueGameEngineTests.swift (in target 'M4-BesigueTests' from project 'M4-Besigue')
SwiftCompile normal arm64 /Users/paulfaustin/Documents/My\ Docs/My\ Working/M4/M4-Besigue/M4-BesigueTests/BesigueGameEngineTests.swift (in target 'M4-BesigueTests' from project 'M4-Besigue')
    cd /Users/paulfaustin/Documents/My\ Docs/My\ Working/M4/M4-Besigue
    

Ld /Users/paulfaustin/Library/Developer/Xcode/DerivedData/M4-Besigue-eikqqirvrspelwbaehlhymzomkfp/Build/Products/Debug-iphonesimulator/M4-Besigue.app/M4-Besigue.debug.dylib normal (in target 'M4-Besigue' from project 'M4-Besigue')
    cd /Users/paulfaustin/Documents/My\ Docs/My\ Working/M4/M4-Besigue
    /Applications/Xcode.app/Contents/Developer/Toolchains/XcodeDefault.xctoolchain/usr/bin/clang -Xlinker -reproducible -target arm64-apple-ios18.5-simulator -dynamiclib -isysroot /Applications/Xcode.app/Contents/Developer/Platforms/iPhoneSimulator.platform/Developer/SDKs/iPhoneSimulator18.5.sdk -O0 -L/Users/paulfaustin/Library/Developer/Xcode/DerivedData/M4-Besigue-eikqqirvrspelwbaehlhymzomkfp/Build/Intermediates.noindex/EagerLinkingTBDs/Debug-iphonesimulator -L/Users/paulfaustin/Library/Developer/Xcode/DerivedData/M4-Besigue-eikqqirvrspelwbaehlhymzomkfp/Build/Products/Debug-iphonesimulator -F/Users/paulfaustin/Library/Developer/Xcode/DerivedData/M4-Besigue-eikqqirvrspelwbaehlhymzomkfp/Build/Intermediates.noindex/EagerLinkingTBDs/Debug-iphonesimulator -F/Users/paulfaustin/Library/Developer/Xcode/DerivedData/M4-Besigue-eikqqirvrspelwbaehlhymzomkfp/Build/Products/Debug-iphonesimulator -filelist /Users/paulfaustin/Library/Developer/Xcode/DerivedData/M4-Besigue-eikqqirvrspelwbaehlhymzomkfp/Build/Intermediates.noindex/M4-Besigue.build/Debug-iphonesimulator/M4-Besigue.build/Objects-normal/arm64/M4-Besigue.LinkFileList -install_name @rpath/M4-Besigue.debug.dylib -Xlinker -rpath -Xlinker @executable_path/Frameworks -dead_strip -Xlinker -object_path_lto -Xlinker /Users/paulfaustin/Library/Developer/Xcode/DerivedData/M4-Besigue-eikqqirvrspelwbaehlhymzomkfp/Build/Intermediates.noindex/M4-Besigue.build/Debug-iphonesimulator/M4-Besigue.build/Objects-normal/arm64/M4-Besigue_lto.o -rdynamic -Xlinker -no_deduplicate -Xlinker -objc_abi_version -Xlinker 2 -Xlinker -debug_variant -Xlinker -dependency_info -Xlinker /Users/paulfaustin/Library/Developer/Xcode/DerivedData/M4-Besigue-eikqqirvrspelwbaehlhymzomkfp/Build/Intermediates.noindex/M4-Besigue.build/Debug-iphonesimulator/M4-Besigue.build/Objects-normal/arm64/M4-Besigue_dependency_info.dat -fobjc-link-runtime -fprofile-instr-generate -L/Applications/Xcode.app/Contents/Developer/Toolchains/XcodeDefault.xctoolchain/usr/lib/swift/iphonesimulator -L/usr/lib/swift -Xlinker -add_ast_path -Xlinker /Users/paulfaustin/Library/Developer/Xcode/DerivedData/M4-Besigue-eikqqirvrspelwbaehlhymzomkfp/Build/Intermediates.noindex/M4-Besigue.build/Debug-iphonesimulator/M4-Besigue.build/Objects-normal/arm64/M4_Besigue.swiftmodule -Xlinker -alias -Xlinker _main -Xlinker ___debug_main_executable_dylib_entry_point -Xlinker -no_adhoc_codesign -o /Users/paulfaustin/Library/Developer/Xcode/DerivedData/M4-Besigue-eikqqirvrspelwbaehlhymzomkfp/Build/Products/Debug-iphonesimulator/M4-Besigue.app/M4-Besigue.debug.dylib

SwiftEmitModule normal arm64 Emitting\ module\ for\ M4_BesigueUITests (in target 'M4-BesigueUITests' from project 'M4-Besigue')

EmitSwiftModule normal arm64 (in target 'M4-BesigueUITests' from project 'M4-Besigue')
    cd /Users/paulfaustin/Documents/My\ Docs/My\ Working/M4/M4-Besigue
    

SwiftCompile normal arm64 Compiling\ M4_BesigueUITestsLaunchTests.swift /Users/paulfaustin/Documents/My\ Docs/My\ Working/M4/M4-Besigue/M4-BesigueUITests/M4_BesigueUITestsLaunchTests.swift (in target 'M4-BesigueUITests' from project 'M4-Besigue')

SwiftCompile normal arm64 /Users/paulfaustin/Documents/My\ Docs/My\ Working/M4/M4-Besigue/M4-BesigueUITests/M4_BesigueUITestsLaunchTests.swift (in target 'M4-BesigueUITests' from project 'M4-Besigue')
    cd /Users/paulfaustin/Documents/My\ Docs/My\ Working/M4/M4-Besigue
    

SwiftCompile normal arm64 Compiling\ M4_BesigueUITests.swift /Users/paulfaustin/Documents/My\ Docs/My\ Working/M4/M4-Besigue/M4-BesigueUITests/M4_BesigueUITests.swift (in target 'M4-BesigueUITests' from project 'M4-Besigue')

SwiftCompile normal arm64 /Users/paulfaustin/Documents/My\ Docs/My\ Working/M4/M4-Besigue/M4-BesigueUITests/M4_BesigueUITests.swift (in target 'M4-BesigueUITests' from project 'M4-Besigue')
    cd /Users/paulfaustin/Documents/My\ Docs/My\ Working/M4/M4-Besigue
    

SwiftDriverJobDiscovery normal arm64 Emitting module for M4_BesigueUITests (in target 'M4-BesigueUITests' from project 'M4-Besigue')

SwiftDriver\ Compilation\ Requirements M4-BesigueUITests normal arm64 com.apple.xcode.tools.swift.compiler (in target 'M4-BesigueUITests' from project 'M4-Besigue')
    cd /Users/paulfaustin/Documents/My\ Docs/My\ Working/M4/M4-Besigue
    builtin-Swift-Compilation-Requirements -- /Applications/Xcode.app/Contents/Developer/Toolchains/XcodeDefault.xctoolchain/usr/bin/swiftc -module-name M4_BesigueUITests -Onone -enforce-exclusivity\=checked @/Users/paulfaustin/Library/Developer/Xcode/DerivedData/M4-Besigue-eikqqirvrspelwbaehlhymzomkfp/Build/Intermediates.noindex/M4-Besigue.build/Debug-iphonesimulator/M4-BesigueUITests.build/Objects-normal/arm64/M4-BesigueUITests.SwiftFileList -DDEBUG -module-alias Testing\=_Testing_Unavailable -plugin-path /Applications/Xcode.app/Contents/Developer/Toolchains/XcodeDefault.xctoolchain/usr/lib/swift/host/plugins/testing -enable-bare-slash-regex -enable-experimental-feature DebugDescriptionMacro -sdk /Applications/Xcode.app/Contents/Developer/Platforms/iPhoneSimulator.platform/Developer/SDKs/iPhoneSimulator18.5.sdk -target arm64-apple-ios18.5-simulator -g -module-cache-path /Users/paulfaustin/Library/Developer/Xcode/DerivedData/ModuleCache.noindex -Xfrontend -serialize-debugging-options -profile-coverage-mapping -profile-generate -enable-testing -index-store-path /Users/paulfaustin/Library/Developer/Xcode/DerivedData/M4-Besigue-eikqqirvrspelwbaehlhymzomkfp/Index.noindex/DataStore -swift-version 5 -I /Users/paulfaustin/Library/Developer/Xcode/DerivedData/M4-Besigue-eikqqirvrspelwbaehlhymzomkfp/Build/Products/Debug-iphonesimulator -I /Applications/Xcode.app/Contents/Developer/Platforms/iPhoneSimulator.platform/Developer/usr/lib -F /Users/paulfaustin/Library/Developer/Xcode/DerivedData/M4-Besigue-eikqqirvrspelwbaehlhymzomkfp/Build/Products/Debug-iphonesimulator -F /Applications/Xcode.app/Contents/Developer/Platforms/iPhoneSimulator.platform/Developer/Library/Frameworks -F /Applications/Xcode.app/Contents/Developer/Platforms/iPhoneSimulator.platform/Developer/SDKs/iPhoneSimulator18.5.sdk/Developer/Library/Frameworks -c -j8 -enable-batch-mode -incremental -Xcc -ivfsstatcache -Xcc /Users/paulfaustin/Library/Developer/Xcode/DerivedData/SDKStatCaches.noindex/iphonesimulator18.5-22F76-d5fc8ad4295d2ef488fb7d0f804ce0c4.sdkstatcache -output-file-map /Users/paulfaustin/Library/Developer/Xcode/DerivedData/M4-Besigue-eikqqirvrspelwbaehlhymzomkfp/Build/Intermediates.noindex/M4-Besigue.build/Debug-iphonesimulator/M4-BesigueUITests.build/Objects-normal/arm64/M4-BesigueUITests-OutputFileMap.json -use-frontend-parseable-output -save-temps -no-color-diagnostics -serialize-diagnostics -emit-dependencies -emit-module -emit-module-path /Users/paulfaustin/Library/Developer/Xcode/DerivedData/M4-Besigue-eikqqirvrspelwbaehlhymzomkfp/Build/Intermediates.noindex/M4-Besigue.build/Debug-iphonesimulator/M4-BesigueUITests.build/Objects-normal/arm64/M4_BesigueUITests.swiftmodule -validate-clang-modules-once -clang-build-session-file /Users/paulfaustin/Library/Developer/Xcode/DerivedData/ModuleCache.noindex/Session.modulevalidation -Xcc -I/Users/paulfaustin/Library/Developer/Xcode/DerivedData/M4-Besigue-eikqqirvrspelwbaehlhymzomkfp/Build/Intermediates.noindex/M4-Besigue.build/Debug-iphonesimulator/M4-BesigueUITests.build/swift-overrides.hmap -emit-const-values -Xfrontend -const-gather-protocols-file -Xfrontend /Users/paulfaustin/Library/Developer/Xcode/DerivedData/M4-Besigue-eikqqirvrspelwbaehlhymzomkfp/Build/Intermediates.noindex/M4-Besigue.build/Debug-iphonesimulator/M4-BesigueUITests.build/Objects-normal/arm64/M4-BesigueUITests_const_extract_protocols.json -Xcc -iquote -Xcc /Users/paulfaustin/Library/Developer/Xcode/DerivedData/M4-Besigue-eikqqirvrspelwbaehlhymzomkfp/Build/Intermediates.noindex/M4-Besigue.build/Debug-iphonesimulator/M4-BesigueUITests.build/M4-BesigueUITests-generated-files.hmap -Xcc -I/Users/paulfaustin/Library/Developer/Xcode/DerivedData/M4-Besigue-eikqqirvrspelwbaehlhymzomkfp/Build/Intermediates.noindex/M4-Besigue.build/Debug-iphonesimulator/M4-BesigueUITests.build/M4-BesigueUITests-own-target-headers.hmap -Xcc -I/Users/paulfaustin/Library/Developer/Xcode/DerivedData/M4-Besigue-eikqqirvrspelwbaehlhymzomkfp/Build/Intermediates.noindex/M4-Besigue.build/Debug-iphonesimulator/M4-BesigueUITests.build/M4-BesigueUITests-all-target-headers.hmap -Xcc -iquote -Xcc /Users/paulfaustin/Library/Developer/Xcode/DerivedData/M4-Besigue-eikqqirvrspelwbaehlhymzomkfp/Build/Intermediates.noindex/M4-Besigue.build/Debug-iphonesimulator/M4-BesigueUITests.build/M4-BesigueUITests-project-headers.hmap -Xcc -I/Users/paulfaustin/Library/Developer/Xcode/DerivedData/M4-Besigue-eikqqirvrspelwbaehlhymzomkfp/Build/Products/Debug-iphonesimulator/include -Xcc -I/Users/paulfaustin/Library/Developer/Xcode/DerivedData/M4-Besigue-eikqqirvrspelwbaehlhymzomkfp/Build/Intermediates.noindex/M4-Besigue.build/Debug-iphonesimulator/M4-BesigueUITests.build/DerivedSources-normal/arm64 -Xcc -I/Users/paulfaustin/Library/Developer/Xcode/DerivedData/M4-Besigue-eikqqirvrspelwbaehlhymzomkfp/Build/Intermediates.noindex/M4-Besigue.build/Debug-iphonesimulator/M4-BesigueUITests.build/DerivedSources/arm64 -Xcc -I/Users/paulfaustin/Library/Developer/Xcode/DerivedData/M4-Besigue-eikqqirvrspelwbaehlhymzomkfp/Build/Intermediates.noindex/M4-Besigue.build/Debug-iphonesimulator/M4-BesigueUITests.build/DerivedSources -Xcc -DDEBUG\=1 -emit-objc-header -emit-objc-header-path /Users/paulfaustin/Library/Developer/Xcode/DerivedData/M4-Besigue-eikqqirvrspelwbaehlhymzomkfp/Build/Intermediates.noindex/M4-Besigue.build/Debug-iphonesimulator/M4-BesigueUITests.build/Objects-normal/arm64/M4_BesigueUITests-Swift.h -working-directory /Users/paulfaustin/Documents/My\ Docs/My\ Working/M4/M4-Besigue -experimental-emit-module-separately -disable-cmo

SwiftMergeGeneratedHeaders /Users/paulfaustin/Library/Developer/Xcode/DerivedData/M4-Besigue-eikqqirvrspelwbaehlhymzomkfp/Build/Intermediates.noindex/M4-Besigue.build/Debug-iphonesimulator/M4-BesigueUITests.build/DerivedSources/M4_BesigueUITests-Swift.h /Users/paulfaustin/Library/Developer/Xcode/DerivedData/M4-Besigue-eikqqirvrspelwbaehlhymzomkfp/Build/Intermediates.noindex/M4-Besigue.build/Debug-iphonesimulator/M4-BesigueUITests.build/Objects-normal/arm64/M4_BesigueUITests-Swift.h (in target 'M4-BesigueUITests' from project 'M4-Besigue')
    cd /Users/paulfaustin/Documents/My\ Docs/My\ Working/M4/M4-Besigue
    builtin-swiftHeaderTool -arch arm64 /Users/paulfaustin/Library/Developer/Xcode/DerivedData/M4-Besigue-eikqqirvrspelwbaehlhymzomkfp/Build/Intermediates.noindex/M4-Besigue.build/Debug-iphonesimulator/M4-BesigueUITests.build/Objects-normal/arm64/M4_BesigueUITests-Swift.h -o /Users/paulfaustin/Library/Developer/Xcode/DerivedData/M4-Besigue-eikqqirvrspelwbaehlhymzomkfp/Build/Intermediates.noindex/M4-Besigue.build/Debug-iphonesimulator/M4-BesigueUITests.build/DerivedSources/M4_BesigueUITests-Swift.h

Copy /Users/paulfaustin/Library/Developer/Xcode/DerivedData/M4-Besigue-eikqqirvrspelwbaehlhymzomkfp/Build/Products/Debug-iphonesimulator/M4_BesigueUITests.swiftmodule/arm64-apple-ios-simulator.swiftmodule /Users/paulfaustin/Library/Developer/Xcode/DerivedData/M4-Besigue-eikqqirvrspelwbaehlhymzomkfp/Build/Intermediates.noindex/M4-Besigue.build/Debug-iphonesimulator/M4-BesigueUITests.build/Objects-normal/arm64/M4_BesigueUITests.swiftmodule (in target 'M4-BesigueUITests' from project 'M4-Besigue')
    cd /Users/paulfaustin/Documents/My\ Docs/My\ Working/M4/M4-Besigue
    builtin-copy -exclude .DS_Store -exclude CVS -exclude .svn -exclude .git -exclude .hg -resolve-src-symlinks -rename /Users/paulfaustin/Library/Developer/Xcode/DerivedData/M4-Besigue-eikqqirvrspelwbaehlhymzomkfp/Build/Intermediates.noindex/M4-Besigue.build/Debug-iphonesimulator/M4-BesigueUITests.build/Objects-normal/arm64/M4_BesigueUITests.swiftmodule /Users/paulfaustin/Library/Developer/Xcode/DerivedData/M4-Besigue-eikqqirvrspelwbaehlhymzomkfp/Build/Products/Debug-iphonesimulator/M4_BesigueUITests.swiftmodule/arm64-apple-ios-simulator.swiftmodule

Copy /Users/paulfaustin/Library/Developer/Xcode/DerivedData/M4-Besigue-eikqqirvrspelwbaehlhymzomkfp/Build/Products/Debug-iphonesimulator/M4_BesigueUITests.swiftmodule/arm64-apple-ios-simulator.swiftdoc /Users/paulfaustin/Library/Developer/Xcode/DerivedData/M4-Besigue-eikqqirvrspelwbaehlhymzomkfp/Build/Intermediates.noindex/M4-Besigue.build/Debug-iphonesimulator/M4-BesigueUITests.build/Objects-normal/arm64/M4_BesigueUITests.swiftdoc (in target 'M4-BesigueUITests' from project 'M4-Besigue')
    cd /Users/paulfaustin/Documents/My\ Docs/My\ Working/M4/M4-Besigue
    builtin-copy -exclude .DS_Store -exclude CVS -exclude .svn -exclude .git -exclude .hg -resolve-src-symlinks -rename /Users/paulfaustin/Library/Developer/Xcode/DerivedData/M4-Besigue-eikqqirvrspelwbaehlhymzomkfp/Build/Intermediates.noindex/M4-Besigue.build/Debug-iphonesimulator/M4-BesigueUITests.build/Objects-normal/arm64/M4_BesigueUITests.swiftdoc /Users/paulfaustin/Library/Developer/Xcode/DerivedData/M4-Besigue-eikqqirvrspelwbaehlhymzomkfp/Build/Products/Debug-iphonesimulator/M4_BesigueUITests.swiftmodule/arm64-apple-ios-simulator.swiftdoc

Copy /Users/paulfaustin/Library/Developer/Xcode/DerivedData/M4-Besigue-eikqqirvrspelwbaehlhymzomkfp/Build/Products/Debug-iphonesimulator/M4_BesigueUITests.swiftmodule/arm64-apple-ios-simulator.abi.json /Users/paulfaustin/Library/Developer/Xcode/DerivedData/M4-Besigue-eikqqirvrspelwbaehlhymzomkfp/Build/Intermediates.noindex/M4-Besigue.build/Debug-iphonesimulator/M4-BesigueUITests.build/Objects-normal/arm64/M4_BesigueUITests.abi.json (in target 'M4-BesigueUITests' from project 'M4-Besigue')
    cd /Users/paulfaustin/Documents/My\ Docs/My\ Working/M4/M4-Besigue
    builtin-copy -exclude .DS_Store -exclude CVS -exclude .svn -exclude .git -exclude .hg -resolve-src-symlinks -rename /Users/paulfaustin/Library/Developer/Xcode/DerivedData/M4-Besigue-eikqqirvrspelwbaehlhymzomkfp/Build/Intermediates.noindex/M4-Besigue.build/Debug-iphonesimulator/M4-BesigueUITests.build/Objects-normal/arm64/M4_BesigueUITests.abi.json /Users/paulfaustin/Library/Developer/Xcode/DerivedData/M4-Besigue-eikqqirvrspelwbaehlhymzomkfp/Build/Products/Debug-iphonesimulator/M4_BesigueUITests.swiftmodule/arm64-apple-ios-simulator.abi.json

Copy /Users/paulfaustin/Library/Developer/Xcode/DerivedData/M4-Besigue-eikqqirvrspelwbaehlhymzomkfp/Build/Products/Debug-iphonesimulator/M4_BesigueUITests.swiftmodule/Project/arm64-apple-ios-simulator.swiftsourceinfo /Users/paulfaustin/Library/Developer/Xcode/DerivedData/M4-Besigue-eikqqirvrspelwbaehlhymzomkfp/Build/Intermediates.noindex/M4-Besigue.build/Debug-iphonesimulator/M4-BesigueUITests.build/Objects-normal/arm64/M4_BesigueUITests.swiftsourceinfo (in target 'M4-BesigueUITests' from project 'M4-Besigue')
    cd /Users/paulfaustin/Documents/My\ Docs/My\ Working/M4/M4-Besigue
    builtin-copy -exclude .DS_Store -exclude CVS -exclude .svn -exclude .git -exclude .hg -resolve-src-symlinks -rename /Users/paulfaustin/Library/Developer/Xcode/DerivedData/M4-Besigue-eikqqirvrspelwbaehlhymzomkfp/Build/Intermediates.noindex/M4-Besigue.build/Debug-iphonesimulator/M4-BesigueUITests.build/Objects-normal/arm64/M4_BesigueUITests.swiftsourceinfo /Users/paulfaustin/Library/Developer/Xcode/DerivedData/M4-Besigue-eikqqirvrspelwbaehlhymzomkfp/Build/Products/Debug-iphonesimulator/M4_BesigueUITests.swiftmodule/Project/arm64-apple-ios-simulator.swiftsourceinfo

SwiftDriverJobDiscovery normal arm64 Emitting module for M4_BesigueTests (in target 'M4-BesigueTests' from project 'M4-Besigue')

SwiftDriver\ Compilation\ Requirements M4-BesigueTests normal arm64 com.apple.xcode.tools.swift.compiler (in target 'M4-BesigueTests' from project 'M4-Besigue')
    cd /Users/paulfaustin/Documents/My\ Docs/My\ Working/M4/M4-Besigue
    builtin-Swift-Compilation-Requirements -- /Applications/Xcode.app/Contents/Developer/Toolchains/XcodeDefault.xctoolchain/usr/bin/swiftc -module-name M4_BesigueTests -Onone -enforce-exclusivity\=checked @/Users/paulfaustin/Library/Developer/Xcode/DerivedData/M4-Besigue-eikqqirvrspelwbaehlhymzomkfp/Build/Intermediates.noindex/M4-Besigue.build/Debug-iphonesimulator/M4-BesigueTests.build/Objects-normal/arm64/M4-BesigueTests.SwiftFileList -DDEBUG -plugin-path /Applications/Xcode.app/Contents/Developer/Toolchains/XcodeDefault.xctoolchain/usr/lib/swift/host/plugins/testing -enable-bare-slash-regex -enable-experimental-feature DebugDescriptionMacro -sdk /Applications/Xcode.app/Contents/Developer/Platforms/iPhoneSimulator.platform/Developer/SDKs/iPhoneSimulator18.5.sdk -target arm64-apple-ios18.5-simulator -g -module-cache-path /Users/paulfaustin/Library/Developer/Xcode/DerivedData/ModuleCache.noindex -Xfrontend -serialize-debugging-options -profile-coverage-mapping -profile-generate -enable-testing -index-store-path /Users/paulfaustin/Library/Developer/Xcode/DerivedData/M4-Besigue-eikqqirvrspelwbaehlhymzomkfp/Index.noindex/DataStore -swift-version 5 -I /Users/paulfaustin/Library/Developer/Xcode/DerivedData/M4-Besigue-eikqqirvrspelwbaehlhymzomkfp/Build/Products/Debug-iphonesimulator -I /Applications/Xcode.app/Contents/Developer/Platforms/iPhoneSimulator.platform/Developer/usr/lib -F /Users/paulfaustin/Library/Developer/Xcode/DerivedData/M4-Besigue-eikqqirvrspelwbaehlhymzomkfp/Build/Products/Debug-iphonesimulator -F /Applications/Xcode.app/Contents/Developer/Platforms/iPhoneSimulator.platform/Developer/Library/Frameworks -F /Applications/Xcode.app/Contents/Developer/Platforms/iPhoneSimulator.platform/Developer/SDKs/iPhoneSimulator18.5.sdk/Developer/Library/Frameworks -c -j8 -enable-batch-mode -incremental -Xcc -ivfsstatcache -Xcc /Users/paulfaustin/Library/Developer/Xcode/DerivedData/SDKStatCaches.noindex/iphonesimulator18.5-22F76-d5fc8ad4295d2ef488fb7d0f804ce0c4.sdkstatcache -output-file-map /Users/paulfaustin/Library/Developer/Xcode/DerivedData/M4-Besigue-eikqqirvrspelwbaehlhymzomkfp/Build/Intermediates.noindex/M4-Besigue.build/Debug-iphonesimulator/M4-BesigueTests.build/Objects-normal/arm64/M4-BesigueTests-OutputFileMap.json -use-frontend-parseable-output -save-temps -no-color-diagnostics -serialize-diagnostics -emit-dependencies -emit-module -emit-module-path /Users/paulfaustin/Library/Developer/Xcode/DerivedData/M4-Besigue-eikqqirvrspelwbaehlhymzomkfp/Build/Intermediates.noindex/M4-Besigue.build/Debug-iphonesimulator/M4-BesigueTests.build/Objects-normal/arm64/M4_BesigueTests.swiftmodule -validate-clang-modules-once -clang-build-session-file /Users/paulfaustin/Library/Developer/Xcode/DerivedData/ModuleCache.noindex/Session.modulevalidation -Xcc -I/Users/paulfaustin/Library/Developer/Xcode/DerivedData/M4-Besigue-eikqqirvrspelwbaehlhymzomkfp/Build/Intermediates.noindex/M4-Besigue.build/Debug-iphonesimulator/M4-BesigueTests.build/swift-overrides.hmap -emit-const-values -Xfrontend -const-gather-protocols-file -Xfrontend /Users/paulfaustin/Library/Developer/Xcode/DerivedData/M4-Besigue-eikqqirvrspelwbaehlhymzomkfp/Build/Intermediates.noindex/M4-Besigue.build/Debug-iphonesimulator/M4-BesigueTests.build/Objects-normal/arm64/M4-BesigueTests_const_extract_protocols.json -Xcc -iquote -Xcc /Users/paulfaustin/Library/Developer/Xcode/DerivedData/M4-Besigue-eikqqirvrspelwbaehlhymzomkfp/Build/Intermediates.noindex/M4-Besigue.build/Debug-iphonesimulator/M4-BesigueTests.build/M4-BesigueTests-generated-files.hmap -Xcc -I/Users/paulfaustin/Library/Developer/Xcode/DerivedData/M4-Besigue-eikqqirvrspelwbaehlhymzomkfp/Build/Intermediates.noindex/M4-Besigue.build/Debug-iphonesimulator/M4-BesigueTests.build/M4-BesigueTests-own-target-headers.hmap -Xcc -I/Users/paulfaustin/Library/Developer/Xcode/DerivedData/M4-Besigue-eikqqirvrspelwbaehlhymzomkfp/Build/Intermediates.noindex/M4-Besigue.build/Debug-iphonesimulator/M4-BesigueTests.build/M4-BesigueTests-all-target-headers.hmap -Xcc -iquote -Xcc /Users/paulfaustin/Library/Developer/Xcode/DerivedData/M4-Besigue-eikqqirvrspelwbaehlhymzomkfp/Build/Intermediates.noindex/M4-Besigue.build/Debug-iphonesimulator/M4-BesigueTests.build/M4-BesigueTests-project-headers.hmap -Xcc -I/Users/paulfaustin/Library/Developer/Xcode/DerivedData/M4-Besigue-eikqqirvrspelwbaehlhymzomkfp/Build/Products/Debug-iphonesimulator/include -Xcc -I/Users/paulfaustin/Library/Developer/Xcode/DerivedData/M4-Besigue-eikqqirvrspelwbaehlhymzomkfp/Build/Intermediates.noindex/M4-Besigue.build/Debug-iphonesimulator/M4-BesigueTests.build/DerivedSources-normal/arm64 -Xcc -I/Users/paulfaustin/Library/Developer/Xcode/DerivedData/M4-Besigue-eikqqirvrspelwbaehlhymzomkfp/Build/Intermediates.noindex/M4-Besigue.build/Debug-iphonesimulator/M4-BesigueTests.build/DerivedSources/arm64 -Xcc -I/Users/paulfaustin/Library/Developer/Xcode/DerivedData/M4-Besigue-eikqqirvrspelwbaehlhymzomkfp/Build/Intermediates.noindex/M4-Besigue.build/Debug-iphonesimulator/M4-BesigueTests.build/DerivedSources -Xcc -DDEBUG\=1 -emit-objc-header -emit-objc-header-path /Users/paulfaustin/Library/Developer/Xcode/DerivedData/M4-Besigue-eikqqirvrspelwbaehlhymzomkfp/Build/Intermediates.noindex/M4-Besigue.build/Debug-iphonesimulator/M4-BesigueTests.build/Objects-normal/arm64/M4_BesigueTests-Swift.h -working-directory /Users/paulfaustin/Documents/My\ Docs/My\ Working/M4/M4-Besigue -experimental-emit-module-separately -disable-cmo

SwiftMergeGeneratedHeaders /Users/paulfaustin/Library/Developer/Xcode/DerivedData/M4-Besigue-eikqqirvrspelwbaehlhymzomkfp/Build/Intermediates.noindex/M4-Besigue.build/Debug-iphonesimulator/M4-BesigueTests.build/DerivedSources/M4_BesigueTests-Swift.h /Users/paulfaustin/Library/Developer/Xcode/DerivedData/M4-Besigue-eikqqirvrspelwbaehlhymzomkfp/Build/Intermediates.noindex/M4-Besigue.build/Debug-iphonesimulator/M4-BesigueTests.build/Objects-normal/arm64/M4_BesigueTests-Swift.h (in target 'M4-BesigueTests' from project 'M4-Besigue')
    cd /Users/paulfaustin/Documents/My\ Docs/My\ Working/M4/M4-Besigue
    builtin-swiftHeaderTool -arch arm64 /Users/paulfaustin/Library/Developer/Xcode/DerivedData/M4-Besigue-eikqqirvrspelwbaehlhymzomkfp/Build/Intermediates.noindex/M4-Besigue.build/Debug-iphonesimulator/M4-BesigueTests.build/Objects-normal/arm64/M4_BesigueTests-Swift.h -o /Users/paulfaustin/Library/Developer/Xcode/DerivedData/M4-Besigue-eikqqirvrspelwbaehlhymzomkfp/Build/Intermediates.noindex/M4-Besigue.build/Debug-iphonesimulator/M4-BesigueTests.build/DerivedSources/M4_BesigueTests-Swift.h

Copy /Users/paulfaustin/Library/Developer/Xcode/DerivedData/M4-Besigue-eikqqirvrspelwbaehlhymzomkfp/Build/Products/Debug-iphonesimulator/M4_BesigueTests.swiftmodule/arm64-apple-ios-simulator.swiftmodule /Users/paulfaustin/Library/Developer/Xcode/DerivedData/M4-Besigue-eikqqirvrspelwbaehlhymzomkfp/Build/Intermediates.noindex/M4-Besigue.build/Debug-iphonesimulator/M4-BesigueTests.build/Objects-normal/arm64/M4_BesigueTests.swiftmodule (in target 'M4-BesigueTests' from project 'M4-Besigue')
    cd /Users/paulfaustin/Documents/My\ Docs/My\ Working/M4/M4-Besigue
    builtin-copy -exclude .DS_Store -exclude CVS -exclude .svn -exclude .git -exclude .hg -resolve-src-symlinks -rename /Users/paulfaustin/Library/Developer/Xcode/DerivedData/M4-Besigue-eikqqirvrspelwbaehlhymzomkfp/Build/Intermediates.noindex/M4-Besigue.build/Debug-iphonesimulator/M4-BesigueTests.build/Objects-normal/arm64/M4_BesigueTests.swiftmodule /Users/paulfaustin/Library/Developer/Xcode/DerivedData/M4-Besigue-eikqqirvrspelwbaehlhymzomkfp/Build/Products/Debug-iphonesimulator/M4_BesigueTests.swiftmodule/arm64-apple-ios-simulator.swiftmodule

Copy /Users/paulfaustin/Library/Developer/Xcode/DerivedData/M4-Besigue-eikqqirvrspelwbaehlhymzomkfp/Build/Products/Debug-iphonesimulator/M4_BesigueTests.swiftmodule/arm64-apple-ios-simulator.swiftdoc /Users/paulfaustin/Library/Developer/Xcode/DerivedData/M4-Besigue-eikqqirvrspelwbaehlhymzomkfp/Build/Intermediates.noindex/M4-Besigue.build/Debug-iphonesimulator/M4-BesigueTests.build/Objects-normal/arm64/M4_BesigueTests.swiftdoc (in target 'M4-BesigueTests' from project 'M4-Besigue')
    cd /Users/paulfaustin/Documents/My\ Docs/My\ Working/M4/M4-Besigue
    builtin-copy -exclude .DS_Store -exclude CVS -exclude .svn -exclude .git -exclude .hg -resolve-src-symlinks -rename /Users/paulfaustin/Library/Developer/Xcode/DerivedData/M4-Besigue-eikqqirvrspelwbaehlhymzomkfp/Build/Intermediates.noindex/M4-Besigue.build/Debug-iphonesimulator/M4-BesigueTests.build/Objects-normal/arm64/M4_BesigueTests.swiftdoc /Users/paulfaustin/Library/Developer/Xcode/DerivedData/M4-Besigue-eikqqirvrspelwbaehlhymzomkfp/Build/Products/Debug-iphonesimulator/M4_BesigueTests.swiftmodule/arm64-apple-ios-simulator.swiftdoc

Copy /Users/paulfaustin/Library/Developer/Xcode/DerivedData/M4-Besigue-eikqqirvrspelwbaehlhymzomkfp/Build/Products/Debug-iphonesimulator/M4_BesigueTests.swiftmodule/arm64-apple-ios-simulator.abi.json /Users/paulfaustin/Library/Developer/Xcode/DerivedData/M4-Besigue-eikqqirvrspelwbaehlhymzomkfp/Build/Intermediates.noindex/M4-Besigue.build/Debug-iphonesimulator/M4-BesigueTests.build/Objects-normal/arm64/M4_BesigueTests.abi.json (in target 'M4-BesigueTests' from project 'M4-Besigue')
    cd /Users/paulfaustin/Documents/My\ Docs/My\ Working/M4/M4-Besigue
    builtin-copy -exclude .DS_Store -exclude CVS -exclude .svn -exclude .git -exclude .hg -resolve-src-symlinks -rename /Users/paulfaustin/Library/Developer/Xcode/DerivedData/M4-Besigue-eikqqirvrspelwbaehlhymzomkfp/Build/Intermediates.noindex/M4-Besigue.build/Debug-iphonesimulator/M4-BesigueTests.build/Objects-normal/arm64/M4_BesigueTests.abi.json /Users/paulfaustin/Library/Developer/Xcode/DerivedData/M4-Besigue-eikqqirvrspelwbaehlhymzomkfp/Build/Products/Debug-iphonesimulator/M4_BesigueTests.swiftmodule/arm64-apple-ios-simulator.abi.json

Copy /Users/paulfaustin/Library/Developer/Xcode/DerivedData/M4-Besigue-eikqqirvrspelwbaehlhymzomkfp/Build/Products/Debug-iphonesimulator/M4_BesigueTests.swiftmodule/Project/arm64-apple-ios-simulator.swiftsourceinfo /Users/paulfaustin/Library/Developer/Xcode/DerivedData/M4-Besigue-eikqqirvrspelwbaehlhymzomkfp/Build/Intermediates.noindex/M4-Besigue.build/Debug-iphonesimulator/M4-BesigueTests.build/Objects-normal/arm64/M4_BesigueTests.swiftsourceinfo (in target 'M4-BesigueTests' from project 'M4-Besigue')
    cd /Users/paulfaustin/Documents/My\ Docs/My\ Working/M4/M4-Besigue
    builtin-copy -exclude .DS_Store -exclude CVS -exclude .svn -exclude .git -exclude .hg -resolve-src-symlinks -rename /Users/paulfaustin/Library/Developer/Xcode/DerivedData/M4-Besigue-eikqqirvrspelwbaehlhymzomkfp/Build/Intermediates.noindex/M4-Besigue.build/Debug-iphonesimulator/M4-BesigueTests.build/Objects-normal/arm64/M4_BesigueTests.swiftsourceinfo /Users/paulfaustin/Library/Developer/Xcode/DerivedData/M4-Besigue-eikqqirvrspelwbaehlhymzomkfp/Build/Products/Debug-iphonesimulator/M4_BesigueTests.swiftmodule/Project/arm64-apple-ios-simulator.swiftsourceinfo

ConstructStubExecutorLinkFileList /Users/paulfaustin/Library/Developer/Xcode/DerivedData/M4-Besigue-eikqqirvrspelwbaehlhymzomkfp/Build/Intermediates.noindex/M4-Besigue.build/Debug-iphonesimulator/M4-Besigue.build/M4-Besigue-ExecutorLinkFileList-normal-arm64.txt (in target 'M4-Besigue' from project 'M4-Besigue')
    cd /Users/paulfaustin/Documents/My\ Docs/My\ Working/M4/M4-Besigue
    construct-stub-executor-link-file-list /Users/paulfaustin/Library/Developer/Xcode/DerivedData/M4-Besigue-eikqqirvrspelwbaehlhymzomkfp/Build/Products/Debug-iphonesimulator/M4-Besigue.app/M4-Besigue.debug.dylib /Applications/Xcode.app/Contents/Developer/Platforms/iPhoneSimulator.platform/Developer/usr/lib/libPreviewsJITStubExecutor_no_swift_entry_point.a /Applications/Xcode.app/Contents/Developer/Platforms/iPhoneSimulator.platform/Developer/usr/lib/libPreviewsJITStubExecutor.a --output /Users/paulfaustin/Library/Developer/Xcode/DerivedData/M4-Besigue-eikqqirvrspelwbaehlhymzomkfp/Build/Intermediates.noindex/M4-Besigue.build/Debug-iphonesimulator/M4-Besigue.build/M4-Besigue-ExecutorLinkFileList-normal-arm64.txt
note: Using stub executor library with Swift entry point. (in target 'M4-Besigue' from project 'M4-Besigue')

Ld /Users/paulfaustin/Library/Developer/Xcode/DerivedData/M4-Besigue-eikqqirvrspelwbaehlhymzomkfp/Build/Products/Debug-iphonesimulator/M4-Besigue.app/M4-Besigue normal (in target 'M4-Besigue' from project 'M4-Besigue')
    cd /Users/paulfaustin/Documents/My\ Docs/My\ Working/M4/M4-Besigue
    /Applications/Xcode.app/Contents/Developer/Toolchains/XcodeDefault.xctoolchain/usr/bin/clang -Xlinker -reproducible -target arm64-apple-ios18.5-simulator -isysroot /Applications/Xcode.app/Contents/Developer/Platforms/iPhoneSimulator.platform/Developer/SDKs/iPhoneSimulator18.5.sdk -O0 -L/Users/paulfaustin/Library/Developer/Xcode/DerivedData/M4-Besigue-eikqqirvrspelwbaehlhymzomkfp/Build/Products/Debug-iphonesimulator -F/Users/paulfaustin/Library/Developer/Xcode/DerivedData/M4-Besigue-eikqqirvrspelwbaehlhymzomkfp/Build/Products/Debug-iphonesimulator -Xlinker -rpath -Xlinker @executable_path -Xlinker -rpath -Xlinker @executable_path/Frameworks -rdynamic -Xlinker -no_deduplicate -Xlinker -objc_abi_version -Xlinker 2 -Xlinker -debug_variant -e ___debug_blank_executor_main -Xlinker -sectcreate -Xlinker __TEXT -Xlinker __debug_dylib -Xlinker /Users/paulfaustin/Library/Developer/Xcode/DerivedData/M4-Besigue-eikqqirvrspelwbaehlhymzomkfp/Build/Intermediates.noindex/M4-Besigue.build/Debug-iphonesimulator/M4-Besigue.build/M4-Besigue-DebugDylibPath-normal-arm64.txt -Xlinker -sectcreate -Xlinker __TEXT -Xlinker __debug_instlnm -Xlinker /Users/paulfaustin/Library/Developer/Xcode/DerivedData/M4-Besigue-eikqqirvrspelwbaehlhymzomkfp/Build/Intermediates.noindex/M4-Besigue.build/Debug-iphonesimulator/M4-Besigue.build/M4-Besigue-DebugDylibInstallName-normal-arm64.txt -Xlinker -filelist -Xlinker /Users/paulfaustin/Library/Developer/Xcode/DerivedData/M4-Besigue-eikqqirvrspelwbaehlhymzomkfp/Build/Intermediates.noindex/M4-Besigue.build/Debug-iphonesimulator/M4-Besigue.build/M4-Besigue-ExecutorLinkFileList-normal-arm64.txt -Xlinker -sectcreate -Xlinker __TEXT -Xlinker __entitlements -Xlinker /Users/paulfaustin/Library/Developer/Xcode/DerivedData/M4-Besigue-eikqqirvrspelwbaehlhymzomkfp/Build/Intermediates.noindex/M4-Besigue.build/Debug-iphonesimulator/M4-Besigue.build/M4-Besigue.app-Simulated.xcent -Xlinker -sectcreate -Xlinker __TEXT -Xlinker __ents_der -Xlinker /Users/paulfaustin/Library/Developer/Xcode/DerivedData/M4-Besigue-eikqqirvrspelwbaehlhymzomkfp/Build/Intermediates.noindex/M4-Besigue.build/Debug-iphonesimulator/M4-Besigue.build/M4-Besigue.app-Simulated.xcent.der /Users/paulfaustin/Library/Developer/Xcode/DerivedData/M4-Besigue-eikqqirvrspelwbaehlhymzomkfp/Build/Products/Debug-iphonesimulator/M4-Besigue.app/M4-Besigue.debug.dylib -Xlinker -no_adhoc_codesign -o /Users/paulfaustin/Library/Developer/Xcode/DerivedData/M4-Besigue-eikqqirvrspelwbaehlhymzomkfp/Build/Products/Debug-iphonesimulator/M4-Besigue.app/M4-Besigue

ExtractAppIntentsMetadata (in target 'M4-Besigue' from project 'M4-Besigue')
    cd /Users/paulfaustin/Documents/My\ Docs/My\ Working/M4/M4-Besigue
    /Applications/Xcode.app/Contents/Developer/Toolchains/XcodeDefault.xctoolchain/usr/bin/appintentsmetadataprocessor --toolchain-dir /Applications/Xcode.app/Contents/Developer/Toolchains/XcodeDefault.xctoolchain --module-name M4_Besigue --sdk-root /Applications/Xcode.app/Contents/Developer/Platforms/iPhoneSimulator.platform/Developer/SDKs/iPhoneSimulator18.5.sdk --xcode-version 16F6 --platform-family iOS --deployment-target 18.5 --bundle-identifier com.nivaron.m4besigue.M4-Besigue --output /Users/paulfaustin/Library/Developer/Xcode/DerivedData/M4-Besigue-eikqqirvrspelwbaehlhymzomkfp/Build/Products/Debug-iphonesimulator/M4-Besigue.app --target-triple arm64-apple-ios18.5-simulator --binary-file /Users/paulfaustin/Library/Developer/Xcode/DerivedData/M4-Besigue-eikqqirvrspelwbaehlhymzomkfp/Build/Products/Debug-iphonesimulator/M4-Besigue.app/M4-Besigue --dependency-file /Users/paulfaustin/Library/Developer/Xcode/DerivedData/M4-Besigue-eikqqirvrspelwbaehlhymzomkfp/Build/Intermediates.noindex/M4-Besigue.build/Debug-iphonesimulator/M4-Besigue.build/Objects-normal/arm64/M4-Besigue_dependency_info.dat --stringsdata-file /Users/paulfaustin/Library/Developer/Xcode/DerivedData/M4-Besigue-eikqqirvrspelwbaehlhymzomkfp/Build/Intermediates.noindex/M4-Besigue.build/Debug-iphonesimulator/M4-Besigue.build/Objects-normal/arm64/ExtractedAppShortcutsMetadata.stringsdata --source-file-list /Users/paulfaustin/Library/Developer/Xcode/DerivedData/M4-Besigue-eikqqirvrspelwbaehlhymzomkfp/Build/Intermediates.noindex/M4-Besigue.build/Debug-iphonesimulator/M4-Besigue.build/Objects-normal/arm64/M4-Besigue.SwiftFileList --metadata-file-list /Users/paulfaustin/Library/Developer/Xcode/DerivedData/M4-Besigue-eikqqirvrspelwbaehlhymzomkfp/Build/Intermediates.noindex/M4-Besigue.build/Debug-iphonesimulator/M4-Besigue.build/M4-Besigue.DependencyMetadataFileList --static-metadata-file-list /Users/paulfaustin/Library/Developer/Xcode/DerivedData/M4-Besigue-eikqqirvrspelwbaehlhymzomkfp/Build/Intermediates.noindex/M4-Besigue.build/Debug-iphonesimulator/M4-Besigue.build/M4-Besigue.DependencyStaticMetadataFileList --swift-const-vals-list /Users/paulfaustin/Library/Developer/Xcode/DerivedData/M4-Besigue-eikqqirvrspelwbaehlhymzomkfp/Build/Intermediates.noindex/M4-Besigue.build/Debug-iphonesimulator/M4-Besigue.build/Objects-normal/arm64/M4-Besigue.SwiftConstValuesFileList --compile-time-extraction --deployment-aware-processing --validate-assistant-intents --no-app-shortcuts-localization
2025-08-10 07:57:48.908 appintentsmetadataprocessor[274:84906451] Starting appintentsmetadataprocessor export
2025-08-10 07:57:48.913 appintentsmetadataprocessor[274:84906451] warning: Metadata extraction skipped. No AppIntents.framework dependency found.

CopySwiftLibs /Users/paulfaustin/Library/Developer/Xcode/DerivedData/M4-Besigue-eikqqirvrspelwbaehlhymzomkfp/Build/Products/Debug-iphonesimulator/M4-Besigue.app (in target 'M4-Besigue' from project 'M4-Besigue')
    cd /Users/paulfaustin/Documents/My\ Docs/My\ Working/M4/M4-Besigue
    builtin-swiftStdLibTool --copy --verbose --sign - --scan-executable /Users/paulfaustin/Library/Developer/Xcode/DerivedData/M4-Besigue-eikqqirvrspelwbaehlhymzomkfp/Build/Products/Debug-iphonesimulator/M4-Besigue.app/M4-Besigue.debug.dylib --scan-folder /Users/paulfaustin/Library/Developer/Xcode/DerivedData/M4-Besigue-eikqqirvrspelwbaehlhymzomkfp/Build/Products/Debug-iphonesimulator/M4-Besigue.app/Frameworks --scan-folder /Users/paulfaustin/Library/Developer/Xcode/DerivedData/M4-Besigue-eikqqirvrspelwbaehlhymzomkfp/Build/Products/Debug-iphonesimulator/M4-Besigue.app/PlugIns --scan-folder /Users/paulfaustin/Library/Developer/Xcode/DerivedData/M4-Besigue-eikqqirvrspelwbaehlhymzomkfp/Build/Products/Debug-iphonesimulator/M4-Besigue.app/SystemExtensions --scan-folder /Users/paulfaustin/Library/Developer/Xcode/DerivedData/M4-Besigue-eikqqirvrspelwbaehlhymzomkfp/Build/Products/Debug-iphonesimulator/M4-Besigue.app/Extensions --platform iphonesimulator --toolchain /Applications/Xcode.app/Contents/Developer/Toolchains/XcodeDefault.xctoolchain --destination /Users/paulfaustin/Library/Developer/Xcode/DerivedData/M4-Besigue-eikqqirvrspelwbaehlhymzomkfp/Build/Products/Debug-iphonesimulator/M4-Besigue.app/Frameworks --strip-bitcode --strip-bitcode-tool /Applications/Xcode.app/Contents/Developer/Toolchains/XcodeDefault.xctoolchain/usr/bin/bitcode_strip --emit-dependency-info /Users/paulfaustin/Library/Developer/Xcode/DerivedData/M4-Besigue-eikqqirvrspelwbaehlhymzomkfp/Build/Intermediates.noindex/M4-Besigue.build/Debug-iphonesimulator/M4-Besigue.build/SwiftStdLibToolInputDependencies.dep --filter-for-swift-os

ProcessInfoPlistFile /Users/paulfaustin/Library/Developer/Xcode/DerivedData/M4-Besigue-eikqqirvrspelwbaehlhymzomkfp/Build/Products/Debug-iphonesimulator/M4-Besigue.app/PlugIns/M4-BesigueTests.xctest/Info.plist /Users/paulfaustin/Documents/My\ Docs/My\ Working/M4/M4-Besigue/M4-Besigue/Info.plist (in target 'M4-BesigueTests' from project 'M4-Besigue')
    cd /Users/paulfaustin/Documents/My\ Docs/My\ Working/M4/M4-Besigue
    builtin-infoPlistUtility /Users/paulfaustin/Documents/My\ Docs/My\ Working/M4/M4-Besigue/M4-Besigue/Info.plist -producttype com.apple.product-type.bundle.unit-test -expandbuildsettings -format binary -platform iphonesimulator -o /Users/paulfaustin/Library/Developer/Xcode/DerivedData/M4-Besigue-eikqqirvrspelwbaehlhymzomkfp/Build/Products/Debug-iphonesimulator/M4-Besigue.app/PlugIns/M4-BesigueTests.xctest/Info.plist

SwiftDriverJobDiscovery normal arm64 Compiling M4_BesigueUITests.swift (in target 'M4-BesigueUITests' from project 'M4-Besigue')

SwiftDriverJobDiscovery normal arm64 Compiling M4_BesigueUITestsLaunchTests.swift (in target 'M4-BesigueUITests' from project 'M4-Besigue')

SwiftDriver\ Compilation M4-BesigueUITests normal arm64 com.apple.xcode.tools.swift.compiler (in target 'M4-BesigueUITests' from project 'M4-Besigue')
    cd /Users/paulfaustin/Documents/My\ Docs/My\ Working/M4/M4-Besigue
    builtin-Swift-Compilation -- /Applications/Xcode.app/Contents/Developer/Toolchains/XcodeDefault.xctoolchain/usr/bin/swiftc -module-name M4_BesigueUITests -Onone -enforce-exclusivity\=checked @/Users/paulfaustin/Library/Developer/Xcode/DerivedData/M4-Besigue-eikqqirvrspelwbaehlhymzomkfp/Build/Intermediates.noindex/M4-Besigue.build/Debug-iphonesimulator/M4-BesigueUITests.build/Objects-normal/arm64/M4-BesigueUITests.SwiftFileList -DDEBUG -module-alias Testing\=_Testing_Unavailable -plugin-path /Applications/Xcode.app/Contents/Developer/Toolchains/XcodeDefault.xctoolchain/usr/lib/swift/host/plugins/testing -enable-bare-slash-regex -enable-experimental-feature DebugDescriptionMacro -sdk /Applications/Xcode.app/Contents/Developer/Platforms/iPhoneSimulator.platform/Developer/SDKs/iPhoneSimulator18.5.sdk -target arm64-apple-ios18.5-simulator -g -module-cache-path /Users/paulfaustin/Library/Developer/Xcode/DerivedData/ModuleCache.noindex -Xfrontend -serialize-debugging-options -profile-coverage-mapping -profile-generate -enable-testing -index-store-path /Users/paulfaustin/Library/Developer/Xcode/DerivedData/M4-Besigue-eikqqirvrspelwbaehlhymzomkfp/Index.noindex/DataStore -swift-version 5 -I /Users/paulfaustin/Library/Developer/Xcode/DerivedData/M4-Besigue-eikqqirvrspelwbaehlhymzomkfp/Build/Products/Debug-iphonesimulator -I /Applications/Xcode.app/Contents/Developer/Platforms/iPhoneSimulator.platform/Developer/usr/lib -F /Users/paulfaustin/Library/Developer/Xcode/DerivedData/M4-Besigue-eikqqirvrspelwbaehlhymzomkfp/Build/Products/Debug-iphonesimulator -F /Applications/Xcode.app/Contents/Developer/Platforms/iPhoneSimulator.platform/Developer/Library/Frameworks -F /Applications/Xcode.app/Contents/Developer/Platforms/iPhoneSimulator.platform/Developer/SDKs/iPhoneSimulator18.5.sdk/Developer/Library/Frameworks -c -j8 -enable-batch-mode -incremental -Xcc -ivfsstatcache -Xcc /Users/paulfaustin/Library/Developer/Xcode/DerivedData/SDKStatCaches.noindex/iphonesimulator18.5-22F76-d5fc8ad4295d2ef488fb7d0f804ce0c4.sdkstatcache -output-file-map /Users/paulfaustin/Library/Developer/Xcode/DerivedData/M4-Besigue-eikqqirvrspelwbaehlhymzomkfp/Build/Intermediates.noindex/M4-Besigue.build/Debug-iphonesimulator/M4-BesigueUITests.build/Objects-normal/arm64/M4-BesigueUITests-OutputFileMap.json -use-frontend-parseable-output -save-temps -no-color-diagnostics -serialize-diagnostics -emit-dependencies -emit-module -emit-module-path /Users/paulfaustin/Library/Developer/Xcode/DerivedData/M4-Besigue-eikqqirvrspelwbaehlhymzomkfp/Build/Intermediates.noindex/M4-Besigue.build/Debug-iphonesimulator/M4-BesigueUITests.build/Objects-normal/arm64/M4_BesigueUITests.swiftmodule -validate-clang-modules-once -clang-build-session-file /Users/paulfaustin/Library/Developer/Xcode/DerivedData/ModuleCache.noindex/Session.modulevalidation -Xcc -I/Users/paulfaustin/Library/Developer/Xcode/DerivedData/M4-Besigue-eikqqirvrspelwbaehlhymzomkfp/Build/Intermediates.noindex/M4-Besigue.build/Debug-iphonesimulator/M4-BesigueUITests.build/swift-overrides.hmap -emit-const-values -Xfrontend -const-gather-protocols-file -Xfrontend /Users/paulfaustin/Library/Developer/Xcode/DerivedData/M4-Besigue-eikqqirvrspelwbaehlhymzomkfp/Build/Intermediates.noindex/M4-Besigue.build/Debug-iphonesimulator/M4-BesigueUITests.build/Objects-normal/arm64/M4-BesigueUITests_const_extract_protocols.json -Xcc -iquote -Xcc /Users/paulfaustin/Library/Developer/Xcode/DerivedData/M4-Besigue-eikqqirvrspelwbaehlhymzomkfp/Build/Intermediates.noindex/M4-Besigue.build/Debug-iphonesimulator/M4-BesigueUITests.build/M4-BesigueUITests-generated-files.hmap -Xcc -I/Users/paulfaustin/Library/Developer/Xcode/DerivedData/M4-Besigue-eikqqirvrspelwbaehlhymzomkfp/Build/Intermediates.noindex/M4-Besigue.build/Debug-iphonesimulator/M4-BesigueUITests.build/M4-BesigueUITests-own-target-headers.hmap -Xcc -I/Users/paulfaustin/Library/Developer/Xcode/DerivedData/M4-Besigue-eikqqirvrspelwbaehlhymzomkfp/Build/Intermediates.noindex/M4-Besigue.build/Debug-iphonesimulator/M4-BesigueUITests.build/M4-BesigueUITests-all-target-headers.hmap -Xcc -iquote -Xcc /Users/paulfaustin/Library/Developer/Xcode/DerivedData/M4-Besigue-eikqqirvrspelwbaehlhymzomkfp/Build/Intermediates.noindex/M4-Besigue.build/Debug-iphonesimulator/M4-BesigueUITests.build/M4-BesigueUITests-project-headers.hmap -Xcc -I/Users/paulfaustin/Library/Developer/Xcode/DerivedData/M4-Besigue-eikqqirvrspelwbaehlhymzomkfp/Build/Products/Debug-iphonesimulator/include -Xcc -I/Users/paulfaustin/Library/Developer/Xcode/DerivedData/M4-Besigue-eikqqirvrspelwbaehlhymzomkfp/Build/Intermediates.noindex/M4-Besigue.build/Debug-iphonesimulator/M4-BesigueUITests.build/DerivedSources-normal/arm64 -Xcc -I/Users/paulfaustin/Library/Developer/Xcode/DerivedData/M4-Besigue-eikqqirvrspelwbaehlhymzomkfp/Build/Intermediates.noindex/M4-Besigue.build/Debug-iphonesimulator/M4-BesigueUITests.build/DerivedSources/arm64 -Xcc -I/Users/paulfaustin/Library/Developer/Xcode/DerivedData/M4-Besigue-eikqqirvrspelwbaehlhymzomkfp/Build/Intermediates.noindex/M4-Besigue.build/Debug-iphonesimulator/M4-BesigueUITests.build/DerivedSources -Xcc -DDEBUG\=1 -emit-objc-header -emit-objc-header-path /Users/paulfaustin/Library/Developer/Xcode/DerivedData/M4-Besigue-eikqqirvrspelwbaehlhymzomkfp/Build/Intermediates.noindex/M4-Besigue.build/Debug-iphonesimulator/M4-BesigueUITests.build/Objects-normal/arm64/M4_BesigueUITests-Swift.h -working-directory /Users/paulfaustin/Documents/My\ Docs/My\ Working/M4/M4-Besigue -experimental-emit-module-separately -disable-cmo

SwiftDriverJobDiscovery normal arm64 Compiling M4_BesigueTests.swift (in target 'M4-BesigueTests' from project 'M4-Besigue')

SwiftDriverJobDiscovery normal arm64 Compiling BesigueGameEngineTests.swift (in target 'M4-BesigueTests' from project 'M4-Besigue')

SwiftDriver\ Compilation M4-BesigueTests normal arm64 com.apple.xcode.tools.swift.compiler (in target 'M4-BesigueTests' from project 'M4-Besigue')
    cd /Users/paulfaustin/Documents/My\ Docs/My\ Working/M4/M4-Besigue
    builtin-Swift-Compilation -- /Applications/Xcode.app/Contents/Developer/Toolchains/XcodeDefault.xctoolchain/usr/bin/swiftc -module-name M4_BesigueTests -Onone -enforce-exclusivity\=checked @/Users/paulfaustin/Library/Developer/Xcode/DerivedData/M4-Besigue-eikqqirvrspelwbaehlhymzomkfp/Build/Intermediates.noindex/M4-Besigue.build/Debug-iphonesimulator/M4-BesigueTests.build/Objects-normal/arm64/M4-BesigueTests.SwiftFileList -DDEBUG -plugin-path /Applications/Xcode.app/Contents/Developer/Toolchains/XcodeDefault.xctoolchain/usr/lib/swift/host/plugins/testing -enable-bare-slash-regex -enable-experimental-feature DebugDescriptionMacro -sdk /Applications/Xcode.app/Contents/Developer/Platforms/iPhoneSimulator.platform/Developer/SDKs/iPhoneSimulator18.5.sdk -target arm64-apple-ios18.5-simulator -g -module-cache-path /Users/paulfaustin/Library/Developer/Xcode/DerivedData/ModuleCache.noindex -Xfrontend -serialize-debugging-options -profile-coverage-mapping -profile-generate -enable-testing -index-store-path /Users/paulfaustin/Library/Developer/Xcode/DerivedData/M4-Besigue-eikqqirvrspelwbaehlhymzomkfp/Index.noindex/DataStore -swift-version 5 -I /Users/paulfaustin/Library/Developer/Xcode/DerivedData/M4-Besigue-eikqqirvrspelwbaehlhymzomkfp/Build/Products/Debug-iphonesimulator -I /Applications/Xcode.app/Contents/Developer/Platforms/iPhoneSimulator.platform/Developer/usr/lib -F /Users/paulfaustin/Library/Developer/Xcode/DerivedData/M4-Besigue-eikqqirvrspelwbaehlhymzomkfp/Build/Products/Debug-iphonesimulator -F /Applications/Xcode.app/Contents/Developer/Platforms/iPhoneSimulator.platform/Developer/Library/Frameworks -F /Applications/Xcode.app/Contents/Developer/Platforms/iPhoneSimulator.platform/Developer/SDKs/iPhoneSimulator18.5.sdk/Developer/Library/Frameworks -c -j8 -enable-batch-mode -incremental -Xcc -ivfsstatcache -Xcc /Users/paulfaustin/Library/Developer/Xcode/DerivedData/SDKStatCaches.noindex/iphonesimulator18.5-22F76-d5fc8ad4295d2ef488fb7d0f804ce0c4.sdkstatcache -output-file-map /Users/paulfaustin/Library/Developer/Xcode/DerivedData/M4-Besigue-eikqqirvrspelwbaehlhymzomkfp/Build/Intermediates.noindex/M4-Besigue.build/Debug-iphonesimulator/M4-BesigueTests.build/Objects-normal/arm64/M4-BesigueTests-OutputFileMap.json -use-frontend-parseable-output -save-temps -no-color-diagnostics -serialize-diagnostics -emit-dependencies -emit-module -emit-module-path /Users/paulfaustin/Library/Developer/Xcode/DerivedData/M4-Besigue-eikqqirvrspelwbaehlhymzomkfp/Build/Intermediates.noindex/M4-Besigue.build/Debug-iphonesimulator/M4-BesigueTests.build/Objects-normal/arm64/M4_BesigueTests.swiftmodule -validate-clang-modules-once -clang-build-session-file /Users/paulfaustin/Library/Developer/Xcode/DerivedData/ModuleCache.noindex/Session.modulevalidation -Xcc -I/Users/paulfaustin/Library/Developer/Xcode/DerivedData/M4-Besigue-eikqqirvrspelwbaehlhymzomkfp/Build/Intermediates.noindex/M4-Besigue.build/Debug-iphonesimulator/M4-BesigueTests.build/swift-overrides.hmap -emit-const-values -Xfrontend -const-gather-protocols-file -Xfrontend /Users/paulfaustin/Library/Developer/Xcode/DerivedData/M4-Besigue-eikqqirvrspelwbaehlhymzomkfp/Build/Intermediates.noindex/M4-Besigue.build/Debug-iphonesimulator/M4-BesigueTests.build/Objects-normal/arm64/M4-BesigueTests_const_extract_protocols.json -Xcc -iquote -Xcc /Users/paulfaustin/Library/Developer/Xcode/DerivedData/M4-Besigue-eikqqirvrspelwbaehlhymzomkfp/Build/Intermediates.noindex/M4-Besigue.build/Debug-iphonesimulator/M4-BesigueTests.build/M4-BesigueTests-generated-files.hmap -Xcc -I/Users/paulfaustin/Library/Developer/Xcode/DerivedData/M4-Besigue-eikqqirvrspelwbaehlhymzomkfp/Build/Intermediates.noindex/M4-Besigue.build/Debug-iphonesimulator/M4-BesigueTests.build/M4-BesigueTests-own-target-headers.hmap -Xcc -I/Users/paulfaustin/Library/Developer/Xcode/DerivedData/M4-Besigue-eikqqirvrspelwbaehlhymzomkfp/Build/Intermediates.noindex/M4-Besigue.build/Debug-iphonesimulator/M4-BesigueTests.build/M4-BesigueTests-all-target-headers.hmap -Xcc -iquote -Xcc /Users/paulfaustin/Library/Developer/Xcode/DerivedData/M4-Besigue-eikqqirvrspelwbaehlhymzomkfp/Build/Intermediates.noindex/M4-Besigue.build/Debug-iphonesimulator/M4-BesigueTests.build/M4-BesigueTests-project-headers.hmap -Xcc -I/Users/paulfaustin/Library/Developer/Xcode/DerivedData/M4-Besigue-eikqqirvrspelwbaehlhymzomkfp/Build/Products/Debug-iphonesimulator/include -Xcc -I/Users/paulfaustin/Library/Developer/Xcode/DerivedData/M4-Besigue-eikqqirvrspelwbaehlhymzomkfp/Build/Intermediates.noindex/M4-Besigue.build/Debug-iphonesimulator/M4-BesigueTests.build/DerivedSources-normal/arm64 -Xcc -I/Users/paulfaustin/Library/Developer/Xcode/DerivedData/M4-Besigue-eikqqirvrspelwbaehlhymzomkfp/Build/Intermediates.noindex/M4-Besigue.build/Debug-iphonesimulator/M4-BesigueTests.build/DerivedSources/arm64 -Xcc -I/Users/paulfaustin/Library/Developer/Xcode/DerivedData/M4-Besigue-eikqqirvrspelwbaehlhymzomkfp/Build/Intermediates.noindex/M4-Besigue.build/Debug-iphonesimulator/M4-BesigueTests.build/DerivedSources -Xcc -DDEBUG\=1 -emit-objc-header -emit-objc-header-path /Users/paulfaustin/Library/Developer/Xcode/DerivedData/M4-Besigue-eikqqirvrspelwbaehlhymzomkfp/Build/Intermediates.noindex/M4-Besigue.build/Debug-iphonesimulator/M4-BesigueTests.build/Objects-normal/arm64/M4_BesigueTests-Swift.h -working-directory /Users/paulfaustin/Documents/My\ Docs/My\ Working/M4/M4-Besigue -experimental-emit-module-separately -disable-cmo

Ld /Users/paulfaustin/Library/Developer/Xcode/DerivedData/M4-Besigue-eikqqirvrspelwbaehlhymzomkfp/Build/Products/Debug-iphonesimulator/M4-Besigue.app/PlugIns/M4-BesigueTests.xctest/M4-BesigueTests normal (in target 'M4-BesigueTests' from project 'M4-Besigue')
    cd /Users/paulfaustin/Documents/My\ Docs/My\ Working/M4/M4-Besigue
    /Applications/Xcode.app/Contents/Developer/Toolchains/XcodeDefault.xctoolchain/usr/bin/clang -Xlinker -reproducible -target arm64-apple-ios18.5-simulator -bundle -isysroot /Applications/Xcode.app/Contents/Developer/Platforms/iPhoneSimulator.platform/Developer/SDKs/iPhoneSimulator18.5.sdk -O0 -L/Users/paulfaustin/Library/Developer/Xcode/DerivedData/M4-Besigue-eikqqirvrspelwbaehlhymzomkfp/Build/Intermediates.noindex/EagerLinkingTBDs/Debug-iphonesimulator -L/Users/paulfaustin/Library/Developer/Xcode/DerivedData/M4-Besigue-eikqqirvrspelwbaehlhymzomkfp/Build/Products/Debug-iphonesimulator -L/Applications/Xcode.app/Contents/Developer/Platforms/iPhoneSimulator.platform/Developer/usr/lib -F/Users/paulfaustin/Library/Developer/Xcode/DerivedData/M4-Besigue-eikqqirvrspelwbaehlhymzomkfp/Build/Intermediates.noindex/EagerLinkingTBDs/Debug-iphonesimulator -F/Users/paulfaustin/Library/Developer/Xcode/DerivedData/M4-Besigue-eikqqirvrspelwbaehlhymzomkfp/Build/Products/Debug-iphonesimulator -iframework /Applications/Xcode.app/Contents/Developer/Platforms/iPhoneSimulator.platform/Developer/Library/Frameworks -iframework /Applications/Xcode.app/Contents/Developer/Platforms/iPhoneSimulator.platform/Developer/SDKs/iPhoneSimulator18.5.sdk/Developer/Library/Frameworks -filelist /Users/paulfaustin/Library/Developer/Xcode/DerivedData/M4-Besigue-eikqqirvrspelwbaehlhymzomkfp/Build/Intermediates.noindex/M4-Besigue.build/Debug-iphonesimulator/M4-BesigueTests.build/Objects-normal/arm64/M4-BesigueTests.LinkFileList -Xlinker -rpath -Xlinker @loader_path/Frameworks -Xlinker -rpath -Xlinker @executable_path/Frameworks -dead_strip -bundle_loader /Users/paulfaustin/Library/Developer/Xcode/DerivedData/M4-Besigue-eikqqirvrspelwbaehlhymzomkfp/Build/Products/Debug-iphonesimulator/M4-Besigue.app/M4-Besigue -Xlinker -object_path_lto -Xlinker /Users/paulfaustin/Library/Developer/Xcode/DerivedData/M4-Besigue-eikqqirvrspelwbaehlhymzomkfp/Build/Intermediates.noindex/M4-Besigue.build/Debug-iphonesimulator/M4-BesigueTests.build/Objects-normal/arm64/M4-BesigueTests_lto.o -rdynamic -Xlinker -no_deduplicate -Xlinker -objc_abi_version -Xlinker 2 -Xlinker -debug_variant -Xlinker -dependency_info -Xlinker /Users/paulfaustin/Library/Developer/Xcode/DerivedData/M4-Besigue-eikqqirvrspelwbaehlhymzomkfp/Build/Intermediates.noindex/M4-Besigue.build/Debug-iphonesimulator/M4-BesigueTests.build/Objects-normal/arm64/M4-BesigueTests_dependency_info.dat -fobjc-link-runtime -fprofile-instr-generate -L/Applications/Xcode.app/Contents/Developer/Toolchains/XcodeDefault.xctoolchain/usr/lib/swift/iphonesimulator -L/usr/lib/swift -Xlinker -add_ast_path -Xlinker /Users/paulfaustin/Library/Developer/Xcode/DerivedData/M4-Besigue-eikqqirvrspelwbaehlhymzomkfp/Build/Intermediates.noindex/M4-Besigue.build/Debug-iphonesimulator/M4-BesigueTests.build/Objects-normal/arm64/M4_BesigueTests.swiftmodule -framework XCTest -lXCTestSwiftSupport /Users/paulfaustin/Library/Developer/Xcode/DerivedData/M4-Besigue-eikqqirvrspelwbaehlhymzomkfp/Build/Products/Debug-iphonesimulator/M4-Besigue.app/M4-Besigue.debug.dylib -Xlinker -no_adhoc_codesign -o /Users/paulfaustin/Library/Developer/Xcode/DerivedData/M4-Besigue-eikqqirvrspelwbaehlhymzomkfp/Build/Products/Debug-iphonesimulator/M4-Besigue.app/PlugIns/M4-BesigueTests.xctest/M4-BesigueTests

CopySwiftLibs /Users/paulfaustin/Library/Developer/Xcode/DerivedData/M4-Besigue-eikqqirvrspelwbaehlhymzomkfp/Build/Products/Debug-iphonesimulator/M4-Besigue.app/PlugIns/M4-BesigueTests.xctest (in target 'M4-BesigueTests' from project 'M4-Besigue')
    cd /Users/paulfaustin/Documents/My\ Docs/My\ Working/M4/M4-Besigue
    builtin-swiftStdLibTool --copy --verbose --sign - --scan-executable /Users/paulfaustin/Library/Developer/Xcode/DerivedData/M4-Besigue-eikqqirvrspelwbaehlhymzomkfp/Build/Products/Debug-iphonesimulator/M4-Besigue.app/PlugIns/M4-BesigueTests.xctest/M4-BesigueTests --scan-folder /Users/paulfaustin/Library/Developer/Xcode/DerivedData/M4-Besigue-eikqqirvrspelwbaehlhymzomkfp/Build/Products/Debug-iphonesimulator/M4-Besigue.app/PlugIns/M4-BesigueTests.xctest/Frameworks --scan-folder /Users/paulfaustin/Library/Developer/Xcode/DerivedData/M4-Besigue-eikqqirvrspelwbaehlhymzomkfp/Build/Products/Debug-iphonesimulator/M4-Besigue.app/PlugIns/M4-BesigueTests.xctest/PlugIns --scan-folder /Users/paulfaustin/Library/Developer/Xcode/DerivedData/M4-Besigue-eikqqirvrspelwbaehlhymzomkfp/Build/Products/Debug-iphonesimulator/M4-Besigue.app/PlugIns/M4-BesigueTests.xctest/SystemExtensions --scan-folder /Users/paulfaustin/Library/Developer/Xcode/DerivedData/M4-Besigue-eikqqirvrspelwbaehlhymzomkfp/Build/Products/Debug-iphonesimulator/M4-Besigue.app/PlugIns/M4-BesigueTests.xctest/Extensions --platform iphonesimulator --toolchain /Applications/Xcode.app/Contents/Developer/Toolchains/XcodeDefault.xctoolchain --destination /Users/paulfaustin/Library/Developer/Xcode/DerivedData/M4-Besigue-eikqqirvrspelwbaehlhymzomkfp/Build/Products/Debug-iphonesimulator/M4-Besigue.app/PlugIns/M4-BesigueTests.xctest/Frameworks --strip-bitcode --scan-executable /Applications/Xcode.app/Contents/Developer/Platforms/iPhoneSimulator.platform/Developer/usr/lib/libXCTestSwiftSupport.dylib --strip-bitcode-tool /Applications/Xcode.app/Contents/Developer/Toolchains/XcodeDefault.xctoolchain/usr/bin/bitcode_strip --emit-dependency-info /Users/paulfaustin/Library/Developer/Xcode/DerivedData/M4-Besigue-eikqqirvrspelwbaehlhymzomkfp/Build/Intermediates.noindex/M4-Besigue.build/Debug-iphonesimulator/M4-BesigueTests.build/SwiftStdLibToolInputDependencies.dep --filter-for-swift-os

ExtractAppIntentsMetadata (in target 'M4-BesigueTests' from project 'M4-Besigue')
    cd /Users/paulfaustin/Documents/My\ Docs/My\ Working/M4/M4-Besigue
    /Applications/Xcode.app/Contents/Developer/Toolchains/XcodeDefault.xctoolchain/usr/bin/appintentsmetadataprocessor --toolchain-dir /Applications/Xcode.app/Contents/Developer/Toolchains/XcodeDefault.xctoolchain --module-name M4_BesigueTests --sdk-root /Applications/Xcode.app/Contents/Developer/Platforms/iPhoneSimulator.platform/Developer/SDKs/iPhoneSimulator18.5.sdk --xcode-version 16F6 --platform-family iOS --deployment-target 18.5 --bundle-identifier com.nivaron.m4besigue.M4-BesigueTests --output /Users/paulfaustin/Library/Developer/Xcode/DerivedData/M4-Besigue-eikqqirvrspelwbaehlhymzomkfp/Build/Products/Debug-iphonesimulator/M4-Besigue.app/PlugIns/M4-BesigueTests.xctest --target-triple arm64-apple-ios18.5-simulator --binary-file /Users/paulfaustin/Library/Developer/Xcode/DerivedData/M4-Besigue-eikqqirvrspelwbaehlhymzomkfp/Build/Products/Debug-iphonesimulator/M4-Besigue.app/PlugIns/M4-BesigueTests.xctest/M4-BesigueTests --dependency-file /Users/paulfaustin/Library/Developer/Xcode/DerivedData/M4-Besigue-eikqqirvrspelwbaehlhymzomkfp/Build/Intermediates.noindex/M4-Besigue.build/Debug-iphonesimulator/M4-BesigueTests.build/Objects-normal/arm64/M4-BesigueTests_dependency_info.dat --stringsdata-file /Users/paulfaustin/Library/Developer/Xcode/DerivedData/M4-Besigue-eikqqirvrspelwbaehlhymzomkfp/Build/Intermediates.noindex/M4-Besigue.build/Debug-iphonesimulator/M4-BesigueTests.build/Objects-normal/arm64/ExtractedAppShortcutsMetadata.stringsdata --source-file-list /Users/paulfaustin/Library/Developer/Xcode/DerivedData/M4-Besigue-eikqqirvrspelwbaehlhymzomkfp/Build/Intermediates.noindex/M4-Besigue.build/Debug-iphonesimulator/M4-BesigueTests.build/Objects-normal/arm64/M4-BesigueTests.SwiftFileList --metadata-file-list /Users/paulfaustin/Library/Developer/Xcode/DerivedData/M4-Besigue-eikqqirvrspelwbaehlhymzomkfp/Build/Intermediates.noindex/M4-Besigue.build/Debug-iphonesimulator/M4-BesigueTests.build/M4-BesigueTests.DependencyMetadataFileList --static-metadata-file-list /Users/paulfaustin/Library/Developer/Xcode/DerivedData/M4-Besigue-eikqqirvrspelwbaehlhymzomkfp/Build/Intermediates.noindex/M4-Besigue.build/Debug-iphonesimulator/M4-BesigueTests.build/M4-BesigueTests.DependencyStaticMetadataFileList --swift-const-vals-list /Users/paulfaustin/Library/Developer/Xcode/DerivedData/M4-Besigue-eikqqirvrspelwbaehlhymzomkfp/Build/Intermediates.noindex/M4-Besigue.build/Debug-iphonesimulator/M4-BesigueTests.build/Objects-normal/arm64/M4-BesigueTests.SwiftConstValuesFileList --compile-time-extraction --deployment-aware-processing --validate-assistant-intents --no-app-shortcuts-localization
2025-08-10 07:57:54.581 appintentsmetadataprocessor[303:84906732] Starting appintentsmetadataprocessor export
2025-08-10 07:57:54.585 appintentsmetadataprocessor[303:84906732] warning: Metadata extraction skipped. No AppIntents.framework dependency found.

AppIntentsSSUTraining (in target 'M4-BesigueTests' from project 'M4-Besigue')
    cd /Users/paulfaustin/Documents/My\ Docs/My\ Working/M4/M4-Besigue
    /Applications/Xcode.app/Contents/Developer/Toolchains/XcodeDefault.xctoolchain/usr/bin/appintentsnltrainingprocessor --infoplist-path /Users/paulfaustin/Library/Developer/Xcode/DerivedData/M4-Besigue-eikqqirvrspelwbaehlhymzomkfp/Build/Products/Debug-iphonesimulator/M4-Besigue.app/PlugIns/M4-BesigueTests.xctest/Info.plist --temp-dir-path /Users/paulfaustin/Library/Developer/Xcode/DerivedData/M4-Besigue-eikqqirvrspelwbaehlhymzomkfp/Build/Intermediates.noindex/M4-Besigue.build/Debug-iphonesimulator/M4-BesigueTests.build/ssu --bundle-id com.nivaron.m4besigue.M4-BesigueTests --product-path /Users/paulfaustin/Library/Developer/Xcode/DerivedData/M4-Besigue-eikqqirvrspelwbaehlhymzomkfp/Build/Products/Debug-iphonesimulator/M4-Besigue.app/PlugIns/M4-BesigueTests.xctest --extracted-metadata-path /Users/paulfaustin/Library/Developer/Xcode/DerivedData/M4-Besigue-eikqqirvrspelwbaehlhymzomkfp/Build/Products/Debug-iphonesimulator/M4-Besigue.app/PlugIns/M4-BesigueTests.xctest/Metadata.appintents --metadata-file-list /Users/paulfaustin/Library/Developer/Xcode/DerivedData/M4-Besigue-eikqqirvrspelwbaehlhymzomkfp/Build/Intermediates.noindex/M4-Besigue.build/Debug-iphonesimulator/M4-BesigueTests.build/M4-BesigueTests.DependencyMetadataFileList --archive-ssu-assets
2025-08-10 07:57:54.655 appintentsnltrainingprocessor[304:84906739] Parsing options for appintentsnltrainingprocessor
2025-08-10 07:57:54.657 appintentsnltrainingprocessor[304:84906739] No AppShortcuts found - Skipping.

CodeSign /Users/paulfaustin/Library/Developer/Xcode/DerivedData/M4-Besigue-eikqqirvrspelwbaehlhymzomkfp/Build/Products/Debug-iphonesimulator/M4-Besigue.app/PlugIns/M4-BesigueTests.xctest (in target 'M4-BesigueTests' from project 'M4-Besigue')
    cd /Users/paulfaustin/Documents/My\ Docs/My\ Working/M4/M4-Besigue
    
    Signing Identity:     "Sign to Run Locally"
    
    /usr/bin/codesign --force --sign - --timestamp\=none --generate-entitlement-der /Users/paulfaustin/Library/Developer/Xcode/DerivedData/M4-Besigue-eikqqirvrspelwbaehlhymzomkfp/Build/Products/Debug-iphonesimulator/M4-Besigue.app/PlugIns/M4-BesigueTests.xctest

RegisterExecutionPolicyException /Users/paulfaustin/Library/Developer/Xcode/DerivedData/M4-Besigue-eikqqirvrspelwbaehlhymzomkfp/Build/Products/Debug-iphonesimulator/M4-Besigue.app/PlugIns/M4-BesigueTests.xctest (in target 'M4-BesigueTests' from project 'M4-Besigue')
    cd /Users/paulfaustin/Documents/My\ Docs/My\ Working/M4/M4-Besigue
    builtin-RegisterExecutionPolicyException /Users/paulfaustin/Library/Developer/Xcode/DerivedData/M4-Besigue-eikqqirvrspelwbaehlhymzomkfp/Build/Products/Debug-iphonesimulator/M4-Besigue.app/PlugIns/M4-BesigueTests.xctest

Touch /Users/paulfaustin/Library/Developer/Xcode/DerivedData/M4-Besigue-eikqqirvrspelwbaehlhymzomkfp/Build/Products/Debug-iphonesimulator/M4-Besigue.app/PlugIns/M4-BesigueTests.xctest (in target 'M4-BesigueTests' from project 'M4-Besigue')
    cd /Users/paulfaustin/Documents/My\ Docs/My\ Working/M4/M4-Besigue
    /usr/bin/touch -c /Users/paulfaustin/Library/Developer/Xcode/DerivedData/M4-Besigue-eikqqirvrspelwbaehlhymzomkfp/Build/Products/Debug-iphonesimulator/M4-Besigue.app/PlugIns/M4-BesigueTests.xctest

CodeSign /Users/paulfaustin/Library/Developer/Xcode/DerivedData/M4-Besigue-eikqqirvrspelwbaehlhymzomkfp/Build/Products/Debug-iphonesimulator/M4-Besigue.app/M4-Besigue.debug.dylib (in target 'M4-Besigue' from project 'M4-Besigue')
    cd /Users/paulfaustin/Documents/My\ Docs/My\ Working/M4/M4-Besigue
    
    Signing Identity:     "Sign to Run Locally"
    
    /usr/bin/codesign --force --sign - --timestamp\=none --generate-entitlement-der /Users/paulfaustin/Library/Developer/Xcode/DerivedData/M4-Besigue-eikqqirvrspelwbaehlhymzomkfp/Build/Products/Debug-iphonesimulator/M4-Besigue.app/M4-Besigue.debug.dylib

CodeSign /Users/paulfaustin/Library/Developer/Xcode/DerivedData/M4-Besigue-eikqqirvrspelwbaehlhymzomkfp/Build/Products/Debug-iphonesimulator/M4-Besigue.app/__preview.dylib (in target 'M4-Besigue' from project 'M4-Besigue')
    cd /Users/paulfaustin/Documents/My\ Docs/My\ Working/M4/M4-Besigue
    
    Signing Identity:     "Sign to Run Locally"
    
    /usr/bin/codesign --force --sign - --timestamp\=none --generate-entitlement-der /Users/paulfaustin/Library/Developer/Xcode/DerivedData/M4-Besigue-eikqqirvrspelwbaehlhymzomkfp/Build/Products/Debug-iphonesimulator/M4-Besigue.app/__preview.dylib
/Users/paulfaustin/Library/Developer/Xcode/DerivedData/M4-Besigue-eikqqirvrspelwbaehlhymzomkfp/Build/Products/Debug-iphonesimulator/M4-Besigue.app/__preview.dylib: replacing existing signature

CodeSign /Users/paulfaustin/Library/Developer/Xcode/DerivedData/M4-Besigue-eikqqirvrspelwbaehlhymzomkfp/Build/Products/Debug-iphonesimulator/M4-Besigue.app (in target 'M4-Besigue' from project 'M4-Besigue')
    cd /Users/paulfaustin/Documents/My\ Docs/My\ Working/M4/M4-Besigue
    
    Signing Identity:     "Sign to Run Locally"
    
    /usr/bin/codesign --force --sign - --entitlements /Users/paulfaustin/Library/Developer/Xcode/DerivedData/M4-Besigue-eikqqirvrspelwbaehlhymzomkfp/Build/Intermediates.noindex/M4-Besigue.build/Debug-iphonesimulator/M4-Besigue.build/M4-Besigue.app.xcent --timestamp\=none --generate-entitlement-der /Users/paulfaustin/Library/Developer/Xcode/DerivedData/M4-Besigue-eikqqirvrspelwbaehlhymzomkfp/Build/Products/Debug-iphonesimulator/M4-Besigue.app

Validate /Users/paulfaustin/Library/Developer/Xcode/DerivedData/M4-Besigue-eikqqirvrspelwbaehlhymzomkfp/Build/Products/Debug-iphonesimulator/M4-Besigue.app (in target 'M4-Besigue' from project 'M4-Besigue')
    cd /Users/paulfaustin/Documents/My\ Docs/My\ Working/M4/M4-Besigue
    builtin-validationUtility /Users/paulfaustin/Library/Developer/Xcode/DerivedData/M4-Besigue-eikqqirvrspelwbaehlhymzomkfp/Build/Products/Debug-iphonesimulator/M4-Besigue.app -infoplist-subpath Info.plist

ProcessInfoPlistFile /Users/paulfaustin/Library/Developer/Xcode/DerivedData/M4-Besigue-eikqqirvrspelwbaehlhymzomkfp/Build/Products/Debug-iphonesimulator/M4-BesigueUITests-Runner.app/PlugIns/M4-BesigueUITests.xctest/Info.plist /Users/paulfaustin/Documents/My\ Docs/My\ Working/M4/M4-Besigue/M4-Besigue/Info.plist (in target 'M4-BesigueUITests' from project 'M4-Besigue')
    cd /Users/paulfaustin/Documents/My\ Docs/My\ Working/M4/M4-Besigue
    builtin-infoPlistUtility /Users/paulfaustin/Documents/My\ Docs/My\ Working/M4/M4-Besigue/M4-Besigue/Info.plist -producttype com.apple.product-type.bundle.ui-testing -expandbuildsettings -format binary -platform iphonesimulator -additionalcontentfile /Users/paulfaustin/Library/Developer/Xcode/DerivedData/M4-Besigue-eikqqirvrspelwbaehlhymzomkfp/Build/Intermediates.noindex/M4-Besigue.build/Debug-iphonesimulator/M4-BesigueUITests.build/ProductTypeInfoPlistAdditions.plist -o /Users/paulfaustin/Library/Developer/Xcode/DerivedData/M4-Besigue-eikqqirvrspelwbaehlhymzomkfp/Build/Products/Debug-iphonesimulator/M4-BesigueUITests-Runner.app/PlugIns/M4-BesigueUITests.xctest/Info.plist

Ld /Users/paulfaustin/Library/Developer/Xcode/DerivedData/M4-Besigue-eikqqirvrspelwbaehlhymzomkfp/Build/Products/Debug-iphonesimulator/M4-BesigueUITests-Runner.app/PlugIns/M4-BesigueUITests.xctest/M4-BesigueUITests normal (in target 'M4-BesigueUITests' from project 'M4-Besigue')
    cd /Users/paulfaustin/Documents/My\ Docs/My\ Working/M4/M4-Besigue
    /Applications/Xcode.app/Contents/Developer/Toolchains/XcodeDefault.xctoolchain/usr/bin/clang -Xlinker -reproducible -target arm64-apple-ios18.5-simulator -bundle -isysroot /Applications/Xcode.app/Contents/Developer/Platforms/iPhoneSimulator.platform/Developer/SDKs/iPhoneSimulator18.5.sdk -O0 -L/Users/paulfaustin/Library/Developer/Xcode/DerivedData/M4-Besigue-eikqqirvrspelwbaehlhymzomkfp/Build/Intermediates.noindex/EagerLinkingTBDs/Debug-iphonesimulator -L/Users/paulfaustin/Library/Developer/Xcode/DerivedData/M4-Besigue-eikqqirvrspelwbaehlhymzomkfp/Build/Products/Debug-iphonesimulator -L/Applications/Xcode.app/Contents/Developer/Platforms/iPhoneSimulator.platform/Developer/usr/lib -F/Users/paulfaustin/Library/Developer/Xcode/DerivedData/M4-Besigue-eikqqirvrspelwbaehlhymzomkfp/Build/Intermediates.noindex/EagerLinkingTBDs/Debug-iphonesimulator -F/Users/paulfaustin/Library/Developer/Xcode/DerivedData/M4-Besigue-eikqqirvrspelwbaehlhymzomkfp/Build/Products/Debug-iphonesimulator -iframework /Applications/Xcode.app/Contents/Developer/Platforms/iPhoneSimulator.platform/Developer/Library/Frameworks -iframework /Applications/Xcode.app/Contents/Developer/Platforms/iPhoneSimulator.platform/Developer/SDKs/iPhoneSimulator18.5.sdk/Developer/Library/Frameworks -filelist /Users/paulfaustin/Library/Developer/Xcode/DerivedData/M4-Besigue-eikqqirvrspelwbaehlhymzomkfp/Build/Intermediates.noindex/M4-Besigue.build/Debug-iphonesimulator/M4-BesigueUITests.build/Objects-normal/arm64/M4-BesigueUITests.LinkFileList -Xlinker -rpath -Xlinker @loader_path/Frameworks -dead_strip -Xlinker -object_path_lto -Xlinker /Users/paulfaustin/Library/Developer/Xcode/DerivedData/M4-Besigue-eikqqirvrspelwbaehlhymzomkfp/Build/Intermediates.noindex/M4-Besigue.build/Debug-iphonesimulator/M4-BesigueUITests.build/Objects-normal/arm64/M4-BesigueUITests_lto.o -rdynamic -Xlinker -no_deduplicate -Xlinker -objc_abi_version -Xlinker 2 -Xlinker -debug_variant -Xlinker -dependency_info -Xlinker /Users/paulfaustin/Library/Developer/Xcode/DerivedData/M4-Besigue-eikqqirvrspelwbaehlhymzomkfp/Build/Intermediates.noindex/M4-Besigue.build/Debug-iphonesimulator/M4-BesigueUITests.build/Objects-normal/arm64/M4-BesigueUITests_dependency_info.dat -fobjc-link-runtime -fprofile-instr-generate -L/Applications/Xcode.app/Contents/Developer/Toolchains/XcodeDefault.xctoolchain/usr/lib/swift/iphonesimulator -L/usr/lib/swift -Xlinker -add_ast_path -Xlinker /Users/paulfaustin/Library/Developer/Xcode/DerivedData/M4-Besigue-eikqqirvrspelwbaehlhymzomkfp/Build/Intermediates.noindex/M4-Besigue.build/Debug-iphonesimulator/M4-BesigueUITests.build/Objects-normal/arm64/M4_BesigueUITests.swiftmodule -framework XCTest -lXCTestSwiftSupport -Xlinker -sectcreate -Xlinker __TEXT -Xlinker __entitlements -Xlinker /Users/paulfaustin/Library/Developer/Xcode/DerivedData/M4-Besigue-eikqqirvrspelwbaehlhymzomkfp/Build/Intermediates.noindex/M4-Besigue.build/Debug-iphonesimulator/M4-BesigueUITests.build/M4-BesigueUITests.xctest-Simulated.xcent -Xlinker -sectcreate -Xlinker __TEXT -Xlinker __ents_der -Xlinker /Users/paulfaustin/Library/Developer/Xcode/DerivedData/M4-Besigue-eikqqirvrspelwbaehlhymzomkfp/Build/Intermediates.noindex/M4-Besigue.build/Debug-iphonesimulator/M4-BesigueUITests.build/M4-BesigueUITests.xctest-Simulated.xcent.der -Xlinker -no_adhoc_codesign -o /Users/paulfaustin/Library/Developer/Xcode/DerivedData/M4-Besigue-eikqqirvrspelwbaehlhymzomkfp/Build/Products/Debug-iphonesimulator/M4-BesigueUITests-Runner.app/PlugIns/M4-BesigueUITests.xctest/M4-BesigueUITests

CopySwiftLibs /Users/paulfaustin/Library/Developer/Xcode/DerivedData/M4-Besigue-eikqqirvrspelwbaehlhymzomkfp/Build/Products/Debug-iphonesimulator/M4-BesigueUITests-Runner.app/PlugIns/M4-BesigueUITests.xctest (in target 'M4-BesigueUITests' from project 'M4-Besigue')
    cd /Users/paulfaustin/Documents/My\ Docs/My\ Working/M4/M4-Besigue
    builtin-swiftStdLibTool --copy --verbose --sign - --scan-executable /Users/paulfaustin/Library/Developer/Xcode/DerivedData/M4-Besigue-eikqqirvrspelwbaehlhymzomkfp/Build/Products/Debug-iphonesimulator/M4-BesigueUITests-Runner.app/PlugIns/M4-BesigueUITests.xctest/M4-BesigueUITests --scan-folder /Users/paulfaustin/Library/Developer/Xcode/DerivedData/M4-Besigue-eikqqirvrspelwbaehlhymzomkfp/Build/Products/Debug-iphonesimulator/M4-BesigueUITests-Runner.app/PlugIns/M4-BesigueUITests.xctest/Frameworks --scan-folder /Users/paulfaustin/Library/Developer/Xcode/DerivedData/M4-Besigue-eikqqirvrspelwbaehlhymzomkfp/Build/Products/Debug-iphonesimulator/M4-BesigueUITests-Runner.app/PlugIns/M4-BesigueUITests.xctest/PlugIns --scan-folder /Users/paulfaustin/Library/Developer/Xcode/DerivedData/M4-Besigue-eikqqirvrspelwbaehlhymzomkfp/Build/Products/Debug-iphonesimulator/M4-BesigueUITests-Runner.app/PlugIns/M4-BesigueUITests.xctest/SystemExtensions --scan-folder /Users/paulfaustin/Library/Developer/Xcode/DerivedData/M4-Besigue-eikqqirvrspelwbaehlhymzomkfp/Build/Products/Debug-iphonesimulator/M4-BesigueUITests-Runner.app/PlugIns/M4-BesigueUITests.xctest/Extensions --platform iphonesimulator --toolchain /Applications/Xcode.app/Contents/Developer/Toolchains/XcodeDefault.xctoolchain --destination /Users/paulfaustin/Library/Developer/Xcode/DerivedData/M4-Besigue-eikqqirvrspelwbaehlhymzomkfp/Build/Products/Debug-iphonesimulator/M4-BesigueUITests-Runner.app/PlugIns/M4-BesigueUITests.xctest/Frameworks --strip-bitcode --scan-executable /Applications/Xcode.app/Contents/Developer/Platforms/iPhoneSimulator.platform/Developer/usr/lib/libXCTestSwiftSupport.dylib --strip-bitcode-tool /Applications/Xcode.app/Contents/Developer/Toolchains/XcodeDefault.xctoolchain/usr/bin/bitcode_strip --emit-dependency-info /Users/paulfaustin/Library/Developer/Xcode/DerivedData/M4-Besigue-eikqqirvrspelwbaehlhymzomkfp/Build/Intermediates.noindex/M4-Besigue.build/Debug-iphonesimulator/M4-BesigueUITests.build/SwiftStdLibToolInputDependencies.dep --filter-for-swift-os

ExtractAppIntentsMetadata (in target 'M4-BesigueUITests' from project 'M4-Besigue')
    cd /Users/paulfaustin/Documents/My\ Docs/My\ Working/M4/M4-Besigue
    /Applications/Xcode.app/Contents/Developer/Toolchains/XcodeDefault.xctoolchain/usr/bin/appintentsmetadataprocessor --toolchain-dir /Applications/Xcode.app/Contents/Developer/Toolchains/XcodeDefault.xctoolchain --module-name M4_BesigueUITests --sdk-root /Applications/Xcode.app/Contents/Developer/Platforms/iPhoneSimulator.platform/Developer/SDKs/iPhoneSimulator18.5.sdk --xcode-version 16F6 --platform-family iOS --deployment-target 18.5 --bundle-identifier com.nivaron.m4besigue.M4-BesigueUITests --output /Users/paulfaustin/Library/Developer/Xcode/DerivedData/M4-Besigue-eikqqirvrspelwbaehlhymzomkfp/Build/Products/Debug-iphonesimulator/M4-BesigueUITests-Runner.app/PlugIns/M4-BesigueUITests.xctest --target-triple arm64-apple-ios18.5-simulator --binary-file /Users/paulfaustin/Library/Developer/Xcode/DerivedData/M4-Besigue-eikqqirvrspelwbaehlhymzomkfp/Build/Products/Debug-iphonesimulator/M4-BesigueUITests-Runner.app/PlugIns/M4-BesigueUITests.xctest/M4-BesigueUITests --dependency-file /Users/paulfaustin/Library/Developer/Xcode/DerivedData/M4-Besigue-eikqqirvrspelwbaehlhymzomkfp/Build/Intermediates.noindex/M4-Besigue.build/Debug-iphonesimulator/M4-BesigueUITests.build/Objects-normal/arm64/M4-BesigueUITests_dependency_info.dat --stringsdata-file /Users/paulfaustin/Library/Developer/Xcode/DerivedData/M4-Besigue-eikqqirvrspelwbaehlhymzomkfp/Build/Intermediates.noindex/M4-Besigue.build/Debug-iphonesimulator/M4-BesigueUITests.build/Objects-normal/arm64/ExtractedAppShortcutsMetadata.stringsdata --source-file-list /Users/paulfaustin/Library/Developer/Xcode/DerivedData/M4-Besigue-eikqqirvrspelwbaehlhymzomkfp/Build/Intermediates.noindex/M4-Besigue.build/Debug-iphonesimulator/M4-BesigueUITests.build/Objects-normal/arm64/M4-BesigueUITests.SwiftFileList --metadata-file-list /Users/paulfaustin/Library/Developer/Xcode/DerivedData/M4-Besigue-eikqqirvrspelwbaehlhymzomkfp/Build/Intermediates.noindex/M4-Besigue.build/Debug-iphonesimulator/M4-BesigueUITests.build/M4-BesigueUITests.DependencyMetadataFileList --static-metadata-file-list /Users/paulfaustin/Library/Developer/Xcode/DerivedData/M4-Besigue-eikqqirvrspelwbaehlhymzomkfp/Build/Intermediates.noindex/M4-Besigue.build/Debug-iphonesimulator/M4-BesigueUITests.build/M4-BesigueUITests.DependencyStaticMetadataFileList --swift-const-vals-list /Users/paulfaustin/Library/Developer/Xcode/DerivedData/M4-Besigue-eikqqirvrspelwbaehlhymzomkfp/Build/Intermediates.noindex/M4-Besigue.build/Debug-iphonesimulator/M4-BesigueUITests.build/Objects-normal/arm64/M4-BesigueUITests.SwiftConstValuesFileList --compile-time-extraction --deployment-aware-processing --validate-assistant-intents --no-app-shortcuts-localization
2025-08-10 07:57:57.605 appintentsmetadataprocessor[321:84906882] Starting appintentsmetadataprocessor export
2025-08-10 07:57:57.610 appintentsmetadataprocessor[321:84906882] warning: Metadata extraction skipped. No AppIntents.framework dependency found.

AppIntentsSSUTraining (in target 'M4-BesigueUITests' from project 'M4-Besigue')
    cd /Users/paulfaustin/Documents/My\ Docs/My\ Working/M4/M4-Besigue
    /Applications/Xcode.app/Contents/Developer/Toolchains/XcodeDefault.xctoolchain/usr/bin/appintentsnltrainingprocessor --infoplist-path /Users/paulfaustin/Library/Developer/Xcode/DerivedData/M4-Besigue-eikqqirvrspelwbaehlhymzomkfp/Build/Products/Debug-iphonesimulator/M4-BesigueUITests-Runner.app/PlugIns/M4-BesigueUITests.xctest/Info.plist --temp-dir-path /Users/paulfaustin/Library/Developer/Xcode/DerivedData/M4-Besigue-eikqqirvrspelwbaehlhymzomkfp/Build/Intermediates.noindex/M4-Besigue.build/Debug-iphonesimulator/M4-BesigueUITests.build/ssu --bundle-id com.nivaron.m4besigue.M4-BesigueUITests --product-path /Users/paulfaustin/Library/Developer/Xcode/DerivedData/M4-Besigue-eikqqirvrspelwbaehlhymzomkfp/Build/Products/Debug-iphonesimulator/M4-BesigueUITests-Runner.app/PlugIns/M4-BesigueUITests.xctest --extracted-metadata-path /Users/paulfaustin/Library/Developer/Xcode/DerivedData/M4-Besigue-eikqqirvrspelwbaehlhymzomkfp/Build/Products/Debug-iphonesimulator/M4-BesigueUITests-Runner.app/PlugIns/M4-BesigueUITests.xctest/Metadata.appintents --metadata-file-list /Users/paulfaustin/Library/Developer/Xcode/DerivedData/M4-Besigue-eikqqirvrspelwbaehlhymzomkfp/Build/Intermediates.noindex/M4-Besigue.build/Debug-iphonesimulator/M4-BesigueUITests.build/M4-BesigueUITests.DependencyMetadataFileList --archive-ssu-assets
2025-08-10 07:57:57.645 appintentsnltrainingprocessor[322:84906883] Parsing options for appintentsnltrainingprocessor
2025-08-10 07:57:57.646 appintentsnltrainingprocessor[322:84906883] No AppShortcuts found - Skipping.

CopyAndPreserveArchs /Users/paulfaustin/Library/Developer/Xcode/DerivedData/M4-Besigue-eikqqirvrspelwbaehlhymzomkfp/Build/Products/Debug-iphonesimulator/M4-BesigueUITests-Runner.app/M4-BesigueUITests-Runner (in target 'M4-BesigueUITests' from project 'M4-Besigue')
    cd /Users/paulfaustin/Documents/My\ Docs/My\ Working/M4/M4-Besigue
    /Applications/Xcode.app/Contents/Developer/Toolchains/XcodeDefault.xctoolchain/usr/bin/lipo /Applications/Xcode.app/Contents/Developer/Platforms/iPhoneSimulator.platform/Developer/Library/Xcode/Agents/XCTRunner.app/XCTRunner -output /Users/paulfaustin/Library/Developer/Xcode/DerivedData/M4-Besigue-eikqqirvrspelwbaehlhymzomkfp/Build/Products/Debug-iphonesimulator/M4-BesigueUITests-Runner.app/M4-BesigueUITests-Runner -extract arm64

MkDir /Users/paulfaustin/Library/Developer/Xcode/DerivedData/M4-Besigue-eikqqirvrspelwbaehlhymzomkfp/Build/Products/Debug-iphonesimulator/M4-BesigueUITests-Runner.app (in target 'M4-BesigueUITests' from project 'M4-Besigue')
    cd /Users/paulfaustin/Documents/My\ Docs/My\ Working/M4/M4-Besigue
    /bin/mkdir -p /Users/paulfaustin/Library/Developer/Xcode/DerivedData/M4-Besigue-eikqqirvrspelwbaehlhymzomkfp/Build/Products/Debug-iphonesimulator/M4-BesigueUITests-Runner.app

Copy /Users/paulfaustin/Library/Developer/Xcode/DerivedData/M4-Besigue-eikqqirvrspelwbaehlhymzomkfp/Build/Products/Debug-iphonesimulator/M4-BesigueUITests-Runner.app/PkgInfo /Applications/Xcode.app/Contents/Developer/Platforms/iPhoneSimulator.platform/Developer/Library/Xcode/Agents/XCTRunner.app/PkgInfo (in target 'M4-BesigueUITests' from project 'M4-Besigue')
    cd /Users/paulfaustin/Documents/My\ Docs/My\ Working/M4/M4-Besigue
    builtin-copy -exclude .DS_Store -exclude CVS -exclude .svn -exclude .git -exclude .hg -resolve-src-symlinks /Applications/Xcode.app/Contents/Developer/Platforms/iPhoneSimulator.platform/Developer/Library/Xcode/Agents/XCTRunner.app/PkgInfo /Users/paulfaustin/Library/Developer/Xcode/DerivedData/M4-Besigue-eikqqirvrspelwbaehlhymzomkfp/Build/Products/Debug-iphonesimulator/M4-BesigueUITests-Runner.app

CopyPlistFile /Users/paulfaustin/Library/Developer/Xcode/DerivedData/M4-Besigue-eikqqirvrspelwbaehlhymzomkfp/Build/Products/Debug-iphonesimulator/M4-BesigueUITests-Runner.app/Info.plist /Applications/Xcode.app/Contents/Developer/Platforms/iPhoneSimulator.platform/Developer/Library/Xcode/Agents/XCTRunner.app/Info.plist (in target 'M4-BesigueUITests' from project 'M4-Besigue')
    cd /Users/paulfaustin/Documents/My\ Docs/My\ Working/M4/M4-Besigue
    builtin-copyPlist --validate --convert xml1 --macro-expansion WRAPPEDPRODUCTNAME M4-BesigueUITests-Runner --macro-expansion WRAPPEDPRODUCTBUNDLEIDENTIFIER com.nivaron.m4besigue.M4-BesigueUITests.xctrunner --macro-expansion TESTPRODUCTNAME M4-BesigueUITests --macro-expansion TESTPRODUCTBUNDLEIDENTIFIER com.nivaron.m4besigue.M4-BesigueUITests --copy-value UIDeviceFamily /Users/paulfaustin/Library/Developer/Xcode/DerivedData/M4-Besigue-eikqqirvrspelwbaehlhymzomkfp/Build/Products/Debug-iphonesimulator/M4-BesigueUITests-Runner.app/PlugIns/M4-BesigueUITests.xctest/Info.plist --outdir /Users/paulfaustin/Library/Developer/Xcode/DerivedData/M4-Besigue-eikqqirvrspelwbaehlhymzomkfp/Build/Products/Debug-iphonesimulator/M4-BesigueUITests-Runner.app -- /Applications/Xcode.app/Contents/Developer/Platforms/iPhoneSimulator.platform/Developer/Library/Xcode/Agents/XCTRunner.app/Info.plist

Copy /Users/paulfaustin/Library/Developer/Xcode/DerivedData/M4-Besigue-eikqqirvrspelwbaehlhymzomkfp/Build/Products/Debug-iphonesimulator/M4-BesigueUITests-Runner.app/Frameworks/libXCTestSwiftSupport.dylib /Applications/Xcode.app/Contents/Developer/Platforms/iPhoneSimulator.platform/Developer/usr/lib/libXCTestSwiftSupport.dylib (in target 'M4-BesigueUITests' from project 'M4-Besigue')
    cd /Users/paulfaustin/Documents/My\ Docs/My\ Working/M4/M4-Besigue
    builtin-copy -exclude .DS_Store -exclude CVS -exclude .svn -exclude .git -exclude .hg -exclude Headers -exclude PrivateHeaders -exclude Modules -exclude \*.tbd -resolve-src-symlinks /Applications/Xcode.app/Contents/Developer/Platforms/iPhoneSimulator.platform/Developer/usr/lib/libXCTestSwiftSupport.dylib /Users/paulfaustin/Library/Developer/Xcode/DerivedData/M4-Besigue-eikqqirvrspelwbaehlhymzomkfp/Build/Products/Debug-iphonesimulator/M4-BesigueUITests-Runner.app/Frameworks

Copy /Users/paulfaustin/Library/Developer/Xcode/DerivedData/M4-Besigue-eikqqirvrspelwbaehlhymzomkfp/Build/Products/Debug-iphonesimulator/M4-BesigueUITests-Runner.app/Frameworks/XCUnit.framework /Applications/Xcode.app/Contents/Developer/Platforms/iPhoneSimulator.platform/Developer/Library/PrivateFrameworks/XCUnit.framework (in target 'M4-BesigueUITests' from project 'M4-Besigue')
    cd /Users/paulfaustin/Documents/My\ Docs/My\ Working/M4/M4-Besigue
    builtin-copy -exclude .DS_Store -exclude CVS -exclude .svn -exclude .git -exclude .hg -exclude Headers -exclude PrivateHeaders -exclude Modules -exclude \*.tbd -resolve-src-symlinks /Applications/Xcode.app/Contents/Developer/Platforms/iPhoneSimulator.platform/Developer/Library/PrivateFrameworks/XCUnit.framework /Users/paulfaustin/Library/Developer/Xcode/DerivedData/M4-Besigue-eikqqirvrspelwbaehlhymzomkfp/Build/Products/Debug-iphonesimulator/M4-BesigueUITests-Runner.app/Frameworks

Copy /Users/paulfaustin/Library/Developer/Xcode/DerivedData/M4-Besigue-eikqqirvrspelwbaehlhymzomkfp/Build/Products/Debug-iphonesimulator/M4-BesigueUITests-Runner.app/Frameworks/XCTestSupport.framework /Applications/Xcode.app/Contents/Developer/Platforms/iPhoneSimulator.platform/Developer/Library/PrivateFrameworks/XCTestSupport.framework (in target 'M4-BesigueUITests' from project 'M4-Besigue')
    cd /Users/paulfaustin/Documents/My\ Docs/My\ Working/M4/M4-Besigue
    builtin-copy -exclude .DS_Store -exclude CVS -exclude .svn -exclude .git -exclude .hg -exclude Headers -exclude PrivateHeaders -exclude Modules -exclude \*.tbd -resolve-src-symlinks /Applications/Xcode.app/Contents/Developer/Platforms/iPhoneSimulator.platform/Developer/Library/PrivateFrameworks/XCTestSupport.framework /Users/paulfaustin/Library/Developer/Xcode/DerivedData/M4-Besigue-eikqqirvrspelwbaehlhymzomkfp/Build/Products/Debug-iphonesimulator/M4-BesigueUITests-Runner.app/Frameworks

Copy /Users/paulfaustin/Library/Developer/Xcode/DerivedData/M4-Besigue-eikqqirvrspelwbaehlhymzomkfp/Build/Products/Debug-iphonesimulator/M4-BesigueUITests-Runner.app/Frameworks/XCUIAutomation.framework /Applications/Xcode.app/Contents/Developer/Platforms/iPhoneSimulator.platform/Developer/Library/Frameworks/XCUIAutomation.framework (in target 'M4-BesigueUITests' from project 'M4-Besigue')
    cd /Users/paulfaustin/Documents/My\ Docs/My\ Working/M4/M4-Besigue
    builtin-copy -exclude .DS_Store -exclude CVS -exclude .svn -exclude .git -exclude .hg -exclude Headers -exclude PrivateHeaders -exclude Modules -exclude \*.tbd -resolve-src-symlinks /Applications/Xcode.app/Contents/Developer/Platforms/iPhoneSimulator.platform/Developer/Library/Frameworks/XCUIAutomation.framework /Users/paulfaustin/Library/Developer/Xcode/DerivedData/M4-Besigue-eikqqirvrspelwbaehlhymzomkfp/Build/Products/Debug-iphonesimulator/M4-BesigueUITests-Runner.app/Frameworks

Copy /Users/paulfaustin/Library/Developer/Xcode/DerivedData/M4-Besigue-eikqqirvrspelwbaehlhymzomkfp/Build/Products/Debug-iphonesimulator/M4-BesigueUITests-Runner.app/Frameworks/XCTestCore.framework /Applications/Xcode.app/Contents/Developer/Platforms/iPhoneSimulator.platform/Developer/Library/PrivateFrameworks/XCTestCore.framework (in target 'M4-BesigueUITests' from project 'M4-Besigue')
    cd /Users/paulfaustin/Documents/My\ Docs/My\ Working/M4/M4-Besigue
    builtin-copy -exclude .DS_Store -exclude CVS -exclude .svn -exclude .git -exclude .hg -exclude Headers -exclude PrivateHeaders -exclude Modules -exclude \*.tbd -resolve-src-symlinks /Applications/Xcode.app/Contents/Developer/Platforms/iPhoneSimulator.platform/Developer/Library/PrivateFrameworks/XCTestCore.framework /Users/paulfaustin/Library/Developer/Xcode/DerivedData/M4-Besigue-eikqqirvrspelwbaehlhymzomkfp/Build/Products/Debug-iphonesimulator/M4-BesigueUITests-Runner.app/Frameworks

Copy /Users/paulfaustin/Library/Developer/Xcode/DerivedData/M4-Besigue-eikqqirvrspelwbaehlhymzomkfp/Build/Products/Debug-iphonesimulator/M4-BesigueUITests-Runner.app/Frameworks/XCTest.framework /Applications/Xcode.app/Contents/Developer/Platforms/iPhoneSimulator.platform/Developer/Library/Frameworks/XCTest.framework (in target 'M4-BesigueUITests' from project 'M4-Besigue')
    cd /Users/paulfaustin/Documents/My\ Docs/My\ Working/M4/M4-Besigue
    builtin-copy -exclude .DS_Store -exclude CVS -exclude .svn -exclude .git -exclude .hg -exclude Headers -exclude PrivateHeaders -exclude Modules -exclude \*.tbd -resolve-src-symlinks /Applications/Xcode.app/Contents/Developer/Platforms/iPhoneSimulator.platform/Developer/Library/Frameworks/XCTest.framework /Users/paulfaustin/Library/Developer/Xcode/DerivedData/M4-Besigue-eikqqirvrspelwbaehlhymzomkfp/Build/Products/Debug-iphonesimulator/M4-BesigueUITests-Runner.app/Frameworks

Copy /Users/paulfaustin/Library/Developer/Xcode/DerivedData/M4-Besigue-eikqqirvrspelwbaehlhymzomkfp/Build/Products/Debug-iphonesimulator/M4-BesigueUITests-Runner.app/Frameworks/XCTAutomationSupport.framework /Applications/Xcode.app/Contents/Developer/Platforms/iPhoneSimulator.platform/Developer/Library/PrivateFrameworks/XCTAutomationSupport.framework (in target 'M4-BesigueUITests' from project 'M4-Besigue')
    cd /Users/paulfaustin/Documents/My\ Docs/My\ Working/M4/M4-Besigue
    builtin-copy -exclude .DS_Store -exclude CVS -exclude .svn -exclude .git -exclude .hg -exclude Headers -exclude PrivateHeaders -exclude Modules -exclude \*.tbd -resolve-src-symlinks /Applications/Xcode.app/Contents/Developer/Platforms/iPhoneSimulator.platform/Developer/Library/PrivateFrameworks/XCTAutomationSupport.framework /Users/paulfaustin/Library/Developer/Xcode/DerivedData/M4-Besigue-eikqqirvrspelwbaehlhymzomkfp/Build/Products/Debug-iphonesimulator/M4-BesigueUITests-Runner.app/Frameworks

Copy /Users/paulfaustin/Library/Developer/Xcode/DerivedData/M4-Besigue-eikqqirvrspelwbaehlhymzomkfp/Build/Products/Debug-iphonesimulator/M4-BesigueUITests-Runner.app/Frameworks/Testing.framework /Applications/Xcode.app/Contents/Developer/Platforms/iPhoneSimulator.platform/Developer/Library/Frameworks/Testing.framework (in target 'M4-BesigueUITests' from project 'M4-Besigue')
    cd /Users/paulfaustin/Documents/My\ Docs/My\ Working/M4/M4-Besigue
    builtin-copy -exclude .DS_Store -exclude CVS -exclude .svn -exclude .git -exclude .hg -exclude Headers -exclude PrivateHeaders -exclude Modules -exclude \*.tbd -resolve-src-symlinks /Applications/Xcode.app/Contents/Developer/Platforms/iPhoneSimulator.platform/Developer/Library/Frameworks/Testing.framework /Users/paulfaustin/Library/Developer/Xcode/DerivedData/M4-Besigue-eikqqirvrspelwbaehlhymzomkfp/Build/Products/Debug-iphonesimulator/M4-BesigueUITests-Runner.app/Frameworks

CodeSign /Users/paulfaustin/Library/Developer/Xcode/DerivedData/M4-Besigue-eikqqirvrspelwbaehlhymzomkfp/Build/Products/Debug-iphonesimulator/M4-BesigueUITests-Runner.app/PlugIns/M4-BesigueUITests.xctest (in target 'M4-BesigueUITests' from project 'M4-Besigue')
    cd /Users/paulfaustin/Documents/My\ Docs/My\ Working/M4/M4-Besigue
    
    Signing Identity:     "Sign to Run Locally"
    
    /usr/bin/codesign --force --sign - --timestamp\=none --generate-entitlement-der /Users/paulfaustin/Library/Developer/Xcode/DerivedData/M4-Besigue-eikqqirvrspelwbaehlhymzomkfp/Build/Products/Debug-iphonesimulator/M4-BesigueUITests-Runner.app/PlugIns/M4-BesigueUITests.xctest

CodeSign /Users/paulfaustin/Library/Developer/Xcode/DerivedData/M4-Besigue-eikqqirvrspelwbaehlhymzomkfp/Build/Products/Debug-iphonesimulator/M4-BesigueUITests-Runner.app (in target 'M4-BesigueUITests' from project 'M4-Besigue')
    cd /Users/paulfaustin/Documents/My\ Docs/My\ Working/M4/M4-Besigue
    
    Signing Identity:     "Sign to Run Locally"
    
    /usr/bin/codesign --force --sign - --timestamp\=none --generate-entitlement-der /Users/paulfaustin/Library/Developer/Xcode/DerivedData/M4-Besigue-eikqqirvrspelwbaehlhymzomkfp/Build/Products/Debug-iphonesimulator/M4-BesigueUITests-Runner.app
/Users/paulfaustin/Library/Developer/Xcode/DerivedData/M4-Besigue-eikqqirvrspelwbaehlhymzomkfp/Build/Products/Debug-iphonesimulator/M4-BesigueUITests-Runner.app: replacing existing signature

RegisterExecutionPolicyException /Users/paulfaustin/Library/Developer/Xcode/DerivedData/M4-Besigue-eikqqirvrspelwbaehlhymzomkfp/Build/Products/Debug-iphonesimulator/M4-BesigueUITests-Runner.app/PlugIns/M4-BesigueUITests.xctest (in target 'M4-BesigueUITests' from project 'M4-Besigue')
    cd /Users/paulfaustin/Documents/My\ Docs/My\ Working/M4/M4-Besigue
    builtin-RegisterExecutionPolicyException /Users/paulfaustin/Library/Developer/Xcode/DerivedData/M4-Besigue-eikqqirvrspelwbaehlhymzomkfp/Build/Products/Debug-iphonesimulator/M4-BesigueUITests-Runner.app/PlugIns/M4-BesigueUITests.xctest

Touch /Users/paulfaustin/Library/Developer/Xcode/DerivedData/M4-Besigue-eikqqirvrspelwbaehlhymzomkfp/Build/Products/Debug-iphonesimulator/M4-BesigueUITests-Runner.app/PlugIns/M4-BesigueUITests.xctest (in target 'M4-BesigueUITests' from project 'M4-Besigue')
    cd /Users/paulfaustin/Documents/My\ Docs/My\ Working/M4/M4-Besigue
    /usr/bin/touch -c /Users/paulfaustin/Library/Developer/Xcode/DerivedData/M4-Besigue-eikqqirvrspelwbaehlhymzomkfp/Build/Products/Debug-iphonesimulator/M4-BesigueUITests-Runner.app/PlugIns/M4-BesigueUITests.xctest

note: Disabling hardened runtime with ad-hoc codesigning. (in target 'M4-Besigue' from project 'M4-Besigue')

Test session results, code coverage, and logs:
	/Users/paulfaustin/Library/Developer/Xcode/DerivedData/M4-Besigue-eikqqirvrspelwbaehlhymzomkfp/Logs/Test/Test-M4-Besigue-2025.08.10_07-57-43--0400.xcresult

Testing started
Test suite 'M4_BesigueUITests' started on 'Clone 1 of iPhone 16 - M4-BesigueUITests-Runner (808)'
Test case 'M4_BesigueUITests.testExample()' passed on 'Clone 1 of iPhone 16 - M4-BesigueUITests-Runner (808)' (4.916 seconds)
Test case 'M4_BesigueUITests.testLaunchPerformance()' passed on 'Clone 1 of iPhone 16 - M4-BesigueUITests-Runner (808)' (63.067 seconds)
Test suite 'M4_BesigueUITestsLaunchTests' started on 'Clone 1 of iPhone 16 - M4-BesigueUITests-Runner (808)'
Test case 'M4_BesigueUITestsLaunchTests.testLaunch()' passed on 'Clone 1 of iPhone 16 - M4-BesigueUITests-Runner (808)' (14.985 seconds)
Test case 'M4_BesigueUITestsLaunchTests.testLaunch()' passed on 'Clone 1 of iPhone 16 - M4-BesigueUITests-Runner (808)' (7.108 seconds)
Test suite 'BesigueGameEngineTests' started on 'Clone 2 of iPhone 16 - M4-Besigue (1559)'
Test suite 'M4_BesigueTests' started on 'Clone 1 of iPhone 16 - M4-Besigue (1608)'
Test case 'M4_BesigueTests.testExample()' passed on 'Clone 1 of iPhone 16 - M4-Besigue (1608)' (0.003 seconds)
Test case 'M4_BesigueTests.testTwoHumanPlayersProLevel()' failed on 'Clone 1 of iPhone 16 - M4-Besigue (1608)' (0.000 seconds)
Test case 'BesigueGameEngineTests.testAI_AvoidsPlayingBrisqueUnlessWinning()' failed on 'Clone 2 of iPhone 16 - M4-Besigue (1559)' (0.000 seconds)
Test case 'BesigueGameEngineTests.testAI_AvoidsPlayingMeldCardIfPossible()' failed on 'Clone 2 of iPhone 16 - M4-Besigue (1709)' (0.000 seconds)
Test case 'BesigueGameEngineTests.testAI_EndgameBrisquePriority()' failed on 'Clone 2 of iPhone 16 - M4-Besigue (1739)' (0.000 seconds)
Test case 'BesigueGameEngineTests.testAI_EndgameJokerFollow()' failed on 'Clone 2 of iPhone 16 - M4-Besigue (1747)' (0.000 seconds)
Test case 'BesigueGameEngineTests.testAI_EndgameJokerFollowNoTrump()' failed on 'Clone 2 of iPhone 16 - M4-Besigue (1755)' (0.000 seconds)
Test case 'BesigueGameEngineTests.testAI_EndgameJokerLeadStrategic()' failed on 'Clone 2 of iPhone 16 - M4-Besigue (1764)' (0.000 seconds)
Test case 'BesigueGameEngineTests.testAI_EndgameNoMelds()' failed on 'Clone 2 of iPhone 16 - M4-Besigue (1766)' (0.000 seconds)
Test case 'BesigueGameEngineTests.testAI_EndgameStrictTrickTaking()' failed on 'Clone 2 of iPhone 16 - M4-Besigue (1776)' (0.000 seconds)
Test case 'BesigueGameEngineTests.testAI_LeadsWithJokerAfterMeld()' failed on 'Clone 2 of iPhone 16 - M4-Besigue (1783)' (0.000 seconds)
Test case 'BesigueGameEngineTests.testAI_ProbabilityAIDrawsSpecificCardAndAnyCardOfType()' failed on 'Clone 2 of iPhone 16 - M4-Besigue (1786)' (0.000 seconds)
Test case 'BesigueGameEngineTests.testAI_ProbabilityAnyCardOfTypeInDrawPile()' failed on 'Clone 2 of iPhone 16 - M4-Besigue (1795)' (0.000 seconds)
Test case 'BesigueGameEngineTests.testAI_TrumpInferenceAndBlocking()' failed on 'Clone 2 of iPhone 16 - M4-Besigue (1803)' (0.000 seconds)
Test case 'BesigueGameEngineTests.testAIAdvancedTrickPlayStrategies()' failed on 'Clone 2 of iPhone 16 - M4-Besigue (1805)' (0.000 seconds)
Test case 'BesigueGameEngineTests.testAICardMemoryInference()' failed on 'Clone 2 of iPhone 16 - M4-Besigue (1810)' (0.000 seconds)
Test case 'BesigueGameEngineTests.testAICardMemoryTracksPlayedAndMeldedCards()' failed on 'Clone 2 of iPhone 16 - M4-Besigue (1818)' (0.000 seconds)
Test case 'BesigueGameEngineTests.testBasicCardPlay()' failed on 'Clone 2 of iPhone 16 - M4-Besigue (1824)' (0.000 seconds)
Test case 'BesigueGameEngineTests.testBesigueMeldDetection()' failed on 'Clone 2 of iPhone 16 - M4-Besigue (1828)' (0.000 seconds)
Test case 'BesigueGameEngineTests.testBrisqueScoring()' failed on 'Clone 2 of iPhone 16 - M4-Besigue (1841)' (0.000 seconds)
Test case 'BesigueGameEngineTests.testCardPlayPerformance()' failed on 'Clone 2 of iPhone 16 - M4-Besigue (1844)' (0.000 seconds)
Test case 'BesigueGameEngineTests.testDeckCreation()' passed on 'Clone 2 of iPhone 16 - M4-Besigue (1855)' (0.005 seconds)
Test case 'BesigueGameEngineTests.testDeckDealing4Players()' failed on 'Clone 2 of iPhone 16 - M4-Besigue (1855)' (0.420 seconds)
Test case 'BesigueGameEngineTests.testDeckDealing()' failed on 'Clone 2 of iPhone 16 - M4-Besigue (1855)' (0.005 seconds)
Test case 'BesigueGameEngineTests.testDrawJacksDealerDetermination()' failed on 'Clone 2 of iPhone 16 - M4-Besigue (1855)' (0.006 seconds)
Test case 'BesigueGameEngineTests.testDrawPilePositioning()' failed on 'Clone 2 of iPhone 16 - M4-Besigue (1855)' (0.008 seconds)
Test case 'BesigueGameEngineTests.testDrawPlayCycle()' passed on 'Clone 2 of iPhone 16 - M4-Besigue (1855)' (0.002 seconds)
Test case 'BesigueGameEngineTests.testEmptyDeckHandling()' passed on 'Clone 2 of iPhone 16 - M4-Besigue (1855)' (0.002 seconds)
Test case 'BesigueGameEngineTests.testEndgame_CanPlayAnyIfCannotFollowSuitOrTrump()' failed on 'Clone 2 of iPhone 16 - M4-Besigue (1855)' (0.000 seconds)
Test case 'BesigueGameEngineTests.testEndgame_MustFollowSuitAndPlayHigherIfPossible()' failed on 'Clone 2 of iPhone 16 - M4-Besigue (1872)' (0.000 seconds)
Test case 'BesigueGameEngineTests.testEndgame_MustFollowSuitButCannotPlayHigher()' failed on 'Clone 2 of iPhone 16 - M4-Besigue (1877)' (0.000 seconds)
Test case 'BesigueGameEngineTests.testEndgame_MustTrumpIfCannotFollowSuit()' failed on 'Clone 2 of iPhone 16 - M4-Besigue (1894)' (0.000 seconds)
Test case 'BesigueGameEngineTests.testFourJokersMeldDetection()' failed on 'Clone 2 of iPhone 16 - M4-Besigue (1902)' (0.000 seconds)
Test case 'BesigueGameEngineTests.testGameSetupWith2Players1Human1AI()' failed on 'Clone 2 of iPhone 16 - M4-Besigue (1911)' (0.000 seconds)
Test case 'BesigueGameEngineTests.testGameSetupWith2Players()' failed on 'Clone 2 of iPhone 16 - M4-Besigue (1931)' (0.000 seconds)
Test case 'BesigueGameEngineTests.testGameSetupWith4Players2Human2AI()' failed on 'Clone 2 of iPhone 16 - M4-Besigue (1996)' (0.169 seconds)
Test case 'BesigueGameEngineTests.testGameStartupPerformance()' passed on 'Clone 2 of iPhone 16 - M4-Besigue (1996)' (0.262 seconds)
Test case 'BesigueGameEngineTests.testJokerInDeck()' passed on 'Clone 2 of iPhone 16 - M4-Besigue (1996)' (0.001 seconds)
Test case 'BesigueGameEngineTests.testMarriageMeldDetection()' failed on 'Clone 2 of iPhone 16 - M4-Besigue (1996)' (0.000 seconds)
Test case 'BesigueGameEngineTests.testPlayerHandSizeLimit()' passed on 'Clone 2 of iPhone 16 - M4-Besigue (2047)' (0.007 seconds)
Test case 'BesigueGameEngineTests.testRandomDealerDetermination()' failed on 'Clone 2 of iPhone 16 - M4-Besigue (2047)' (0.169 seconds)
Test case 'BesigueGameEngineTests.testSquareTableLayout()' failed on 'Clone 2 of iPhone 16 - M4-Besigue (2047)' (0.012 seconds)
Test case 'BesigueGameEngineTests.testTrickWinnerDetermination()' failed on 'Clone 2 of iPhone 16 - M4-Besigue (2047)' (0.000 seconds)
Test case 'BesigueGameEngineTests.testTurnOrderConsistency()' failed on 'Clone 2 of iPhone 16 - M4-Besigue (2104)' (0.000 seconds)
